{"synthetic": false,
 "outputs":
 {"o": ["9451248911068868879"],
  "i": "7661342217368726383",
  "c": "8230831780382977740"},
 "log":
 [{"message":
   ".> LEAN_PATH=/home/Jamie/HC4/lean/HC4_Lean_Canonical_Phase75_2/.lake/packages/Cli/.lake/build/lib/lean:/home/Jamie/HC4/lean/HC4_Lean_Canonical_Phase75_2/.lake/packages/batteries/.lake/build/lib/lean:/home/Jamie/HC4/lean/HC4_Lean_Canonical_Phase75_2/.lake/packages/Qq/.lake/build/lib/lean:/home/Jamie/HC4/lean/HC4_Lean_Canonical_Phase75_2/.lake/packages/aesop/.lake/build/lib/lean:/home/Jamie/HC4/lean/HC4_Lean_Canonical_Phase75_2/.lake/packages/proofwidgets/.lake/build/lib/lean:/home/Jamie/HC4/lean/HC4_Lean_Canonical_Phase75_2/.lake/packages/importGraph/.lake/build/lib/lean:/home/Jamie/HC4/lean/HC4_Lean_Canonical_Phase75_2/.lake/packages/LeanSearchClient/.lake/build/lib/lean:/home/Jamie/HC4/lean/HC4_Lean_Canonical_Phase75_2/.lake/packages/plausible/.lake/build/lib/lean:/home/Jamie/HC4/lean/HC4_Lean_Canonical_Phase75_2/.lake/packages/mathlib/.lake/build/lib/lean:/home/Jamie/HC4/lean/HC4_Lean_Canonical_Phase75_2/.lake/build/lib/lean /home/Jamie/.elan/toolchains/leanprover--lean4---v4.24.0/bin/lean /home/Jamie/HC4/lean/HC4_Lean_Canonical_Phase75_2/HC4/MongeAmpere/MaximalInitial.lean -o /home/Jamie/HC4/lean/HC4_Lean_Canonical_Phase75_2/.lake/build/lib/lean/HC4/MongeAmpere/MaximalInitial.olean -i /home/Jamie/HC4/lean/HC4_Lean_Canonical_Phase75_2/.lake/build/lib/lean/HC4/MongeAmpere/MaximalInitial.ilean -c /home/Jamie/HC4/lean/HC4_Lean_Canonical_Phase75_2/.lake/build/ir/HC4/MongeAmpere/MaximalInitial.c --setup /home/Jamie/HC4/lean/HC4_Lean_Canonical_Phase75_2/.lake/build/ir/HC4/MongeAmpere/MaximalInitial.setup.json --json",
   "level": "trace"},
  {"message":
   "HC4/MongeAmpere/MaximalInitial.lean:26:0: automatically included section variable(s) unused in theorem `HC4.MongeAmpere.hasInitialHessianDeterminant_of_isWeightLE`:\n  [Nontrivial K]\nconsider restructuring your `variable` declarations so that the variables are not in scope or explicitly omit them:\n  omit [Nontrivial K] in theorem ...\n\nNote: This linter can be disabled with `set_option linter.unusedSectionVars false`",
   "level": "warning"},
  {"message":
   "HC4/MongeAmpere/MaximalInitial.lean:48:0: automatically included section variable(s) unused in theorem `HC4.MongeAmpere.maximal_initial_hessianDeterminant_eq_zero_of_zero`:\n  [Nontrivial K]\nconsider restructuring your `variable` declarations so that the variables are not in scope or explicitly omit them:\n  omit [Nontrivial K] in theorem ...\n\nNote: This linter can be disabled with `set_option linter.unusedSectionVars false`",
   "level": "warning"}],
 "inputs":
 [["HC4.MongeAmpere.MaximalInitial:deps",
   [["deps",
     [["HC4Lean/HC4:extraDep", [["@HC4Lean:extraDep", "1723"]]],
      ["imports",
       [["HC4.Polynomial.MaximalHessianInitial transitive imports (legacy)",
         "13120801365620675910"],
        ["HC4.Polynomial.MaximalHessianInitial:importAllArts",
         "10574831684634559700"],
        ["HC4.MongeAmpere.PolynomialInitial transitive imports (legacy)",
         "13457567690375430591"],
        ["HC4.MongeAmpere.PolynomialInitial:importAllArts",
         "14316759762635078098"],
        ["HC4.MongeAmpere.InitialFormBridge transitive imports (legacy)",
         "11277065804116226086"],
        ["HC4.MongeAmpere.InitialFormBridge:importAllArts",
         "6096133198722908324"]]]]],
    ["libs",
     [["import dynlibs", "1723"],
      ["package external libraries", "1723"],
      ["module dynlibs", "1723"],
      ["module plugins", "1723"]]]]],
  ["Lean 4.24.0, commit 797c613eb9b6d4ec95db23e3e00af9ac6657f24b",
   "1165570713881806064"],
  ["/home/Jamie/HC4/lean/HC4_Lean_Canonical_Phase75_2/HC4/MongeAmpere/MaximalInitial.lean",
   "5143935661218086969"],
  ["options", "1723"],
  ["Module.leanArgs: #[]", "1723"]],
 "depHash": "919202077332764586"}