{"synthetic": false,
 "outputs":
 {"o": ["12136807742676290016"],
  "i": "12266102729549704298",
  "c": "1710439652886774915"},
 "log":
 [{"message":
   ".> LEAN_PATH=/home/Jamie/HC4/lean/HC4_Lean_Canonical_Phase75_2/.lake/packages/Cli/.lake/build/lib/lean:/home/Jamie/HC4/lean/HC4_Lean_Canonical_Phase75_2/.lake/packages/batteries/.lake/build/lib/lean:/home/Jamie/HC4/lean/HC4_Lean_Canonical_Phase75_2/.lake/packages/Qq/.lake/build/lib/lean:/home/Jamie/HC4/lean/HC4_Lean_Canonical_Phase75_2/.lake/packages/aesop/.lake/build/lib/lean:/home/Jamie/HC4/lean/HC4_Lean_Canonical_Phase75_2/.lake/packages/proofwidgets/.lake/build/lib/lean:/home/Jamie/HC4/lean/HC4_Lean_Canonical_Phase75_2/.lake/packages/importGraph/.lake/build/lib/lean:/home/Jamie/HC4/lean/HC4_Lean_Canonical_Phase75_2/.lake/packages/LeanSearchClient/.lake/build/lib/lean:/home/Jamie/HC4/lean/HC4_Lean_Canonical_Phase75_2/.lake/packages/plausible/.lake/build/lib/lean:/home/Jamie/HC4/lean/HC4_Lean_Canonical_Phase75_2/.lake/packages/mathlib/.lake/build/lib/lean:/home/Jamie/HC4/lean/HC4_Lean_Canonical_Phase75_2/.lake/build/lib/lean /home/Jamie/.elan/toolchains/leanprover--lean4---v4.24.0/bin/lean /home/Jamie/HC4/lean/HC4_Lean_Canonical_Phase75_2/HC4/ClassifiedFamilies.lean -o /home/Jamie/HC4/lean/HC4_Lean_Canonical_Phase75_2/.lake/build/lib/lean/HC4/ClassifiedFamilies.olean -i /home/Jamie/HC4/lean/HC4_Lean_Canonical_Phase75_2/.lake/build/lib/lean/HC4/ClassifiedFamilies.ilean -c /home/Jamie/HC4/lean/HC4_Lean_Canonical_Phase75_2/.lake/build/ir/HC4/ClassifiedFamilies.c --setup /home/Jamie/HC4/lean/HC4_Lean_Canonical_Phase75_2/.lake/build/ir/HC4/ClassifiedFamilies.setup.json --json",
   "level": "trace"}],
 "inputs":
 [["HC4.ClassifiedFamilies:deps",
   [["deps",
     [["HC4Lean/HC4:extraDep", [["@HC4Lean:extraDep", "1723"]]],
      ["imports",
       [["HC4.ClassifiedFamilies.TriangularInverse transitive imports (legacy)",
         "7720979456661443851"],
        ["HC4.ClassifiedFamilies.TriangularInverse:importAllArts",
         "12894251470858414118"],
        ["HC4.ClassifiedFamilies.BranchConjugacy transitive imports (legacy)",
         "6643329959358080811"],
        ["HC4.ClassifiedFamilies.BranchConjugacy:importAllArts",
         "811162789807051651"],
        ["HC4.ClassifiedFamilies.ClassifiedEquiv transitive imports (legacy)",
         "9374651873368380912"],
        ["HC4.ClassifiedFamilies.ClassifiedEquiv:importAllArts",
         "362464373336568081"],
        ["HC4.ClassifiedFamilies.FacetAssembly transitive imports (legacy)",
         "8965667442518066002"],
        ["HC4.ClassifiedFamilies.FacetAssembly:importAllArts",
         "389660607742406664"],
        ["HC4.ClassifiedFamilies.PolynomialEndpoint transitive imports (legacy)",
         "4510651301408008267"],
        ["HC4.ClassifiedFamilies.PolynomialEndpoint:importAllArts",
         "5704158986753894259"]]]]],
    ["libs",
     [["import dynlibs", "1723"],
      ["package external libraries", "1723"],
      ["module dynlibs", "1723"],
      ["module plugins", "1723"]]]]],
  ["Lean 4.24.0, commit 797c613eb9b6d4ec95db23e3e00af9ac6657f24b",
   "1165570713881806064"],
  ["/home/Jamie/HC4/lean/HC4_Lean_Canonical_Phase75_2/HC4/ClassifiedFamilies.lean",
   "16391467014403740073"],
  ["options", "1723"],
  ["Module.leanArgs: #[]", "1723"]],
 "depHash": "13611224685536199591"}