{"synthetic": false,
 "outputs":
 {"o": ["15519689364812299902"],
  "i": "12300600368540632758",
  "c": "14067952593019930936"},
 "log":
 [{"message":
   ".> LEAN_PATH=/home/Jamie/HC4/lean/HC4_Lean_Canonical_Phase75_2/.lake/packages/Cli/.lake/build/lib/lean:/home/Jamie/HC4/lean/HC4_Lean_Canonical_Phase75_2/.lake/packages/batteries/.lake/build/lib/lean:/home/Jamie/HC4/lean/HC4_Lean_Canonical_Phase75_2/.lake/packages/Qq/.lake/build/lib/lean:/home/Jamie/HC4/lean/HC4_Lean_Canonical_Phase75_2/.lake/packages/aesop/.lake/build/lib/lean:/home/Jamie/HC4/lean/HC4_Lean_Canonical_Phase75_2/.lake/packages/proofwidgets/.lake/build/lib/lean:/home/Jamie/HC4/lean/HC4_Lean_Canonical_Phase75_2/.lake/packages/importGraph/.lake/build/lib/lean:/home/Jamie/HC4/lean/HC4_Lean_Canonical_Phase75_2/.lake/packages/LeanSearchClient/.lake/build/lib/lean:/home/Jamie/HC4/lean/HC4_Lean_Canonical_Phase75_2/.lake/packages/plausible/.lake/build/lib/lean:/home/Jamie/HC4/lean/HC4_Lean_Canonical_Phase75_2/.lake/packages/mathlib/.lake/build/lib/lean:/home/Jamie/HC4/lean/HC4_Lean_Canonical_Phase75_2/.lake/build/lib/lean /home/Jamie/.elan/toolchains/leanprover--lean4---v4.24.0/bin/lean /home/Jamie/HC4/lean/HC4_Lean_Canonical_Phase75_2/HC4/MongeAmpere.lean -o /home/Jamie/HC4/lean/HC4_Lean_Canonical_Phase75_2/.lake/build/lib/lean/HC4/MongeAmpere.olean -i /home/Jamie/HC4/lean/HC4_Lean_Canonical_Phase75_2/.lake/build/lib/lean/HC4/MongeAmpere.ilean -c /home/Jamie/HC4/lean/HC4_Lean_Canonical_Phase75_2/.lake/build/ir/HC4/MongeAmpere.c --setup /home/Jamie/HC4/lean/HC4_Lean_Canonical_Phase75_2/.lake/build/ir/HC4/MongeAmpere.setup.json --json",
   "level": "trace"}],
 "inputs":
 [["HC4.MongeAmpere:deps",
   [["deps",
     [["HC4Lean/HC4:extraDep", [["@HC4Lean:extraDep", "1723"]]],
      ["imports",
       [["HC4.MongeAmpere.SchurReduction transitive imports (legacy)",
         "15606871273263784001"],
        ["HC4.MongeAmpere.SchurReduction:importAllArts", "758705901706051364"],
        ["HC4.MongeAmpere.HyperbolicBase transitive imports (legacy)",
         "4892962536088851386"],
        ["HC4.MongeAmpere.HyperbolicBase:importAllArts", "2197137655380483981"],
        ["HC4.MongeAmpere.PolynomialInitial transitive imports (legacy)",
         "13457567690375430591"],
        ["HC4.MongeAmpere.PolynomialInitial:importAllArts",
         "14316759762635078098"],
        ["HC4.MongeAmpere.InitialFormBridge transitive imports (legacy)",
         "11277065804116226086"],
        ["HC4.MongeAmpere.InitialFormBridge:importAllArts",
         "6096133198722908324"],
        ["HC4.MongeAmpere.MaximalInitial transitive imports (legacy)",
         "14915056330777324055"],
        ["HC4.MongeAmpere.MaximalInitial:importAllArts",
         "13147981932998532503"],
        ["HC4.MongeAmpere.FirstContactMaximal transitive imports (legacy)",
         "2485058359325375487"],
        ["HC4.MongeAmpere.FirstContactMaximal:importAllArts",
         "11796663066709180764"]]]]],
    ["libs",
     [["import dynlibs", "1723"],
      ["package external libraries", "1723"],
      ["module dynlibs", "1723"],
      ["module plugins", "1723"]]]]],
  ["Lean 4.24.0, commit 797c613eb9b6d4ec95db23e3e00af9ac6657f24b",
   "1165570713881806064"],
  ["/home/Jamie/HC4/lean/HC4_Lean_Canonical_Phase75_2/HC4/MongeAmpere.lean",
   "3872214131952733377"],
  ["options", "1723"],
  ["Module.leanArgs: #[]", "1723"]],
 "depHash": "11924729777391830843"}