{"synthetic": false,
 "outputs":
 {"o": ["18176699256303262518"],
  "i": "12973374262249037154",
  "c": "10185203135461892893"},
 "log":
 [{"message":
   ".> LEAN_PATH=/home/Jamie/HC4/lean/HC4_Lean_Canonical_Phase75_2/.lake/packages/Cli/.lake/build/lib/lean:/home/Jamie/HC4/lean/HC4_Lean_Canonical_Phase75_2/.lake/packages/batteries/.lake/build/lib/lean:/home/Jamie/HC4/lean/HC4_Lean_Canonical_Phase75_2/.lake/packages/Qq/.lake/build/lib/lean:/home/Jamie/HC4/lean/HC4_Lean_Canonical_Phase75_2/.lake/packages/aesop/.lake/build/lib/lean:/home/Jamie/HC4/lean/HC4_Lean_Canonical_Phase75_2/.lake/packages/proofwidgets/.lake/build/lib/lean:/home/Jamie/HC4/lean/HC4_Lean_Canonical_Phase75_2/.lake/packages/importGraph/.lake/build/lib/lean:/home/Jamie/HC4/lean/HC4_Lean_Canonical_Phase75_2/.lake/packages/LeanSearchClient/.lake/build/lib/lean:/home/Jamie/HC4/lean/HC4_Lean_Canonical_Phase75_2/.lake/packages/plausible/.lake/build/lib/lean:/home/Jamie/HC4/lean/HC4_Lean_Canonical_Phase75_2/.lake/packages/mathlib/.lake/build/lib/lean:/home/Jamie/HC4/lean/HC4_Lean_Canonical_Phase75_2/.lake/build/lib/lean /home/Jamie/.elan/toolchains/leanprover--lean4---v4.24.0/bin/lean /home/Jamie/HC4/lean/HC4_Lean_Canonical_Phase75_2/HC4/Newton.lean -o /home/Jamie/HC4/lean/HC4_Lean_Canonical_Phase75_2/.lake/build/lib/lean/HC4/Newton.olean -i /home/Jamie/HC4/lean/HC4_Lean_Canonical_Phase75_2/.lake/build/lib/lean/HC4/Newton.ilean -c /home/Jamie/HC4/lean/HC4_Lean_Canonical_Phase75_2/.lake/build/ir/HC4/Newton.c --setup /home/Jamie/HC4/lean/HC4_Lean_Canonical_Phase75_2/.lake/build/ir/HC4/Newton.setup.json --json",
   "level": "trace"}],
 "inputs":
 [["HC4.Newton:deps",
   [["deps",
     [["HC4Lean/HC4:extraDep", [["@HC4Lean:extraDep", "1723"]]],
      ["imports",
       [["HC4.Newton.ExposedFaces transitive imports (legacy)",
         "7720979456661443851"],
        ["HC4.Newton.ExposedFaces:importAllArts", "17669351476404320210"],
        ["HC4.Newton.Equivariance transitive imports (legacy)",
         "4348778507889264096"],
        ["HC4.Newton.Equivariance:importAllArts", "5633244825985615999"],
        ["HC4.Newton.FirstContactArithmetic transitive imports (legacy)",
         "7720979456661443851"],
        ["HC4.Newton.FirstContactArithmetic:importAllArts",
         "120203274322902223"],
        ["HC4.Newton.ScaledContact transitive imports (legacy)",
         "16623743238375195229"],
        ["HC4.Newton.ScaledContact:importAllArts", "11639839633529209464"],
        ["HC4.Newton.BoundaryCycle transitive imports (legacy)",
         "15406293519730396955"],
        ["HC4.Newton.BoundaryCycle:importAllArts", "1136852465269628076"],
        ["HC4.Newton.FirstContactSelection transitive imports (legacy)",
         "3667977671564544133"],
        ["HC4.Newton.FirstContactSelection:importAllArts",
         "3524660452016003039"],
        ["HC4.Newton.FirstNonfacetContact transitive imports (legacy)",
         "5525625793586623987"],
        ["HC4.Newton.FirstNonfacetContact:importAllArts",
         "15049426343892726188"],
        ["HC4.Newton.InteriorVertex transitive imports (legacy)",
         "2888511031144689099"],
        ["HC4.Newton.InteriorVertex:importAllArts", "13880953370897834533"],
        ["HC4.Newton.FacetCycleClassification transitive imports (legacy)",
         "13760820136376526935"],
        ["HC4.Newton.FacetCycleClassification:importAllArts",
         "12949949279054056"],
        ["HC4.Newton.FourBoundaryCycle transitive imports (legacy)",
         "5959406743334614289"],
        ["HC4.Newton.FourBoundaryCycle:importAllArts", "16821188884222414760"],
        ["HC4.Newton.FirstNonfacetBoundary transitive imports (legacy)",
         "1228074277323797572"],
        ["HC4.Newton.FirstNonfacetBoundary:importAllArts",
         "8691517301041995683"],
        ["HC4.Newton.BoundaryStrata transitive imports (legacy)",
         "13760820136376526935"],
        ["HC4.Newton.BoundaryStrata:importAllArts", "15527505453257667997"],
        ["HC4.Newton.ComplementaryEdgeArithmetic transitive imports (legacy)",
         "7720979456661443851"],
        ["HC4.Newton.ComplementaryEdgeArithmetic:importAllArts",
         "6421438404664210463"],
        ["HC4.Newton.RestartClassification transitive imports (legacy)",
         "17500194645624721381"],
        ["HC4.Newton.RestartClassification:importAllArts",
         "10602074650820699757"],
        ["HC4.Newton.GlobalRestartClassification transitive imports (legacy)",
         "17381736141427401059"],
        ["HC4.Newton.GlobalRestartClassification:importAllArts",
         "7393144494472375664"]]]]],
    ["libs",
     [["import dynlibs", "1723"],
      ["package external libraries", "1723"],
      ["module dynlibs", "1723"],
      ["module plugins", "1723"]]]]],
  ["Lean 4.24.0, commit 797c613eb9b6d4ec95db23e3e00af9ac6657f24b",
   "1165570713881806064"],
  ["/home/Jamie/HC4/lean/HC4_Lean_Canonical_Phase75_2/HC4/Newton.lean",
   "15215365873381973288"],
  ["options", "1723"],
  ["Module.leanArgs: #[]", "1723"]],
 "depHash": "4426133727577820567"}