{"synthetic": false,
 "outputs":
 {"o": ["4190431075514416266"],
  "i": "17128624223084432985",
  "c": "10753644616132638382"},
 "log":
 [{"message":
   ".> LEAN_PATH=/home/Jamie/HC4/lean/HC4_Lean_Canonical_Phase75_2/.lake/packages/Cli/.lake/build/lib/lean:/home/Jamie/HC4/lean/HC4_Lean_Canonical_Phase75_2/.lake/packages/batteries/.lake/build/lib/lean:/home/Jamie/HC4/lean/HC4_Lean_Canonical_Phase75_2/.lake/packages/Qq/.lake/build/lib/lean:/home/Jamie/HC4/lean/HC4_Lean_Canonical_Phase75_2/.lake/packages/aesop/.lake/build/lib/lean:/home/Jamie/HC4/lean/HC4_Lean_Canonical_Phase75_2/.lake/packages/proofwidgets/.lake/build/lib/lean:/home/Jamie/HC4/lean/HC4_Lean_Canonical_Phase75_2/.lake/packages/importGraph/.lake/build/lib/lean:/home/Jamie/HC4/lean/HC4_Lean_Canonical_Phase75_2/.lake/packages/LeanSearchClient/.lake/build/lib/lean:/home/Jamie/HC4/lean/HC4_Lean_Canonical_Phase75_2/.lake/packages/plausible/.lake/build/lib/lean:/home/Jamie/HC4/lean/HC4_Lean_Canonical_Phase75_2/.lake/packages/mathlib/.lake/build/lib/lean:/home/Jamie/HC4/lean/HC4_Lean_Canonical_Phase75_2/.lake/build/lib/lean /home/Jamie/.elan/toolchains/leanprover--lean4---v4.24.0/bin/lean /home/Jamie/HC4/lean/HC4_Lean_Canonical_Phase75_2/HC4/Polynomial.lean -o /home/Jamie/HC4/lean/HC4_Lean_Canonical_Phase75_2/.lake/build/lib/lean/HC4/Polynomial.olean -i /home/Jamie/HC4/lean/HC4_Lean_Canonical_Phase75_2/.lake/build/lib/lean/HC4/Polynomial.ilean -c /home/Jamie/HC4/lean/HC4_Lean_Canonical_Phase75_2/.lake/build/ir/HC4/Polynomial.c --setup /home/Jamie/HC4/lean/HC4_Lean_Canonical_Phase75_2/.lake/build/ir/HC4/Polynomial.setup.json --json",
   "level": "trace"}],
 "inputs":
 [["HC4.Polynomial:deps",
   [["deps",
     [["HC4Lean/HC4:extraDep", [["@HC4Lean:extraDep", "1723"]]],
      ["imports",
       [["HC4.Polynomial.WeightedInitial transitive imports (legacy)",
         "5176034991858841388"],
        ["HC4.Polynomial.WeightedInitial:importAllArts",
         "11058155703224778174"],
        ["HC4.Polynomial.DerivativeWeight transitive imports (legacy)",
         "2836417979739371271"],
        ["HC4.Polynomial.DerivativeWeight:importAllArts",
         "13248637376476184297"],
        ["HC4.Polynomial.DeterminantWeight transitive imports (legacy)",
         "4352338145588796772"],
        ["HC4.Polynomial.DeterminantWeight:importAllArts",
         "8713584138718011789"],
        ["HC4.Polynomial.HessianDeterminant transitive imports (legacy)",
         "8700561780243562330"],
        ["HC4.Polynomial.HessianDeterminant:importAllArts",
         "10634262758765125259"],
        ["HC4.Polynomial.WeightBounds transitive imports (legacy)",
         "15658134110678881351"],
        ["HC4.Polynomial.WeightBounds:importAllArts", "7493208708261546691"],
        ["HC4.Polynomial.DerivativeBounds transitive imports (legacy)",
         "3807977142137300964"],
        ["HC4.Polynomial.DerivativeBounds:importAllArts",
         "6052885221486926518"],
        ["HC4.Polynomial.TopProduct transitive imports (legacy)",
         "11575654455085798475"],
        ["HC4.Polynomial.TopProduct:importAllArts", "10267194883425179289"],
        ["HC4.Polynomial.MaximalHessianInitial transitive imports (legacy)",
         "13120801365620675910"],
        ["HC4.Polynomial.MaximalHessianInitial:importAllArts",
         "10574831684634559700"],
        ["HC4.Polynomial.FourExponent transitive imports (legacy)",
         "14353932495945916502"],
        ["HC4.Polynomial.FourExponent:importAllArts", "9592262847557543114"],
        ["HC4.Polynomial.MonomialHessian transitive imports (legacy)",
         "4218146759712239771"],
        ["HC4.Polynomial.MonomialHessian:importAllArts",
         "15342126705306653592"],
        ["HC4.Polynomial.RankThreePencils transitive imports (legacy)",
         "12656001339224399760"],
        ["HC4.Polynomial.RankThreePencils:importAllArts",
         "11217952002591120082"],
        ["HC4.Polynomial.RankThreeLinearCoefficient transitive imports (legacy)",
         "6427812394796556780"],
        ["HC4.Polynomial.RankThreeLinearCoefficient:importAllArts",
         "6627923754748833343"],
        ["HC4.Polynomial.AutonomousODEReconstruction transitive imports (legacy)",
         "8517892255277380568"],
        ["HC4.Polynomial.AutonomousODEReconstruction:importAllArts",
         "8234601632957582932"],
        ["HC4.Polynomial.RankThreeLogHessian transitive imports (legacy)",
         "10173154778057605506"],
        ["HC4.Polynomial.RankThreeLogHessian:importAllArts",
         "2251167978665025663"],
        ["HC4.Polynomial.ComplementaryLogHessian transitive imports (legacy)",
         "6427812394796556780"],
        ["HC4.Polynomial.ComplementaryLogHessian:importAllArts",
         "1478804223152829045"],
        ["HC4.Polynomial.LogarithmicInitialSlope transitive imports (legacy)",
         "3069395670046641160"],
        ["HC4.Polynomial.LogarithmicInitialSlope:importAllArts",
         "5363145817083454510"],
        ["HC4.Polynomial.ComplementaryEdgeAssembly transitive imports (legacy)",
         "11579943383170779780"],
        ["HC4.Polynomial.ComplementaryEdgeAssembly:importAllArts",
         "468920654590803661"],
        ["HC4.Polynomial.ComplementaryFractionBridge transitive imports (legacy)",
         "13597412552910662070"],
        ["HC4.Polynomial.ComplementaryFractionBridge:importAllArts",
         "2547545125987244727"],
        ["HC4.Polynomial.LogHessianMoments transitive imports (legacy)",
         "12105749254378756280"],
        ["HC4.Polynomial.LogHessianMoments:importAllArts",
         "17171147647425420629"],
        ["HC4.Polynomial.ComplementaryMvSubstitution transitive imports (legacy)",
         "18084071225076482750"],
        ["HC4.Polynomial.ComplementaryMvSubstitution:importAllArts",
         "10345600718054218523"],
        ["HC4.Polynomial.ComplementaryMvMomentRealisation transitive imports (legacy)",
         "14162499714204729454"],
        ["HC4.Polynomial.ComplementaryMvMomentRealisation:importAllArts",
         "1993040371749924987"],
        ["HC4.Polynomial.ComplementaryEdgeRigidity transitive imports (legacy)",
         "15223841280529069847"],
        ["HC4.Polynomial.ComplementaryEdgeRigidity:importAllArts",
         "15453275088351091453"],
        ["HC4.Polynomial.AutonomousODEQuadraticRigidity transitive imports (legacy)",
         "18151051430886925687"],
        ["HC4.Polynomial.AutonomousODEQuadraticRigidity:importAllArts",
         "8174759199749953907"],
        ["HC4.Polynomial.AutonomousODEPoleOrder transitive imports (legacy)",
         "13719891107335539437"],
        ["HC4.Polynomial.AutonomousODEPoleOrder:importAllArts",
         "17637482922838243274"],
        ["HC4.Polynomial.AutonomousODEPolynomialDegree transitive imports (legacy)",
         "15495154759153483514"],
        ["HC4.Polynomial.AutonomousODEPolynomialDegree:importAllArts",
         "14696706746292494091"],
        ["HC4.Polynomial.AutonomousODETranslation transitive imports (legacy)",
         "16658068686599522995"],
        ["HC4.Polynomial.AutonomousODETranslation:importAllArts",
         "7240532834500693471"],
        ["HC4.Polynomial.RankThreeFractionBridge transitive imports (legacy)",
         "7629667368989826277"],
        ["HC4.Polynomial.RankThreeFractionBridge:importAllArts",
         "4772505795054339661"]]]]],
    ["libs",
     [["import dynlibs", "1723"],
      ["package external libraries", "1723"],
      ["module dynlibs", "1723"],
      ["module plugins", "1723"]]]]],
  ["Lean 4.24.0, commit 797c613eb9b6d4ec95db23e3e00af9ac6657f24b",
   "1165570713881806064"],
  ["/home/Jamie/HC4/lean/HC4_Lean_Canonical_Phase75_2/HC4/Polynomial.lean",
   "14540224184042878999"],
  ["options", "1723"],
  ["Module.leanArgs: #[]", "1723"]],
 "depHash": "1581127308538529886"}