{"synthetic": false,
 "outputs":
 {"o": ["9054873456442839372"],
  "i": "11206930289356888384",
  "c": "11464779552375028852"},
 "log":
 [{"message":
   ".> LEAN_PATH=/home/Jamie/HC4/lean/HC4_Lean_Canonical_Phase75_2/.lake/packages/Cli/.lake/build/lib/lean:/home/Jamie/HC4/lean/HC4_Lean_Canonical_Phase75_2/.lake/packages/batteries/.lake/build/lib/lean:/home/Jamie/HC4/lean/HC4_Lean_Canonical_Phase75_2/.lake/packages/Qq/.lake/build/lib/lean:/home/Jamie/HC4/lean/HC4_Lean_Canonical_Phase75_2/.lake/packages/aesop/.lake/build/lib/lean:/home/Jamie/HC4/lean/HC4_Lean_Canonical_Phase75_2/.lake/packages/proofwidgets/.lake/build/lib/lean:/home/Jamie/HC4/lean/HC4_Lean_Canonical_Phase75_2/.lake/packages/importGraph/.lake/build/lib/lean:/home/Jamie/HC4/lean/HC4_Lean_Canonical_Phase75_2/.lake/packages/LeanSearchClient/.lake/build/lib/lean:/home/Jamie/HC4/lean/HC4_Lean_Canonical_Phase75_2/.lake/packages/plausible/.lake/build/lib/lean:/home/Jamie/HC4/lean/HC4_Lean_Canonical_Phase75_2/.lake/packages/mathlib/.lake/build/lib/lean:/home/Jamie/HC4/lean/HC4_Lean_Canonical_Phase75_2/.lake/build/lib/lean /home/Jamie/.elan/toolchains/leanprover--lean4---v4.24.0/bin/lean /home/Jamie/HC4/lean/HC4_Lean_Canonical_Phase75_2/HC4/RationalRigidity.lean -o /home/Jamie/HC4/lean/HC4_Lean_Canonical_Phase75_2/.lake/build/lib/lean/HC4/RationalRigidity.olean -i /home/Jamie/HC4/lean/HC4_Lean_Canonical_Phase75_2/.lake/build/lib/lean/HC4/RationalRigidity.ilean -c /home/Jamie/HC4/lean/HC4_Lean_Canonical_Phase75_2/.lake/build/ir/HC4/RationalRigidity.c --setup /home/Jamie/HC4/lean/HC4_Lean_Canonical_Phase75_2/.lake/build/ir/HC4/RationalRigidity.setup.json --json",
   "level": "trace"}],
 "inputs":
 [["HC4.RationalRigidity:deps",
   [["deps",
     [["HC4Lean/HC4:extraDep", [["@HC4Lean:extraDep", "1723"]]],
      ["imports",
       [["HC4.RationalRigidity.DenominatorClearing transitive imports (legacy)",
         "7720979456661443851"],
        ["HC4.RationalRigidity.DenominatorClearing:importAllArts",
         "7233859348520760916"],
        ["HC4.RationalRigidity.Assembly transitive imports (legacy)",
         "5917460676817739189"],
        ["HC4.RationalRigidity.Assembly:importAllArts", "13742510472559245329"],
        ["HC4.RationalRigidity.PoleRemovalAssembly transitive imports (legacy)",
         "7464076905077764910"],
        ["HC4.RationalRigidity.PoleRemovalAssembly:importAllArts",
         "14389917923707291821"],
        ["HC4.RationalRigidity.ReducedFractionAssembly transitive imports (legacy)",
         "7464076905077764910"],
        ["HC4.RationalRigidity.ReducedFractionAssembly:importAllArts",
         "8646362530020857808"],
        ["HC4.RationalRigidity.ChartCertificates transitive imports (legacy)",
         "3086118818035650992"],
        ["HC4.RationalRigidity.ChartCertificates:importAllArts",
         "9573381134095968540"],
        ["HC4.RationalRigidity.FinitePreimage transitive imports (legacy)",
         "12502142091147051647"],
        ["HC4.RationalRigidity.FinitePreimage:importAllArts",
         "17800669218006279550"],
        ["HC4.RationalRigidity.AutonomousDenominatorRemoval transitive imports (legacy)",
         "9007969026003384811"],
        ["HC4.RationalRigidity.AutonomousDenominatorRemoval:importAllArts",
         "14654864112600791471"],
        ["HC4.RationalRigidity.CanonicalReducedFraction transitive imports (legacy)",
         "9433436001356939668"],
        ["HC4.RationalRigidity.CanonicalReducedFraction:importAllArts",
         "14404241868788158464"],
        ["HC4.RationalRigidity.LogarithmicSourceRegularity transitive imports (legacy)",
         "240325238238024956"],
        ["HC4.RationalRigidity.LogarithmicSourceRegularity:importAllArts",
         "5395006234440812810"],
        ["HC4.RationalRigidity.RegularRatFuncEvaluation transitive imports (legacy)",
         "755845236398799869"],
        ["HC4.RationalRigidity.RegularRatFuncEvaluation:importAllArts",
         "10283222908392211262"],
        ["HC4.RationalRigidity.AutonomousRatFuncAssembly transitive imports (legacy)",
         "12649001311763704293"],
        ["HC4.RationalRigidity.AutonomousRatFuncAssembly:importAllArts",
         "14295019230263987279"],
        ["HC4.RationalRigidity.LogarithmicSourceRatFunc transitive imports (legacy)",
         "7308052734006562062"],
        ["HC4.RationalRigidity.LogarithmicSourceRatFunc:importAllArts",
         "802977990064936663"],
        ["HC4.RationalRigidity.RankThreeReducedTarget transitive imports (legacy)",
         "5350467351157161667"],
        ["HC4.RationalRigidity.RankThreeReducedTarget:importAllArts",
         "5573938870056012603"],
        ["HC4.RationalRigidity.LogarithmicInfinityCertificate transitive imports (legacy)",
         "8044649766470089545"],
        ["HC4.RationalRigidity.LogarithmicInfinityCertificate:importAllArts",
         "17440944499405210807"],
        ["HC4.RationalRigidity.ClearedInfinityEvaluation transitive imports (legacy)",
         "16961214558397872554"],
        ["HC4.RationalRigidity.ClearedInfinityEvaluation:importAllArts",
         "9210959386771620606"],
        ["HC4.RationalRigidity.RankThreeInfinityAssembly transitive imports (legacy)",
         "2275691425770075137"],
        ["HC4.RationalRigidity.RankThreeInfinityAssembly:importAllArts",
         "10287441563386674119"]]]]],
    ["libs",
     [["import dynlibs", "1723"],
      ["package external libraries", "1723"],
      ["module dynlibs", "1723"],
      ["module plugins", "1723"]]]]],
  ["Lean 4.24.0, commit 797c613eb9b6d4ec95db23e3e00af9ac6657f24b",
   "1165570713881806064"],
  ["/home/Jamie/HC4/lean/HC4_Lean_Canonical_Phase75_2/HC4/RationalRigidity.lean",
   "11475524135122579566"],
  ["options", "1723"],
  ["Module.leanArgs: #[]", "1723"]],
 "depHash": "14467955674660893329"}