{"synthetic": false,
 "outputs":
 {"o": ["13491038804938013616"],
  "i": "2537435762957629660",
  "c": "13731670581670846872"},
 "log":
 [{"message":
   ".> LEAN_PATH=/home/Jamie/HC4/lean/HC4_Lean_Canonical_Phase75_2/.lake/packages/Cli/.lake/build/lib/lean:/home/Jamie/HC4/lean/HC4_Lean_Canonical_Phase75_2/.lake/packages/batteries/.lake/build/lib/lean:/home/Jamie/HC4/lean/HC4_Lean_Canonical_Phase75_2/.lake/packages/Qq/.lake/build/lib/lean:/home/Jamie/HC4/lean/HC4_Lean_Canonical_Phase75_2/.lake/packages/aesop/.lake/build/lib/lean:/home/Jamie/HC4/lean/HC4_Lean_Canonical_Phase75_2/.lake/packages/proofwidgets/.lake/build/lib/lean:/home/Jamie/HC4/lean/HC4_Lean_Canonical_Phase75_2/.lake/packages/importGraph/.lake/build/lib/lean:/home/Jamie/HC4/lean/HC4_Lean_Canonical_Phase75_2/.lake/packages/LeanSearchClient/.lake/build/lib/lean:/home/Jamie/HC4/lean/HC4_Lean_Canonical_Phase75_2/.lake/packages/plausible/.lake/build/lib/lean:/home/Jamie/HC4/lean/HC4_Lean_Canonical_Phase75_2/.lake/packages/mathlib/.lake/build/lib/lean:/home/Jamie/HC4/lean/HC4_Lean_Canonical_Phase75_2/.lake/build/lib/lean /home/Jamie/.elan/toolchains/leanprover--lean4---v4.24.0/bin/lean /home/Jamie/HC4/lean/HC4_Lean_Canonical_Phase75_2/HC4/Toric.lean -o /home/Jamie/HC4/lean/HC4_Lean_Canonical_Phase75_2/.lake/build/lib/lean/HC4/Toric.olean -i /home/Jamie/HC4/lean/HC4_Lean_Canonical_Phase75_2/.lake/build/lib/lean/HC4/Toric.ilean -c /home/Jamie/HC4/lean/HC4_Lean_Canonical_Phase75_2/.lake/build/ir/HC4/Toric.c --setup /home/Jamie/HC4/lean/HC4_Lean_Canonical_Phase75_2/.lake/build/ir/HC4/Toric.setup.json --json",
   "level": "trace"}],
 "inputs":
 [["HC4.Toric:deps",
   [["deps",
     [["HC4Lean/HC4:extraDep", [["@HC4Lean:extraDep", "1723"]]],
      ["imports",
       [["HC4.Toric.InvariantSemigroup transitive imports (legacy)",
         "7720979456661443851"],
        ["HC4.Toric.InvariantSemigroup:importAllArts", "6789680523145129158"],
        ["HC4.Toric.BranchCharacter transitive imports (legacy)",
         "14268479374855553690"],
        ["HC4.Toric.BranchCharacter:importAllArts", "2180793631014508305"],
        ["HC4.Toric.CharacterSupport transitive imports (legacy)",
         "8005178090632345869"],
        ["HC4.Toric.CharacterSupport:importAllArts", "10625530142279845093"],
        ["HC4.Toric.SparseEigenSupport transitive imports (legacy)",
         "4877883703470796665"],
        ["HC4.Toric.SparseEigenSupport:importAllArts", "10141550550546360700"],
        ["HC4.Toric.SupportIntersection transitive imports (legacy)",
         "11829897133585238763"],
        ["HC4.Toric.SupportIntersection:importAllArts", "8745683500801104281"],
        ["HC4.Toric.BranchReversal transitive imports (legacy)",
         "3807778906096652333"],
        ["HC4.Toric.BranchReversal:importAllArts", "2332130250018150536"],
        ["HC4.Toric.BranchCoordinates transitive imports (legacy)",
         "2297255126526123340"],
        ["HC4.Toric.BranchCoordinates:importAllArts", "5218102185933737230"],
        ["HC4.Toric.SymmetricEigenSupport transitive imports (legacy)",
         "5868272085674315999"],
        ["HC4.Toric.SymmetricEigenSupport:importAllArts",
         "7586725475649623753"],
        ["HC4.Toric.Facets transitive imports (legacy)",
         "12732780657953307439"],
        ["HC4.Toric.Facets:importAllArts", "11606574380000998418"],
        ["HC4.Toric.ExceptionalGrading transitive imports (legacy)",
         "8005178090632345869"],
        ["HC4.Toric.ExceptionalGrading:importAllArts", "11625879389077915112"],
        ["HC4.Toric.CoefficientDescent transitive imports (legacy)",
         "11829897133585238763"],
        ["HC4.Toric.CoefficientDescent:importAllArts", "18069868518591156742"],
        ["HC4.Toric.ClassifiedSupport transitive imports (legacy)",
         "16085682152290565292"],
        ["HC4.Toric.ClassifiedSupport:importAllArts", "13468015612285245656"],
        ["HC4.Toric.ClassifiedDescent transitive imports (legacy)",
         "509126135911401814"],
        ["HC4.Toric.ClassifiedDescent:importAllArts", "4435255464214343918"],
        ["HC4.Toric.BoundaryGeometry transitive imports (legacy)",
         "16397214215513458322"],
        ["HC4.Toric.BoundaryGeometry:importAllArts", "2629277353776650478"],
        ["HC4.Toric.FourSidedCharacter transitive imports (legacy)",
         "10540866044562819514"],
        ["HC4.Toric.FourSidedCharacter:importAllArts",
         "5074188651221965210"]]]]],
    ["libs",
     [["import dynlibs", "1723"],
      ["package external libraries", "1723"],
      ["module dynlibs", "1723"],
      ["module plugins", "1723"]]]]],
  ["Lean 4.24.0, commit 797c613eb9b6d4ec95db23e3e00af9ac6657f24b",
   "1165570713881806064"],
  ["/home/Jamie/HC4/lean/HC4_Lean_Canonical_Phase75_2/HC4/Toric.lean",
   "11750614371675130157"],
  ["options", "1723"],
  ["Module.leanArgs: #[]", "1723"]],
 "depHash": "16270946155858594583"}