{"synthetic": false,
 "outputs":
 {"o": ["5631630357957824099"],
  "i": "2395140256327105619",
  "c": "11444275629837581556"},
 "log":
 [{"message":
   ".> LEAN_PATH=/home/Jamie/HC4/lean/HC4_Lean_Canonical_Phase75_4/.lake/packages/Cli/.lake/build/lib/lean:/home/Jamie/HC4/lean/HC4_Lean_Canonical_Phase75_4/.lake/packages/batteries/.lake/build/lib/lean:/home/Jamie/HC4/lean/HC4_Lean_Canonical_Phase75_4/.lake/packages/Qq/.lake/build/lib/lean:/home/Jamie/HC4/lean/HC4_Lean_Canonical_Phase75_4/.lake/packages/aesop/.lake/build/lib/lean:/home/Jamie/HC4/lean/HC4_Lean_Canonical_Phase75_4/.lake/packages/proofwidgets/.lake/build/lib/lean:/home/Jamie/HC4/lean/HC4_Lean_Canonical_Phase75_4/.lake/packages/importGraph/.lake/build/lib/lean:/home/Jamie/HC4/lean/HC4_Lean_Canonical_Phase75_4/.lake/packages/LeanSearchClient/.lake/build/lib/lean:/home/Jamie/HC4/lean/HC4_Lean_Canonical_Phase75_4/.lake/packages/plausible/.lake/build/lib/lean:/home/Jamie/HC4/lean/HC4_Lean_Canonical_Phase75_4/.lake/packages/mathlib/.lake/build/lib/lean:/home/Jamie/HC4/lean/HC4_Lean_Canonical_Phase75_4/.lake/build/lib/lean /home/Jamie/.elan/toolchains/leanprover--lean4---v4.24.0/bin/lean /home/Jamie/HC4/lean/HC4_Lean_Canonical_Phase75_4/HC4.lean -o /home/Jamie/HC4/lean/HC4_Lean_Canonical_Phase75_4/.lake/build/lib/lean/HC4.olean -i /home/Jamie/HC4/lean/HC4_Lean_Canonical_Phase75_4/.lake/build/lib/lean/HC4.ilean -c /home/Jamie/HC4/lean/HC4_Lean_Canonical_Phase75_4/.lake/build/ir/HC4.c --setup /home/Jamie/HC4/lean/HC4_Lean_Canonical_Phase75_4/.lake/build/ir/HC4.setup.json --json",
   "level": "trace"}],
 "inputs":
 [["HC4:deps",
   [["deps",
     [["HC4Lean/HC4:extraDep", [["@HC4Lean:extraDep", "1723"]]],
      ["imports",
       [["HC4.RationalRigidity transitive imports (legacy)",
         "11224550448792091045"],
        ["HC4.RationalRigidity:importAllArts", "376340244618642096"],
        ["HC4.Toric transitive imports (legacy)", "8766353035691556745"],
        ["HC4.Toric:importAllArts", "14282286773213300477"],
        ["HC4.ClassifiedFamilies transitive imports (legacy)",
         "6826474843879046576"],
        ["HC4.ClassifiedFamilies:importAllArts", "6177043779678099266"],
        ["HC4.QuasiTranslation transitive imports (legacy)",
         "3343392242982071158"],
        ["HC4.QuasiTranslation:importAllArts", "9293998877156172265"],
        ["HC4.Newton transitive imports (legacy)", "8208562782413506646"],
        ["HC4.Newton:importAllArts", "2131289039649156663"],
        ["HC4.Valuation.LinearCovariance transitive imports (legacy)",
         "6523693822617101234"],
        ["HC4.Valuation.LinearCovariance:importAllArts", "3317176427308628741"],
        ["HC4.Valuation.KernelBlowupCertificate transitive imports (legacy)",
         "17967567547847331490"],
        ["HC4.Valuation.KernelBlowupCertificate:importAllArts",
         "13423148250119679538"],
        ["HC4.Valuation.PolynomialFamilyKernelRestart transitive imports (legacy)",
         "15066657610408521239"],
        ["HC4.Valuation.PolynomialFamilyKernelRestart:importAllArts",
         "4939645855747871106"],
        ["HC4.Valuation.IntegralKernelBlowup transitive imports (legacy)",
         "6274605678693903525"],
        ["HC4.Valuation.IntegralKernelBlowup:importAllArts",
         "6784961529495816977"],
        ["HC4.Valuation.ConcreteIntegralKernelRestart transitive imports (legacy)",
         "14875221645616131979"],
        ["HC4.Valuation.ConcreteIntegralKernelRestart:importAllArts",
         "4588861058555977420"],
        ["HC4.Valuation.KernelInflationHessianDefect transitive imports (legacy)",
         "2759214084743510070"],
        ["HC4.Valuation.KernelInflationHessianDefect:importAllArts",
         "12452112355294221523"],
        ["HC4.Valuation.ExactKernelDefectDrop transitive imports (legacy)",
         "297114452884100818"],
        ["HC4.Valuation.ExactKernelDefectDrop:importAllArts",
         "17631103491307246540"],
        ["HC4.Valuation.IntegralKernelSlopeExtraction transitive imports (legacy)",
         "962930653883220357"],
        ["HC4.Valuation.IntegralKernelSlopeExtraction:importAllArts",
         "7156121079247175774"],
        ["HC4.Valuation.SmithConformalCovariance transitive imports (legacy)",
         "7063655606515204622"],
        ["HC4.Valuation.SmithConformalCovariance:importAllArts",
         "2548501728909584682"],
        ["HC4.Valuation.ParameterRamification transitive imports (legacy)",
         "9574236262209486469"],
        ["HC4.Valuation.ParameterRamification:importAllArts",
         "1779272858461416741"],
        ["HC4.Valuation.CommonParameterFactorRestart transitive imports (legacy)",
         "11822066297094844270"],
        ["HC4.Valuation.CommonParameterFactorRestart:importAllArts",
         "5933809882060256886"],
        ["HC4.Newton.SymmetricSmithMinimality transitive imports (legacy)",
         "9201605708249178545"],
        ["HC4.Newton.SymmetricSmithMinimality:importAllArts",
         "2474375805129467916"],
        ["HC4.Valuation.SymmetricSmithImprovementRestart transitive imports (legacy)",
         "17178207130306844092"],
        ["HC4.Valuation.SymmetricSmithImprovementRestart:importAllArts",
         "12197472459005912090"],
        ["HC4.Valuation.BinarySmithOrderExtraction transitive imports (legacy)",
         "3231861867204595360"],
        ["HC4.Valuation.BinarySmithOrderExtraction:importAllArts",
         "13144423657414729816"],
        ["HC4.Valuation.ZeroSlopeSmithDispatcher transitive imports (legacy)",
         "8590571112353826966"],
        ["HC4.Valuation.ZeroSlopeSmithDispatcher:importAllArts",
         "4186332258450325610"],
        ["HC4.Valuation.AlignedSmithWallArithmetic transitive imports (legacy)",
         "15825771844789430509"],
        ["HC4.Valuation.AlignedSmithWallArithmetic:importAllArts",
         "4770635203345241368"],
        ["HC4.Valuation.AlignedSmithFirstStop transitive imports (legacy)",
         "11314740169370598366"],
        ["HC4.Valuation.AlignedSmithFirstStop:importAllArts",
         "4975467725894761719"],
        ["HC4.Valuation.AlignedSmithEndpoint transitive imports (legacy)",
         "4990918974035090970"],
        ["HC4.Valuation.AlignedSmithEndpoint:importAllArts",
         "943641831903845276"],
        ["HC4.Valuation.PrimitiveSmithEndpoint transitive imports (legacy)",
         "1214329060709061750"],
        ["HC4.Valuation.PrimitiveSmithEndpoint:importAllArts",
         "10959379975673109541"],
        ["HC4.Valuation.SeparatedSmithBoundaryClosure transitive imports (legacy)",
         "5278354608441115699"],
        ["HC4.Valuation.SeparatedSmithBoundaryClosure:importAllArts",
         "7789618651093875151"],
        ["HC4.Valuation.CoupledSmithWallClosure transitive imports (legacy)",
         "18048641610499489449"],
        ["HC4.Valuation.CoupledSmithWallClosure:importAllArts",
         "17997991486144043318"],
        ["HC4.Valuation.GeometricAssemblyEntry transitive imports (legacy)",
         "2311705937591236770"],
        ["HC4.Valuation.GeometricAssemblyEntry:importAllArts",
         "1932616635174702697"],
        ["HC4.Valuation.PointedShearContinuation transitive imports (legacy)",
         "11198617097122401596"],
        ["HC4.Valuation.PointedShearContinuation:importAllArts",
         "6052447382778070681"],
        ["HC4.Valuation.SeparatedRightWallScaleDescent transitive imports (legacy)",
         "13527932577522473227"],
        ["HC4.Valuation.SeparatedRightWallScaleDescent:importAllArts",
         "15559460172898119944"],
        ["HC4.Valuation.FinalRestartAssembly transitive imports (legacy)",
         "18312541030730390862"],
        ["HC4.Valuation.FinalRestartAssembly:importAllArts",
         "17857366903868327477"],
        ["HC4.Valuation.LosslessSmithFrontier transitive imports (legacy)",
         "10237678821737176605"],
        ["HC4.Valuation.LosslessSmithFrontier:importAllArts",
         "2387979467969363700"],
        ["HC4.Valuation.DefectRetainingDepartureFrontier transitive imports (legacy)",
         "16267386377400134801"],
        ["HC4.Valuation.DefectRetainingDepartureFrontier:importAllArts",
         "17207882539221723459"],
        ["HC4.Valuation.ActualParameterLayer transitive imports (legacy)",
         "18352295376742012459"],
        ["HC4.Valuation.ActualParameterLayer:importAllArts",
         "17490220273340642501"],
        ["HC4.Valuation.FirstSchurDepartureBridge transitive imports (legacy)",
         "5499731382489272030"],
        ["HC4.Valuation.FirstSchurDepartureBridge:importAllArts",
         "12253925501031088570"],
        ["HC4.Valuation.CanonicalSmithReesSpecialFiber transitive imports (legacy)",
         "15986971944831846249"],
        ["HC4.Valuation.CanonicalSmithReesSpecialFiber:importAllArts",
         "14310617224581708329"],
        ["HC4.Valuation.CanonicalSmithDefectExposure transitive imports (legacy)",
         "16902642959472892471"],
        ["HC4.Valuation.CanonicalSmithDefectExposure:importAllArts",
         "14295487187187877446"],
        ["HC4.Valuation.CanonicalSmithDefectExposureCollision transitive imports (legacy)",
         "17755317071227525484"],
        ["HC4.Valuation.CanonicalSmithDefectExposureCollision:importAllArts",
         "17690199305584144518"],
        ["HC4.Valuation.SmithFrontierFourBlockExtraction transitive imports (legacy)",
         "9838448950069251666"],
        ["HC4.Valuation.SmithFrontierFourBlockExtraction:importAllArts",
         "10710612864190616195"],
        ["HC4.Newton.ZeroSchurFirstEntryClock transitive imports (legacy)",
         "1700064771333331647"],
        ["HC4.Newton.ZeroSchurFirstEntryClock:importAllArts",
         "4088482056733367863"],
        ["HC4.Newton.RigidPacketEvaluatedHessianChart transitive imports (legacy)",
         "12018415328803243700"],
        ["HC4.Newton.RigidPacketEvaluatedHessianChart:importAllArts",
         "247750298912870566"],
        ["HC4.Valuation.RigidPacketZeroSchurBridge transitive imports (legacy)",
         "3707802339477457365"],
        ["HC4.Valuation.RigidPacketZeroSchurBridge:importAllArts",
         "3719509610305349628"],
        ["HC4.Valuation.RigidClosingExactCollisionSource transitive imports (legacy)",
         "8248703433882351325"],
        ["HC4.Valuation.RigidClosingExactCollisionSource:importAllArts",
         "12779441303417107269"],
        ["HC4.Valuation.MovingCollisionRecentering transitive imports (legacy)",
         "15085111742043889239"],
        ["HC4.Valuation.MovingCollisionRecentering:importAllArts",
         "4117868163650216230"],
        ["HC4.Valuation.RigidClosingRecenteredSource transitive imports (legacy)",
         "11384903562212567699"],
        ["HC4.Valuation.RigidClosingRecenteredSource:importAllArts",
         "7844921483576376132"],
        ["HC4.Valuation.RigidClosingFirstKernelStage transitive imports (legacy)",
         "16327760535417118831"],
        ["HC4.Valuation.RigidClosingFirstKernelStage:importAllArts",
         "13492594215245143731"],
        ["HC4.Valuation.RigidClosingFirstKernelAssembly transitive imports (legacy)",
         "123838401840700427"],
        ["HC4.Valuation.RigidClosingFirstKernelAssembly:importAllArts",
         "2122434665305622667"],
        ["HC4.Valuation.RigidClosingRecenteredSchurClock transitive imports (legacy)",
         "11519834739149973744"],
        ["HC4.Valuation.RigidClosingRecenteredSchurClock:importAllArts",
         "7003312787978134387"],
        ["HC4.Valuation.RigidClosingRecenteredFirstKernelAssembly transitive imports (legacy)",
         "16056135389419847602"],
        ["HC4.Valuation.RigidClosingRecenteredFirstKernelAssembly:importAllArts",
         "573394608013618322"],
        ["HC4.Valuation.RigidClosingResidualOrientation transitive imports (legacy)",
         "15843129899758418887"],
        ["HC4.Valuation.RigidClosingResidualOrientation:importAllArts",
         "11149225780414097128"],
        ["HC4.Valuation.RigidClosingZeroSlopeElimination transitive imports (legacy)",
         "2671261043081268611"],
        ["HC4.Valuation.RigidClosingZeroSlopeElimination:importAllArts",
         "5455772761323246504"],
        ["HC4.Newton.TerminalAssociatedGradedEndpoint transitive imports (legacy)",
         "11284541503379220246"],
        ["HC4.Newton.TerminalAssociatedGradedEndpoint:importAllArts",
         "701820927964036407"],
        ["HC4.Valuation.RigidClosingTerminalInterface transitive imports (legacy)",
         "103407286421140405"],
        ["HC4.Valuation.RigidClosingTerminalInterface:importAllArts",
         "10809572753488339543"],
        ["HC4.LinearAlgebra transitive imports (legacy)",
         "9667518244029593131"],
        ["HC4.LinearAlgebra:importAllArts", "10820126268298188189"],
        ["HC4.MongeAmpere transitive imports (legacy)", "14802275976291134722"],
        ["HC4.MongeAmpere:importAllArts", "2895345590339223197"],
        ["HC4.Polynomial transitive imports (legacy)", "4784907961843555261"],
        ["HC4.Polynomial:importAllArts", "16804971371815877779"],
        ["HC4.FacetRigidity transitive imports (legacy)",
         "12115968537183392946"],
        ["HC4.FacetRigidity:importAllArts", "1501618454657144415"],
        ["HC4.MainAssembly transitive imports (legacy)",
         "15326971073318529978"],
        ["HC4.MainAssembly:importAllArts", "7561994624593831530"]]]]],
    ["libs",
     [["import dynlibs", "1723"],
      ["package external libraries", "1723"],
      ["module dynlibs", "1723"],
      ["module plugins", "1723"]]]]],
  ["Lean 4.24.0, commit 797c613eb9b6d4ec95db23e3e00af9ac6657f24b",
   "1165570713881806064"],
  ["/home/Jamie/HC4/lean/HC4_Lean_Canonical_Phase75_4/HC4.lean",
   "13820012831407737477"],
  ["options", "1723"],
  ["Module.leanArgs: #[]", "1723"]],
 "depHash": "13922819972029900428"}