{"synthetic": false,
 "outputs":
 {"o": ["4158434773440644351"],
  "i": "7625205893908679996",
  "c": "11927180910175332941"},
 "log":
 [{"message":
   ".> LEAN_PATH=/home/Jamie/HC4/lean/HC4_Lean_Canonical_Phase75_4/.lake/packages/Cli/.lake/build/lib/lean:/home/Jamie/HC4/lean/HC4_Lean_Canonical_Phase75_4/.lake/packages/batteries/.lake/build/lib/lean:/home/Jamie/HC4/lean/HC4_Lean_Canonical_Phase75_4/.lake/packages/Qq/.lake/build/lib/lean:/home/Jamie/HC4/lean/HC4_Lean_Canonical_Phase75_4/.lake/packages/aesop/.lake/build/lib/lean:/home/Jamie/HC4/lean/HC4_Lean_Canonical_Phase75_4/.lake/packages/proofwidgets/.lake/build/lib/lean:/home/Jamie/HC4/lean/HC4_Lean_Canonical_Phase75_4/.lake/packages/importGraph/.lake/build/lib/lean:/home/Jamie/HC4/lean/HC4_Lean_Canonical_Phase75_4/.lake/packages/LeanSearchClient/.lake/build/lib/lean:/home/Jamie/HC4/lean/HC4_Lean_Canonical_Phase75_4/.lake/packages/plausible/.lake/build/lib/lean:/home/Jamie/HC4/lean/HC4_Lean_Canonical_Phase75_4/.lake/packages/mathlib/.lake/build/lib/lean:/home/Jamie/HC4/lean/HC4_Lean_Canonical_Phase75_4/.lake/build/lib/lean /home/Jamie/.elan/toolchains/leanprover--lean4---v4.24.0/bin/lean /home/Jamie/HC4/lean/HC4_Lean_Canonical_Phase75_4/HC4/Valuation/AdaptiveRigidMatrixExposure.lean -o /home/Jamie/HC4/lean/HC4_Lean_Canonical_Phase75_4/.lake/build/lib/lean/HC4/Valuation/AdaptiveRigidMatrixExposure.olean -i /home/Jamie/HC4/lean/HC4_Lean_Canonical_Phase75_4/.lake/build/lib/lean/HC4/Valuation/AdaptiveRigidMatrixExposure.ilean -c /home/Jamie/HC4/lean/HC4_Lean_Canonical_Phase75_4/.lake/build/ir/HC4/Valuation/AdaptiveRigidMatrixExposure.c --setup /home/Jamie/HC4/lean/HC4_Lean_Canonical_Phase75_4/.lake/build/ir/HC4/Valuation/AdaptiveRigidMatrixExposure.setup.json --json",
   "level": "trace"},
  {"message":
   "HC4/Valuation/AdaptiveRigidMatrixExposure.lean:132:27: This simp argument is unused:\n  HC4.Polynomial.initialForm_add\n\nHint: Omit it from the simp argument list.\n  simp [map_add, hp, hq,̵ ̵H̵C̵4̵.̵P̵o̵l̵y̵n̵o̵m̵i̵a̵l̵.̵i̵n̵i̵t̵i̵a̵l̵F̵o̵r̵m̵_̵a̵d̵d̵]\n\nNote: This linter can be disabled with `set_option linter.unusedSimpArgs false`",
   "level": "warning"},
  {"message":
   "HC4/Valuation/AdaptiveRigidMatrixExposure.lean:407:4: try 'simp' instead of 'simpa'\n\nNote: This linter can be disabled with `set_option linter.unnecessarySimpa false`",
   "level": "warning"},
  {"message":
   "HC4/Valuation/AdaptiveRigidMatrixExposure.lean:595:10: This simp argument is unused:\n  Finsupp.single_apply\n\nHint: Omit it from the simp argument list.\n  s̵i̵m̵p̵ ̵[̵F̵i̵n̵s̵u̵p̵p̵.̵s̵i̵n̵g̵l̵e̵_̵a̵p̵p̵l̵y̵]̵ ̵a̵t̵ ̵h̵s̵s̲i̲m̲p̲ ̲a̲t̲ ̲h̲s̲\n\nNote: This linter can be disabled with `set_option linter.unusedSimpArgs false`",
   "level": "warning"},
  {"message":
   "HC4/Valuation/AdaptiveRigidMatrixExposure.lean:617:10: This simp argument is unused:\n  Finsupp.single_apply\n\nHint: Omit it from the simp argument list.\n  s̵i̵m̵p̵ ̵[̵F̵i̵n̵s̵u̵p̵p̵.̵s̵i̵n̵g̵l̵e̵_̵a̵p̵p̵l̵y̵]̵ ̵a̵t̵ ̵h̵x̵s̲i̲m̲p̲ ̲a̲t̲ ̲h̲x̲\n\nNote: This linter can be disabled with `set_option linter.unusedSimpArgs false`",
   "level": "warning"},
  {"message":
   "HC4/Valuation/AdaptiveRigidMatrixExposure.lean:640:10: This simp argument is unused:\n  Finsupp.single_apply\n\nHint: Omit it from the simp argument list.\n  s̵i̵m̵p̵ ̵[̵F̵i̵n̵s̵u̵p̵p̵.̵s̵i̵n̵g̵l̵e̵_̵a̵p̵p̵l̵y̵]̵ ̵a̵t̵ ̵h̵s̵s̲i̲m̲p̲ ̲a̲t̲ ̲h̲s̲\n\nNote: This linter can be disabled with `set_option linter.unusedSimpArgs false`",
   "level": "warning"},
  {"message":
   "HC4/Valuation/AdaptiveRigidMatrixExposure.lean:753:38: This simp argument is unused:\n  Fin.prod_univ_four\n\nHint: Omit it from the simp argument list.\n  simp [rigidMatrixLongitudinalShift,̵ ̵F̵i̵n̵.̵p̵r̵o̵d̵_̵u̵n̵i̵v̵_̵f̵o̵u̵r̵]\n\nNote: This linter can be disabled with `set_option linter.unusedSimpArgs false`",
   "level": "warning"},
  {"message":
   "HC4/Valuation/AdaptiveRigidMatrixExposure.lean:1429:53: Try this:\n  ring_nf\n  \n  The `ring` tactic failed to close the goal. Use `ring_nf` to obtain a normal form.\n    \n  Note that `ring` works primarily in *commutative* rings. If you have a noncommutative ring, abelian group or module, consider using `noncomm_ring`, `abel` or `module` instead.",
   "level": "info"}],
 "inputs":
 [["HC4.Valuation.AdaptiveRigidMatrixExposure:deps",
   [["deps",
     [["HC4Lean/HC4:extraDep", [["@HC4Lean:extraDep", "1723"]]],
      ["imports",
       [["HC4.Valuation.AdaptiveDiagonalExposure transitive imports (legacy)",
         "5524080162671867346"],
        ["HC4.Valuation.AdaptiveDiagonalExposure:importAllArts",
         "12014459782372108965"],
        ["HC4.Valuation.RigidPacketZeroSchurBridge transitive imports (legacy)",
         "3707802339477457365"],
        ["HC4.Valuation.RigidPacketZeroSchurBridge:importAllArts",
         "3719509610305349628"],
        ["HC4.Valuation.CommonParameterFactorRestart transitive imports (legacy)",
         "11822066297094844270"],
        ["HC4.Valuation.CommonParameterFactorRestart:importAllArts",
         "5933809882060256886"],
        ["Mathlib.Tactic transitive imports (legacy)", "9494613600595343154"],
        ["Mathlib.Tactic:importAllArts", "16845572214284678408"]]]]],
    ["libs",
     [["import dynlibs", "1723"],
      ["package external libraries", "1723"],
      ["module dynlibs", "1723"],
      ["module plugins", "1723"]]]]],
  ["Lean 4.24.0, commit 797c613eb9b6d4ec95db23e3e00af9ac6657f24b",
   "1165570713881806064"],
  ["/home/Jamie/HC4/lean/HC4_Lean_Canonical_Phase75_4/HC4/Valuation/AdaptiveRigidMatrixExposure.lean",
   "4287182602133202371"],
  ["options", "1723"],
  ["Module.leanArgs: #[]", "1723"]],
 "depHash": "11008597765427275452"}