{"synthetic": false,
 "outputs":
 {"o": ["17599987769088563856"],
  "i": "5167039671487630888",
  "c": "3731081326471630064"},
 "log":
 [{"message":
   ".> LEAN_PATH=/home/Jamie/HC4/lean/HC4_Lean_Canonical_Phase75_4/.lake/packages/Cli/.lake/build/lib/lean:/home/Jamie/HC4/lean/HC4_Lean_Canonical_Phase75_4/.lake/packages/batteries/.lake/build/lib/lean:/home/Jamie/HC4/lean/HC4_Lean_Canonical_Phase75_4/.lake/packages/Qq/.lake/build/lib/lean:/home/Jamie/HC4/lean/HC4_Lean_Canonical_Phase75_4/.lake/packages/aesop/.lake/build/lib/lean:/home/Jamie/HC4/lean/HC4_Lean_Canonical_Phase75_4/.lake/packages/proofwidgets/.lake/build/lib/lean:/home/Jamie/HC4/lean/HC4_Lean_Canonical_Phase75_4/.lake/packages/importGraph/.lake/build/lib/lean:/home/Jamie/HC4/lean/HC4_Lean_Canonical_Phase75_4/.lake/packages/LeanSearchClient/.lake/build/lib/lean:/home/Jamie/HC4/lean/HC4_Lean_Canonical_Phase75_4/.lake/packages/plausible/.lake/build/lib/lean:/home/Jamie/HC4/lean/HC4_Lean_Canonical_Phase75_4/.lake/packages/mathlib/.lake/build/lib/lean:/home/Jamie/HC4/lean/HC4_Lean_Canonical_Phase75_4/.lake/build/lib/lean /home/Jamie/.elan/toolchains/leanprover--lean4---v4.24.0/bin/lean /home/Jamie/HC4/lean/HC4_Lean_Canonical_Phase75_4/HC4/Valuation/AdaptivePositiveKernelFixedScaleProgress.lean -o /home/Jamie/HC4/lean/HC4_Lean_Canonical_Phase75_4/.lake/build/lib/lean/HC4/Valuation/AdaptivePositiveKernelFixedScaleProgress.olean -i /home/Jamie/HC4/lean/HC4_Lean_Canonical_Phase75_4/.lake/build/lib/lean/HC4/Valuation/AdaptivePositiveKernelFixedScaleProgress.ilean -c /home/Jamie/HC4/lean/HC4_Lean_Canonical_Phase75_4/.lake/build/ir/HC4/Valuation/AdaptivePositiveKernelFixedScaleProgress.c --setup /home/Jamie/HC4/lean/HC4_Lean_Canonical_Phase75_4/.lake/build/ir/HC4/Valuation/AdaptivePositiveKernelFixedScaleProgress.setup.json --json",
   "level": "trace"},
  {"message":
   "HC4/Valuation/AdaptivePositiveKernelFixedScaleProgress.lean:107:0: automatically included section variable(s) unused in theorem `HC4.Valuation.AdaptiveGeometricRestartState.exists_certifiedFixedScaleStrictSuccessor_of_positiveIntegralKernelSlope`:\n  [CharZero K]\nconsider restructuring your `variable` declarations so that the variables are not in scope or explicitly omit them:\n  omit [CharZero K] in theorem ...\n\nNote: This linter can be disabled with `set_option linter.unusedSectionVars false`",
   "level": "warning"},
  {"message":
   "HC4/Valuation/AdaptivePositiveKernelFixedScaleProgress.lean:148:0: automatically included section variable(s) unused in theorem `HC4.Valuation.AdaptiveKernelZeroSlopeObstruction.no_positive_integral_slope`:\n  [CharZero K]\nconsider restructuring your `variable` declarations so that the variables are not in scope or explicitly omit them:\n  omit [CharZero K] in theorem ...\n\nNote: This linter can be disabled with `set_option linter.unusedSectionVars false`",
   "level": "warning"}],
 "inputs":
 [["HC4.Valuation.AdaptivePositiveKernelFixedScaleProgress:deps",
   [["deps",
     [["HC4Lean/HC4:extraDep", [["@HC4Lean:extraDep", "1723"]]],
      ["imports",
       [["HC4.Valuation.AdaptiveAlignedSmithDegreeTwoFixedScaleProgress transitive imports (legacy)",
         "13639449457181552446"],
        ["HC4.Valuation.AdaptiveAlignedSmithDegreeTwoFixedScaleProgress:importAllArts",
         "18020694339847546511"],
        ["HC4.Valuation.IntegralKernelSlopeExtraction transitive imports (legacy)",
         "962930653883220357"],
        ["HC4.Valuation.IntegralKernelSlopeExtraction:importAllArts",
         "7156121079247175774"],
        ["HC4.Valuation.NonlinearDegreeBoundPreservation transitive imports (legacy)",
         "10839740115984430747"],
        ["HC4.Valuation.NonlinearDegreeBoundPreservation:importAllArts",
         "7560402269679649542"],
        ["Mathlib.Tactic transitive imports (legacy)", "9494613600595343154"],
        ["Mathlib.Tactic:importAllArts", "16845572214284678408"]]]]],
    ["libs",
     [["import dynlibs", "1723"],
      ["package external libraries", "1723"],
      ["module dynlibs", "1723"],
      ["module plugins", "1723"]]]]],
  ["Lean 4.24.0, commit 797c613eb9b6d4ec95db23e3e00af9ac6657f24b",
   "1165570713881806064"],
  ["/home/Jamie/HC4/lean/HC4_Lean_Canonical_Phase75_4/HC4/Valuation/AdaptivePositiveKernelFixedScaleProgress.lean",
   "13319544395801191407"],
  ["options", "1723"],
  ["Module.leanArgs: #[]", "1723"]],
 "depHash": "11600738082498820875"}