{"synthetic": false,
 "outputs":
 {"o": ["2757675783297904702"],
  "i": "12191910390888780271",
  "c": "1921558813433202038"},
 "log":
 [{"message":
   ".> LEAN_PATH=/home/Jamie/HC4/lean/HC4_Lean_Canonical_Phase75_4/.lake/packages/Cli/.lake/build/lib/lean:/home/Jamie/HC4/lean/HC4_Lean_Canonical_Phase75_4/.lake/packages/batteries/.lake/build/lib/lean:/home/Jamie/HC4/lean/HC4_Lean_Canonical_Phase75_4/.lake/packages/Qq/.lake/build/lib/lean:/home/Jamie/HC4/lean/HC4_Lean_Canonical_Phase75_4/.lake/packages/aesop/.lake/build/lib/lean:/home/Jamie/HC4/lean/HC4_Lean_Canonical_Phase75_4/.lake/packages/proofwidgets/.lake/build/lib/lean:/home/Jamie/HC4/lean/HC4_Lean_Canonical_Phase75_4/.lake/packages/importGraph/.lake/build/lib/lean:/home/Jamie/HC4/lean/HC4_Lean_Canonical_Phase75_4/.lake/packages/LeanSearchClient/.lake/build/lib/lean:/home/Jamie/HC4/lean/HC4_Lean_Canonical_Phase75_4/.lake/packages/plausible/.lake/build/lib/lean:/home/Jamie/HC4/lean/HC4_Lean_Canonical_Phase75_4/.lake/packages/mathlib/.lake/build/lib/lean:/home/Jamie/HC4/lean/HC4_Lean_Canonical_Phase75_4/.lake/build/lib/lean /home/Jamie/.elan/toolchains/leanprover--lean4---v4.24.0/bin/lean /home/Jamie/HC4/lean/HC4_Lean_Canonical_Phase75_4/HC4/Valuation/AdaptiveAlignedSmithTransverseSourceShear.lean -o /home/Jamie/HC4/lean/HC4_Lean_Canonical_Phase75_4/.lake/build/lib/lean/HC4/Valuation/AdaptiveAlignedSmithTransverseSourceShear.olean -i /home/Jamie/HC4/lean/HC4_Lean_Canonical_Phase75_4/.lake/build/lib/lean/HC4/Valuation/AdaptiveAlignedSmithTransverseSourceShear.ilean -c /home/Jamie/HC4/lean/HC4_Lean_Canonical_Phase75_4/.lake/build/ir/HC4/Valuation/AdaptiveAlignedSmithTransverseSourceShear.c --setup /home/Jamie/HC4/lean/HC4_Lean_Canonical_Phase75_4/.lake/build/ir/HC4/Valuation/AdaptiveAlignedSmithTransverseSourceShear.setup.json --json",
   "level": "trace"},
  {"message":
   "HC4/Valuation/AdaptiveAlignedSmithTransverseSourceShear.lean:98:38: This simp argument is unused:\n  hkl\n\nHint: Omit it from the simp argument list.\n  simp [transverseSourceShearVariable,\n  ̵  ̵ ̵ ̵ ̵ ̵transverseSourceUnshearSection, hk̵l,̵ ̵h̵l̵k]\n\nNote: This linter can be disabled with `set_option linter.unusedSimpArgs false`",
   "level": "warning"},
  {"message":
   "HC4/Valuation/AdaptiveAlignedSmithTransverseSourceShear.lean:141:15: This simp argument is unused:\n  if_pos rfl\n\nHint: Omit it from the simp argument list.\n  simp only ̵[̵i̵f̵_̵p̵o̵s̵ ̵r̵f̵l̵]̵\n\nNote: This linter can be disabled with `set_option linter.unusedSimpArgs false`",
   "level": "warning"},
  {"message":
   "HC4/Valuation/AdaptiveAlignedSmithTransverseSourceShear.lean:233:10: This simp argument is unused:\n  hkl\n\nHint: Omit it from the simp argument list.\n  simp [transverseSourceShearVariable, h̵k̵l̵,̵ ̵hkj, hjk, hjl]\n\nNote: This linter can be disabled with `set_option linter.unusedSimpArgs false`",
   "level": "warning"},
  {"message":
   "HC4/Valuation/AdaptiveAlignedSmithTransverseSourceShear.lean:233:20: This simp argument is unused:\n  hjk\n\nHint: Omit it from the simp argument list.\n  simp [transverseSourceShearVariable, hkl, hkj, h̵j̵k̵,̵ ̵hjl]\n\nNote: This linter can be disabled with `set_option linter.unusedSimpArgs false`",
   "level": "warning"},
  {"message":
   "HC4/Valuation/AdaptiveAlignedSmithTransverseSourceShear.lean:239:50: This simp argument is unused:\n  hjk\n\nHint: Omit it from the simp argument list.\n  simp [transverseSourceShearVariable, hnk, hjk̵,̵ ̵h̵j̵l]\n\nNote: This linter can be disabled with `set_option linter.unusedSimpArgs false`",
   "level": "warning"},
  {"message":
   "HC4/Valuation/AdaptiveAlignedSmithTransverseSourceShear.lean:239:55: This simp argument is unused:\n  hjl\n\nHint: Omit it from the simp argument list.\n  simp [transverseSourceShearVariable, hnk, hjk,̵ ̵h̵j̵l̵]\n\nNote: This linter can be disabled with `set_option linter.unusedSimpArgs false`",
   "level": "warning"},
  {"message":
   "HC4/Valuation/AdaptiveAlignedSmithTransverseSourceShear.lean:242:20: This simp argument is unused:\n  hjn\n\nHint: Omit it from the simp argument list.\n  simp [transverseSourceShearVariable, hnk, hnj, h̵j̵n̵,̵ ̵hjl]\n\nNote: This linter can be disabled with `set_option linter.unusedSimpArgs false`",
   "level": "warning"},
  {"message":
   "HC4/Valuation/AdaptiveAlignedSmithTransverseSourceShear.lean:242:25: This simp argument is unused:\n  hjl\n\nHint: Omit it from the simp argument list.\n  simp [transverseSourceShearVariable, hnk, hnj, h̵j̵n̵,̵ ̵h̵j̵l̵]̵h̲j̲n̲]̲\n\nNote: This linter can be disabled with `set_option linter.unusedSimpArgs false`",
   "level": "warning"},
  {"message":
   "HC4/Valuation/AdaptiveAlignedSmithTransverseSourceShear.lean:230:54: 'ring' tactic does nothing\n\nNote: This linter can be disabled with `set_option linter.unusedTactic false`",
   "level": "warning"},
  {"message":
   "HC4/Valuation/AdaptiveAlignedSmithTransverseSourceShear.lean:233:34: 'ring' tactic does nothing\n\nNote: This linter can be disabled with `set_option linter.unusedTactic false`",
   "level": "warning"},
  {"message":
   "HC4/Valuation/AdaptiveAlignedSmithTransverseSourceShear.lean:239:64: 'ring' tactic does nothing\n\nNote: This linter can be disabled with `set_option linter.unusedTactic false`",
   "level": "warning"},
  {"message":
   "HC4/Valuation/AdaptiveAlignedSmithTransverseSourceShear.lean:242:34: 'ring' tactic does nothing\n\nNote: This linter can be disabled with `set_option linter.unusedTactic false`",
   "level": "warning"},
  {"message":
   "HC4/Valuation/AdaptiveAlignedSmithTransverseSourceShear.lean:230:54: this tactic is never executed\n\nNote: This linter can be disabled with `set_option linter.unreachableTactic false`",
   "level": "warning"},
  {"message":
   "HC4/Valuation/AdaptiveAlignedSmithTransverseSourceShear.lean:233:34: this tactic is never executed\n\nNote: This linter can be disabled with `set_option linter.unreachableTactic false`",
   "level": "warning"},
  {"message":
   "HC4/Valuation/AdaptiveAlignedSmithTransverseSourceShear.lean:239:64: this tactic is never executed\n\nNote: This linter can be disabled with `set_option linter.unreachableTactic false`",
   "level": "warning"},
  {"message":
   "HC4/Valuation/AdaptiveAlignedSmithTransverseSourceShear.lean:242:34: this tactic is never executed\n\nNote: This linter can be disabled with `set_option linter.unreachableTactic false`",
   "level": "warning"},
  {"message":
   "HC4/Valuation/AdaptiveAlignedSmithTransverseSourceShear.lean:262:27: This simp argument is unused:\n  add_mul\n\nHint: Omit it from the simp argument list.\n  simp [hp, hq, mul_add,̵ ̵a̵d̵d̵_̵m̵u̵l̵]\n\nNote: This linter can be disabled with `set_option linter.unusedSimpArgs false`",
   "level": "warning"},
  {"message":
   "HC4/Valuation/AdaptiveAlignedSmithTransverseSourceShear.lean:269:43: This simp argument is unused:\n  hkl\n\nHint: Omit it from the simp argument list.\n  simp [transverseSourceShearVariable, hk̵l,̵ ̵h̵l̵k]\n\nNote: This linter can be disabled with `set_option linter.unusedSimpArgs false`",
   "level": "warning"},
  {"message":
   "HC4/Valuation/AdaptiveAlignedSmithTransverseSourceShear.lean:274:50: This simp argument is unused:\n  hlk\n\nHint: Omit it from the simp argument list.\n  simp [transverseSourceShearVariable, hkl,̵ ̵h̵l̵k̵]\n\nNote: This linter can be disabled with `set_option linter.unusedSimpArgs false`",
   "level": "warning"},
  {"message":
   "HC4/Valuation/AdaptiveAlignedSmithTransverseSourceShear.lean:277:50: This simp argument is unused:\n  hln\n\nHint: Omit it from the simp argument list.\n  simp [transverseSourceShearVariable, hnl, hl̵n,̵ ̵h̵n̵k, hkl]\n\nNote: This linter can be disabled with `set_option linter.unusedSimpArgs false`",
   "level": "warning"},
  {"message":
   "HC4/Valuation/AdaptiveAlignedSmithTransverseSourceShear.lean:277:60: This simp argument is unused:\n  hkl\n\nHint: Omit it from the simp argument list.\n  simp [transverseSourceShearVariable, hnl, hln, hnk,̵ ̵h̵k̵l̵]\n\nNote: This linter can be disabled with `set_option linter.unusedSimpArgs false`",
   "level": "warning"},
  {"message":
   "HC4/Valuation/AdaptiveAlignedSmithTransverseSourceShear.lean:262:36: Used `tac1 <;> tac2` where `(tac1; tac2)` would suffice\n\nNote: This linter can be disabled with `set_option linter.unnecessarySeqFocus false`",
   "level": "warning"},
  {"message":
   "HC4/Valuation/AdaptiveAlignedSmithTransverseSourceShear.lean:356:45: Used `tac1 <;> tac2` where `(tac1; tac2)` would suffice\n\nNote: This linter can be disabled with `set_option linter.unnecessarySeqFocus false`",
   "level": "warning"},
  {"message":
   "HC4/Valuation/AdaptiveAlignedSmithTransverseSourceShear.lean:555:5: unused variable `hkl`\n\nNote: This linter can be disabled with `set_option linter.unusedVariables false`",
   "level": "warning"},
  {"message":
   "HC4/Valuation/AdaptiveAlignedSmithTransverseSourceShear.lean:570:42: This simp argument is unused:\n  hkl\n\nHint: Omit it from the simp argument list.\n  simp [transverseSourceUnshearSection, hkl̵,̵ ̵h̵k̵0', hell0']\n\nNote: This linter can be disabled with `set_option linter.unusedSimpArgs false`",
   "level": "warning"}],
 "inputs":
 [["HC4.Valuation.AdaptiveAlignedSmithTransverseSourceShear:deps",
   [["deps",
     [["HC4Lean/HC4:extraDep", [["@HC4Lean:extraDep", "1723"]]],
      ["imports",
       [["HC4.Valuation.NonlinearDegreeBoundPreservation transitive imports (legacy)",
         "10839740115984430747"],
        ["HC4.Valuation.NonlinearDegreeBoundPreservation:importAllArts",
         "7560402269679649542"],
        ["Mathlib.Tactic transitive imports (legacy)", "9494613600595343154"],
        ["Mathlib.Tactic:importAllArts", "16845572214284678408"]]]]],
    ["libs",
     [["import dynlibs", "1723"],
      ["package external libraries", "1723"],
      ["module dynlibs", "1723"],
      ["module plugins", "1723"]]]]],
  ["Lean 4.24.0, commit 797c613eb9b6d4ec95db23e3e00af9ac6657f24b",
   "1165570713881806064"],
  ["/home/Jamie/HC4/lean/HC4_Lean_Canonical_Phase75_4/HC4/Valuation/AdaptiveAlignedSmithTransverseSourceShear.lean",
   "14530539445297922028"],
  ["options", "1723"],
  ["Module.leanArgs: #[]", "1723"]],
 "depHash": "14996198492379151399"}