{"synthetic": false,
 "outputs":
 {"o": ["16065919143470259636"],
  "i": "10267322581310062601",
  "c": "89115820875696857"},
 "log":
 [{"message":
   ".> LEAN_PATH=/home/Jamie/HC4/lean/HC4_Lean_Canonical_Phase75_4/.lake/packages/Cli/.lake/build/lib/lean:/home/Jamie/HC4/lean/HC4_Lean_Canonical_Phase75_4/.lake/packages/batteries/.lake/build/lib/lean:/home/Jamie/HC4/lean/HC4_Lean_Canonical_Phase75_4/.lake/packages/Qq/.lake/build/lib/lean:/home/Jamie/HC4/lean/HC4_Lean_Canonical_Phase75_4/.lake/packages/aesop/.lake/build/lib/lean:/home/Jamie/HC4/lean/HC4_Lean_Canonical_Phase75_4/.lake/packages/proofwidgets/.lake/build/lib/lean:/home/Jamie/HC4/lean/HC4_Lean_Canonical_Phase75_4/.lake/packages/importGraph/.lake/build/lib/lean:/home/Jamie/HC4/lean/HC4_Lean_Canonical_Phase75_4/.lake/packages/LeanSearchClient/.lake/build/lib/lean:/home/Jamie/HC4/lean/HC4_Lean_Canonical_Phase75_4/.lake/packages/plausible/.lake/build/lib/lean:/home/Jamie/HC4/lean/HC4_Lean_Canonical_Phase75_4/.lake/packages/mathlib/.lake/build/lib/lean:/home/Jamie/HC4/lean/HC4_Lean_Canonical_Phase75_4/.lake/build/lib/lean /home/Jamie/.elan/toolchains/leanprover--lean4---v4.24.0/bin/lean /home/Jamie/HC4/lean/HC4_Lean_Canonical_Phase75_4/HC4/Valuation/AdaptiveDegreeTwoKernelRestart.lean -o /home/Jamie/HC4/lean/HC4_Lean_Canonical_Phase75_4/.lake/build/lib/lean/HC4/Valuation/AdaptiveDegreeTwoKernelRestart.olean -i /home/Jamie/HC4/lean/HC4_Lean_Canonical_Phase75_4/.lake/build/lib/lean/HC4/Valuation/AdaptiveDegreeTwoKernelRestart.ilean -c /home/Jamie/HC4/lean/HC4_Lean_Canonical_Phase75_4/.lake/build/ir/HC4/Valuation/AdaptiveDegreeTwoKernelRestart.c --setup /home/Jamie/HC4/lean/HC4_Lean_Canonical_Phase75_4/.lake/build/ir/HC4/Valuation/AdaptiveDegreeTwoKernelRestart.setup.json --json",
   "level": "trace"}],
 "inputs":
 [["HC4.Valuation.AdaptiveDegreeTwoKernelRestart:deps",
   [["deps",
     [["HC4Lean/HC4:extraDep", [["@HC4Lean:extraDep", "1723"]]],
      ["imports",
       [["HC4.Valuation.NonlinearDegreeBoundPreservation transitive imports (legacy)",
         "10839740115984430747"],
        ["HC4.Valuation.NonlinearDegreeBoundPreservation:importAllArts",
         "7560402269679649542"],
        ["HC4.Valuation.CanonicalSmithDefectExposure transitive imports (legacy)",
         "16902642959472892471"],
        ["HC4.Valuation.CanonicalSmithDefectExposure:importAllArts",
         "14295487187187877446"],
        ["HC4.Valuation.ExactKernelDefectDrop transitive imports (legacy)",
         "297114452884100818"],
        ["HC4.Valuation.ExactKernelDefectDrop:importAllArts",
         "17631103491307246540"],
        ["HC4.Valuation.ScaledDefect transitive imports (legacy)",
         "14613653263538193601"],
        ["HC4.Valuation.ScaledDefect:importAllArts", "17652275347623775692"],
        ["HC4.Valuation.AdaptiveGeometricRestartState transitive imports (legacy)",
         "2618733450092767825"],
        ["HC4.Valuation.AdaptiveGeometricRestartState:importAllArts",
         "9683327294591626418"],
        ["HC4.Valuation.IntegralKernelSlopeExtraction transitive imports (legacy)",
         "962930653883220357"],
        ["HC4.Valuation.IntegralKernelSlopeExtraction:importAllArts",
         "7156121079247175774"],
        ["HC4.Valuation.AdaptiveCoefficientOrder transitive imports (legacy)",
         "8604975762052456172"],
        ["HC4.Valuation.AdaptiveCoefficientOrder:importAllArts",
         "14401988852465651380"]]]]],
    ["libs",
     [["import dynlibs", "1723"],
      ["package external libraries", "1723"],
      ["module dynlibs", "1723"],
      ["module plugins", "1723"]]]]],
  ["Lean 4.24.0, commit 797c613eb9b6d4ec95db23e3e00af9ac6657f24b",
   "1165570713881806064"],
  ["/home/Jamie/HC4/lean/HC4_Lean_Canonical_Phase75_4/HC4/Valuation/AdaptiveDegreeTwoKernelRestart.lean",
   "11035063209321201500"],
  ["options", "1723"],
  ["Module.leanArgs: #[]", "1723"]],
 "depHash": "13877587383308296856"}