{"synthetic": false,
 "outputs":
 {"o": ["10786033755228739635"],
  "i": "3975092514048944371",
  "c": "3905832804813364353"},
 "log":
 [{"message":
   ".> LEAN_PATH=/home/Jamie/HC4/lean/HC4_Lean_Canonical_Phase75_4/.lake/packages/Cli/.lake/build/lib/lean:/home/Jamie/HC4/lean/HC4_Lean_Canonical_Phase75_4/.lake/packages/batteries/.lake/build/lib/lean:/home/Jamie/HC4/lean/HC4_Lean_Canonical_Phase75_4/.lake/packages/Qq/.lake/build/lib/lean:/home/Jamie/HC4/lean/HC4_Lean_Canonical_Phase75_4/.lake/packages/aesop/.lake/build/lib/lean:/home/Jamie/HC4/lean/HC4_Lean_Canonical_Phase75_4/.lake/packages/proofwidgets/.lake/build/lib/lean:/home/Jamie/HC4/lean/HC4_Lean_Canonical_Phase75_4/.lake/packages/importGraph/.lake/build/lib/lean:/home/Jamie/HC4/lean/HC4_Lean_Canonical_Phase75_4/.lake/packages/LeanSearchClient/.lake/build/lib/lean:/home/Jamie/HC4/lean/HC4_Lean_Canonical_Phase75_4/.lake/packages/plausible/.lake/build/lib/lean:/home/Jamie/HC4/lean/HC4_Lean_Canonical_Phase75_4/.lake/packages/mathlib/.lake/build/lib/lean:/home/Jamie/HC4/lean/HC4_Lean_Canonical_Phase75_4/.lake/build/lib/lean /home/Jamie/.elan/toolchains/leanprover--lean4---v4.24.0/bin/lean /home/Jamie/HC4/lean/HC4_Lean_Canonical_Phase75_4/HC4/Valuation/AdaptiveAlignedSmithHomogeneousCoefficientRigidity.lean -o /home/Jamie/HC4/lean/HC4_Lean_Canonical_Phase75_4/.lake/build/lib/lean/HC4/Valuation/AdaptiveAlignedSmithHomogeneousCoefficientRigidity.olean -i /home/Jamie/HC4/lean/HC4_Lean_Canonical_Phase75_4/.lake/build/lib/lean/HC4/Valuation/AdaptiveAlignedSmithHomogeneousCoefficientRigidity.ilean -c /home/Jamie/HC4/lean/HC4_Lean_Canonical_Phase75_4/.lake/build/ir/HC4/Valuation/AdaptiveAlignedSmithHomogeneousCoefficientRigidity.c --setup /home/Jamie/HC4/lean/HC4_Lean_Canonical_Phase75_4/.lake/build/ir/HC4/Valuation/AdaptiveAlignedSmithHomogeneousCoefficientRigidity.setup.json --json",
   "level": "trace"}],
 "inputs":
 [["HC4.Valuation.AdaptiveAlignedSmithHomogeneousCoefficientRigidity:deps",
   [["deps",
     [["HC4Lean/HC4:extraDep", [["@HC4Lean:extraDep", "1723"]]],
      ["imports",
       [["HC4.Valuation.AdaptiveAlignedSmithBlockerDegreeEndpoints transitive imports (legacy)",
         "12728719381420067071"],
        ["HC4.Valuation.AdaptiveAlignedSmithBlockerDegreeEndpoints:importAllArts",
         "8064206516677338480"],
        ["HC4.Valuation.AdaptiveAlignedSmithBlockerResidual transitive imports (legacy)",
         "7680482293659952453"],
        ["HC4.Valuation.AdaptiveAlignedSmithBlockerResidual:importAllArts",
         "9772891398529174470"],
        ["HC4.Valuation.AdaptiveAlignedSmithBlockerFirstWall transitive imports (legacy)",
         "8509261073179791351"],
        ["HC4.Valuation.AdaptiveAlignedSmithBlockerFirstWall:importAllArts",
         "11026618795562570973"],
        ["HC4.Newton.MixedDegreeAxisCollision transitive imports (legacy)",
         "8687907073022655184"],
        ["HC4.Newton.MixedDegreeAxisCollision:importAllArts",
         "14878177070896665345"],
        ["Mathlib.Tactic transitive imports (legacy)", "9494613600595343154"],
        ["Mathlib.Tactic:importAllArts", "16845572214284678408"]]]]],
    ["libs",
     [["import dynlibs", "1723"],
      ["package external libraries", "1723"],
      ["module dynlibs", "1723"],
      ["module plugins", "1723"]]]]],
  ["Lean 4.24.0, commit 797c613eb9b6d4ec95db23e3e00af9ac6657f24b",
   "1165570713881806064"],
  ["/home/Jamie/HC4/lean/HC4_Lean_Canonical_Phase75_4/HC4/Valuation/AdaptiveAlignedSmithHomogeneousCoefficientRigidity.lean",
   "15678476562974695107"],
  ["options", "1723"],
  ["Module.leanArgs: #[]", "1723"]],
 "depHash": "761759546465925654"}