{"synthetic": false,
 "outputs":
 {"o": ["2852901257663386897"],
  "i": "15272927326977964248",
  "c": "11686709682686134344"},
 "log":
 [{"message":
   ".> LEAN_PATH=/home/Jamie/HC4/lean/HC4_Lean_Canonical_Phase75_4/.lake/packages/Cli/.lake/build/lib/lean:/home/Jamie/HC4/lean/HC4_Lean_Canonical_Phase75_4/.lake/packages/batteries/.lake/build/lib/lean:/home/Jamie/HC4/lean/HC4_Lean_Canonical_Phase75_4/.lake/packages/Qq/.lake/build/lib/lean:/home/Jamie/HC4/lean/HC4_Lean_Canonical_Phase75_4/.lake/packages/aesop/.lake/build/lib/lean:/home/Jamie/HC4/lean/HC4_Lean_Canonical_Phase75_4/.lake/packages/proofwidgets/.lake/build/lib/lean:/home/Jamie/HC4/lean/HC4_Lean_Canonical_Phase75_4/.lake/packages/importGraph/.lake/build/lib/lean:/home/Jamie/HC4/lean/HC4_Lean_Canonical_Phase75_4/.lake/packages/LeanSearchClient/.lake/build/lib/lean:/home/Jamie/HC4/lean/HC4_Lean_Canonical_Phase75_4/.lake/packages/plausible/.lake/build/lib/lean:/home/Jamie/HC4/lean/HC4_Lean_Canonical_Phase75_4/.lake/packages/mathlib/.lake/build/lib/lean:/home/Jamie/HC4/lean/HC4_Lean_Canonical_Phase75_4/.lake/build/lib/lean /home/Jamie/.elan/toolchains/leanprover--lean4---v4.24.0/bin/lean /home/Jamie/HC4/lean/HC4_Lean_Canonical_Phase75_4/HC4/Valuation/AdaptiveAlignedSmithRigidPacketExposureClosing.lean -o /home/Jamie/HC4/lean/HC4_Lean_Canonical_Phase75_4/.lake/build/lib/lean/HC4/Valuation/AdaptiveAlignedSmithRigidPacketExposureClosing.olean -i /home/Jamie/HC4/lean/HC4_Lean_Canonical_Phase75_4/.lake/build/lib/lean/HC4/Valuation/AdaptiveAlignedSmithRigidPacketExposureClosing.ilean -c /home/Jamie/HC4/lean/HC4_Lean_Canonical_Phase75_4/.lake/build/ir/HC4/Valuation/AdaptiveAlignedSmithRigidPacketExposureClosing.c --setup /home/Jamie/HC4/lean/HC4_Lean_Canonical_Phase75_4/.lake/build/ir/HC4/Valuation/AdaptiveAlignedSmithRigidPacketExposureClosing.setup.json --json",
   "level": "trace"},
  {"message":
   "HC4/Valuation/AdaptiveAlignedSmithRigidPacketExposureClosing.lean:71:0: automatically included section variable(s) unused in theorem `HC4.Valuation.rigidLongitudinalUnitPoint_adaptiveRigidLeftPoint`:\n  [CharZero K]\nconsider restructuring your `variable` declarations so that the variables are not in scope or explicitly omit them:\n  omit [CharZero K] in theorem ...\n\nNote: This linter can be disabled with `set_option linter.unusedSectionVars false`",
   "level": "warning"},
  {"message":
   "HC4/Valuation/AdaptiveAlignedSmithRigidPacketExposureClosing.lean:80:0: automatically included section variable(s) unused in theorem `HC4.Valuation.rigidLongitudinalUnitPoint_adaptiveRigidRightPoint`:\n  [CharZero K]\nconsider restructuring your `variable` declarations so that the variables are not in scope or explicitly omit them:\n  omit [CharZero K] in theorem ...\n\nNote: This linter can be disabled with `set_option linter.unusedSectionVars false`",
   "level": "warning"},
  {"message":
   "HC4/Valuation/AdaptiveAlignedSmithRigidPacketExposureClosing.lean:105:6: This simp argument is unused:\n  standardTwoZeroA\n\nHint: Omit it from the simp argument list.\n  simp [-standardTwoZero_pderiv_two_eq_A,\n  ̵  ̵ ̵ ̵ ̵ ̵-standardTwoZero_pderiv_three_eq_C,\n        GeneralFourBlock.ofSymmetricMatrix,\n  ̵  ̵ ̵ ̵ ̵ ̵rigidPacketLeftHessianBlock, mvHessianComponentAt,\n        adaptiveRigidLeftPoint, HC4.Polynomial.hessian_apply,\n  ̵  ̵ ̵ ̵ ̵ ̵standardTwoZeroA̵,̵ ̵s̵t̵a̵n̵d̵a̵r̵d̵T̵w̵o̵Z̵e̵r̵o̵C, pderiv_comm_commRing]\n\nNote: This linter can be disabled with `set_option linter.unusedSimpArgs false`",
   "level": "warning"},
  {"message":
   "HC4/Valuation/AdaptiveAlignedSmithRigidPacketExposureClosing.lean:105:24: This simp argument is unused:\n  standardTwoZeroC\n\nHint: Omit it from the simp argument list.\n  simp [-standardTwoZero_pderiv_two_eq_A,\n  ̵  ̵ ̵ ̵ ̵ ̵-standardTwoZero_pderiv_three_eq_C,\n        GeneralFourBlock.ofSymmetricMatrix,\n  ̵  ̵ ̵ ̵ ̵ ̵rigidPacketLeftHessianBlock, mvHessianComponentAt,\n        adaptiveRigidLeftPoint, HC4.Polynomial.hessian_apply,\n  ̵  ̵ ̵ ̵ ̵ ̵standardTwoZeroA, s̵t̵a̵n̵d̵a̵r̵d̵T̵w̵o̵Z̵e̵r̵o̵C̵,̵ ̵pderiv_comm_commRing]\n\nNote: This linter can be disabled with `set_option linter.unusedSimpArgs false`",
   "level": "warning"},
  {"message":
   "HC4/Valuation/AdaptiveAlignedSmithRigidPacketExposureClosing.lean:126:36: This simp argument is unused:\n  standardTwoZeroA\n\nHint: Omit it from the simp argument list.\n  simp [-standardTwoZero_pderiv_two_eq_A,\n  ̵  ̵ ̵ ̵ ̵ ̵-standardTwoZero_pderiv_three_eq_C,\n        GeneralFourBlock.ofSymmetricMatrix,\n  ̵  ̵ ̵ ̵ ̵ ̵rigidPacketRightHessianBlock, mvHessianComponentAt,\n        adaptiveRigidRightPoint,\n  ̵  ̵ ̵ ̵ ̵ ̵HC4.Polynomial.hessian_apply, standardTwoZeroA̵,̵ ̵s̵t̵a̵n̵d̵a̵r̵d̵T̵w̵o̵Z̵e̵r̵o̵C,\n  ̵  ̵ ̵ ̵ ̵ ̵pderiv_comm_commRing]\n\nNote: This linter can be disabled with `set_option linter.unusedSimpArgs false`",
   "level": "warning"},
  {"message":
   "HC4/Valuation/AdaptiveAlignedSmithRigidPacketExposureClosing.lean:126:54: This simp argument is unused:\n  standardTwoZeroC\n\nHint: Omit it from the simp argument list.\n  simp [-standardTwoZero_pderiv_two_eq_A,\n  ̵  ̵ ̵ ̵ ̵ ̵-standardTwoZero_pderiv_three_eq_C,\n        GeneralFourBlock.ofSymmetricMatrix,\n  ̵  ̵ ̵ ̵ ̵ ̵rigidPacketRightHessianBlock, mvHessianComponentAt,\n        adaptiveRigidRightPoint,\n  ̵  ̵ ̵ ̵ ̵ ̵HC4.Polynomial.hessian_apply, standardTwoZeroA, s̵t̵a̵n̵d̵a̵r̵d̵T̵w̵o̵Z̵e̵r̵o̵C̵,̵\n  ̵ ̵ ̵ ̵ ̵ ̵ ̵pderiv_comm_commRing]\n\nNote: This linter can be disabled with `set_option linter.unusedSimpArgs false`",
   "level": "warning"},
  {"message":
   "HC4/Valuation/AdaptiveAlignedSmithRigidPacketExposureClosing.lean:208:0: automatically included section variable(s) unused in theorem `HC4.Valuation.AdaptiveAlignedSmithRigidPacketEndpoint.pivot`:\n  [CharZero K]\nconsider restructuring your `variable` declarations so that the variables are not in scope or explicitly omit them:\n  omit [CharZero K] in theorem ...\n\nNote: This linter can be disabled with `set_option linter.unusedSectionVars false`",
   "level": "warning"},
  {"message":
   "HC4/Valuation/AdaptiveAlignedSmithRigidPacketExposureClosing.lean:278:5: unused variable `R`\n\nNote: This linter can be disabled with `set_option linter.unusedVariables false`",
   "level": "warning"}],
 "inputs":
 [["HC4.Valuation.AdaptiveAlignedSmithRigidPacketExposureClosing:deps",
   [["deps",
     [["HC4Lean/HC4:extraDep", [["@HC4Lean:extraDep", "1723"]]],
      ["imports",
       [["HC4.Valuation.AdaptiveAlignedSmithExposureGeometry transitive imports (legacy)",
         "4391746839678190894"],
        ["HC4.Valuation.AdaptiveAlignedSmithExposureGeometry:importAllArts",
         "6520310204181015634"],
        ["HC4.Valuation.AdaptiveAlignedSmithPacketRepair transitive imports (legacy)",
         "7205404983687785203"],
        ["HC4.Valuation.AdaptiveAlignedSmithPacketRepair:importAllArts",
         "9833021153737335132"],
        ["HC4.Valuation.AdaptiveRigidMatrixExposure transitive imports (legacy)",
         "12368478554810471610"],
        ["HC4.Valuation.AdaptiveRigidMatrixExposure:importAllArts",
         "6796785237901014235"],
        ["HC4.Valuation.AdaptiveRankTwoMatrixExposure transitive imports (legacy)",
         "10252975335564329015"],
        ["HC4.Valuation.AdaptiveRankTwoMatrixExposure:importAllArts",
         "10556117192480297006"],
        ["HC4.Newton.RigidPacketEvaluatedHessianChart transitive imports (legacy)",
         "12018415328803243700"],
        ["HC4.Newton.RigidPacketEvaluatedHessianChart:importAllArts",
         "247750298912870566"],
        ["Mathlib.Tactic transitive imports (legacy)", "9494613600595343154"],
        ["Mathlib.Tactic:importAllArts", "16845572214284678408"]]]]],
    ["libs",
     [["import dynlibs", "1723"],
      ["package external libraries", "1723"],
      ["module dynlibs", "1723"],
      ["module plugins", "1723"]]]]],
  ["Lean 4.24.0, commit 797c613eb9b6d4ec95db23e3e00af9ac6657f24b",
   "1165570713881806064"],
  ["/home/Jamie/HC4/lean/HC4_Lean_Canonical_Phase75_4/HC4/Valuation/AdaptiveAlignedSmithRigidPacketExposureClosing.lean",
   "11248171057541939936"],
  ["options", "1723"],
  ["Module.leanArgs: #[]", "1723"]],
 "depHash": "11345825131172197687"}