{"synthetic": false,
 "outputs":
 {"o": ["9055167912410608457"],
  "i": "13180104898003406400",
  "c": "10230557064853620298"},
 "log":
 [{"message":
   ".> LEAN_PATH=/home/Jamie/HC4/lean/HC4_Lean_Canonical_Phase75_4/.lake/packages/Cli/.lake/build/lib/lean:/home/Jamie/HC4/lean/HC4_Lean_Canonical_Phase75_4/.lake/packages/batteries/.lake/build/lib/lean:/home/Jamie/HC4/lean/HC4_Lean_Canonical_Phase75_4/.lake/packages/Qq/.lake/build/lib/lean:/home/Jamie/HC4/lean/HC4_Lean_Canonical_Phase75_4/.lake/packages/aesop/.lake/build/lib/lean:/home/Jamie/HC4/lean/HC4_Lean_Canonical_Phase75_4/.lake/packages/proofwidgets/.lake/build/lib/lean:/home/Jamie/HC4/lean/HC4_Lean_Canonical_Phase75_4/.lake/packages/importGraph/.lake/build/lib/lean:/home/Jamie/HC4/lean/HC4_Lean_Canonical_Phase75_4/.lake/packages/LeanSearchClient/.lake/build/lib/lean:/home/Jamie/HC4/lean/HC4_Lean_Canonical_Phase75_4/.lake/packages/plausible/.lake/build/lib/lean:/home/Jamie/HC4/lean/HC4_Lean_Canonical_Phase75_4/.lake/packages/mathlib/.lake/build/lib/lean:/home/Jamie/HC4/lean/HC4_Lean_Canonical_Phase75_4/.lake/build/lib/lean /home/Jamie/.elan/toolchains/leanprover--lean4---v4.24.0/bin/lean /home/Jamie/HC4/lean/HC4_Lean_Canonical_Phase75_4/HC4/Valuation/AdaptiveAlignedSmithRankOneDirectClosingSquareContactSource.lean -o /home/Jamie/HC4/lean/HC4_Lean_Canonical_Phase75_4/.lake/build/lib/lean/HC4/Valuation/AdaptiveAlignedSmithRankOneDirectClosingSquareContactSource.olean -i /home/Jamie/HC4/lean/HC4_Lean_Canonical_Phase75_4/.lake/build/lib/lean/HC4/Valuation/AdaptiveAlignedSmithRankOneDirectClosingSquareContactSource.ilean -c /home/Jamie/HC4/lean/HC4_Lean_Canonical_Phase75_4/.lake/build/ir/HC4/Valuation/AdaptiveAlignedSmithRankOneDirectClosingSquareContactSource.c --setup /home/Jamie/HC4/lean/HC4_Lean_Canonical_Phase75_4/.lake/build/ir/HC4/Valuation/AdaptiveAlignedSmithRankOneDirectClosingSquareContactSource.setup.json --json",
   "level": "trace"},
  {"message":
   "HC4/Valuation/AdaptiveAlignedSmithRankOneDirectClosingSquareContactSource.lean:289:16: This simp argument is unused:\n  parameterRamificationSection\n\nHint: Omit it from the simp argument list.\n  simp [aram, p̵a̵r̵a̵m̵e̵t̵e̵r̵R̵a̵m̵i̵f̵i̵c̵a̵t̵i̵o̵n̵S̵e̵c̵t̵i̵o̵n̵,̵ ̵zeroPolynomialSection]\n\nNote: This linter can be disabled with `set_option linter.unusedSimpArgs false`",
   "level": "warning"},
  {"message":
   "HC4/Valuation/AdaptiveAlignedSmithRankOneDirectClosingSquareContactSource.lean:289:46: This simp argument is unused:\n  zeroPolynomialSection\n\nHint: Omit it from the simp argument list.\n  simp [aram, parameterRamificationSection,̵ ̵z̵e̵r̵o̵P̵o̵l̵y̵n̵o̵m̵i̵a̵l̵S̵e̵c̵t̵i̵o̵n̵]\n\nNote: This linter can be disabled with `set_option linter.unusedSimpArgs false`",
   "level": "warning"},
  {"message":
   "HC4/Valuation/AdaptiveAlignedSmithRankOneDirectClosingSquareContactSource.lean:424:5: unused variable `T`\n\nNote: This linter can be disabled with `set_option linter.unusedVariables false`",
   "level": "warning"},
  {"message":
   "HC4/Valuation/AdaptiveAlignedSmithRankOneDirectClosingSquareContactSource.lean:429:5: unused variable `T`\n\nNote: This linter can be disabled with `set_option linter.unusedVariables false`",
   "level": "warning"},
  {"message":
   "HC4/Valuation/AdaptiveAlignedSmithRankOneDirectClosingSquareContactSource.lean:433:5: unused variable `T`\n\nNote: This linter can be disabled with `set_option linter.unusedVariables false`",
   "level": "warning"},
  {"message":
   "HC4/Valuation/AdaptiveAlignedSmithRankOneDirectClosingSquareContactSource.lean:547:8: `Int.ofNat_nonneg` has been deprecated: Use `Int.natCast_nonneg` instead",
   "level": "warning"}],
 "inputs":
 [["HC4.Valuation.AdaptiveAlignedSmithRankOneDirectClosingSquareContactSource:deps",
   [["deps",
     [["HC4Lean/HC4:extraDep", [["@HC4Lean:extraDep", "1723"]]],
      ["imports",
       [["HC4.Valuation.AdaptiveAlignedSmithRankOneDirectClosingTransverseAlignment transitive imports (legacy)",
         "13680363801191022009"],
        ["HC4.Valuation.AdaptiveAlignedSmithRankOneDirectClosingTransverseAlignment:importAllArts",
         "11841373922414684902"],
        ["HC4.Valuation.AdaptiveAlignedSmithFirstContactSquareContactElimination transitive imports (legacy)",
         "8217197006642947044"],
        ["HC4.Valuation.AdaptiveAlignedSmithFirstContactSquareContactElimination:importAllArts",
         "16558020695682690407"],
        ["Mathlib.Tactic transitive imports (legacy)", "9494613600595343154"],
        ["Mathlib.Tactic:importAllArts", "16845572214284678408"]]]]],
    ["libs",
     [["import dynlibs", "1723"],
      ["package external libraries", "1723"],
      ["module dynlibs", "1723"],
      ["module plugins", "1723"]]]]],
  ["Lean 4.24.0, commit 797c613eb9b6d4ec95db23e3e00af9ac6657f24b",
   "1165570713881806064"],
  ["/home/Jamie/HC4/lean/HC4_Lean_Canonical_Phase75_4/HC4/Valuation/AdaptiveAlignedSmithRankOneDirectClosingSquareContactSource.lean",
   "10050268891433989837"],
  ["options", "1723"],
  ["Module.leanArgs: #[]", "1723"]],
 "depHash": "3287995530633574213"}