{"synthetic": false,
 "outputs":
 {"o": ["14479025839978006508"],
  "i": "18440436486627827720",
  "c": "17139681076540065960"},
 "log":
 [{"message":
   ".> LEAN_PATH=/home/Jamie/HC4/lean/HC4_Lean_Canonical_Phase75_4/.lake/packages/Cli/.lake/build/lib/lean:/home/Jamie/HC4/lean/HC4_Lean_Canonical_Phase75_4/.lake/packages/batteries/.lake/build/lib/lean:/home/Jamie/HC4/lean/HC4_Lean_Canonical_Phase75_4/.lake/packages/Qq/.lake/build/lib/lean:/home/Jamie/HC4/lean/HC4_Lean_Canonical_Phase75_4/.lake/packages/aesop/.lake/build/lib/lean:/home/Jamie/HC4/lean/HC4_Lean_Canonical_Phase75_4/.lake/packages/proofwidgets/.lake/build/lib/lean:/home/Jamie/HC4/lean/HC4_Lean_Canonical_Phase75_4/.lake/packages/importGraph/.lake/build/lib/lean:/home/Jamie/HC4/lean/HC4_Lean_Canonical_Phase75_4/.lake/packages/LeanSearchClient/.lake/build/lib/lean:/home/Jamie/HC4/lean/HC4_Lean_Canonical_Phase75_4/.lake/packages/plausible/.lake/build/lib/lean:/home/Jamie/HC4/lean/HC4_Lean_Canonical_Phase75_4/.lake/packages/mathlib/.lake/build/lib/lean:/home/Jamie/HC4/lean/HC4_Lean_Canonical_Phase75_4/.lake/build/lib/lean /home/Jamie/.elan/toolchains/leanprover--lean4---v4.24.0/bin/lean /home/Jamie/HC4/lean/HC4_Lean_Canonical_Phase75_4/HC4/Valuation/AdaptiveAlignedSmithCanonicalJC2FreeDispatcher.lean -o /home/Jamie/HC4/lean/HC4_Lean_Canonical_Phase75_4/.lake/build/lib/lean/HC4/Valuation/AdaptiveAlignedSmithCanonicalJC2FreeDispatcher.olean -i /home/Jamie/HC4/lean/HC4_Lean_Canonical_Phase75_4/.lake/build/lib/lean/HC4/Valuation/AdaptiveAlignedSmithCanonicalJC2FreeDispatcher.ilean -c /home/Jamie/HC4/lean/HC4_Lean_Canonical_Phase75_4/.lake/build/ir/HC4/Valuation/AdaptiveAlignedSmithCanonicalJC2FreeDispatcher.c --setup /home/Jamie/HC4/lean/HC4_Lean_Canonical_Phase75_4/.lake/build/ir/HC4/Valuation/AdaptiveAlignedSmithCanonicalJC2FreeDispatcher.setup.json --json",
   "level": "trace"}],
 "inputs":
 [["HC4.Valuation.AdaptiveAlignedSmithCanonicalJC2FreeDispatcher:deps",
   [["deps",
     [["HC4Lean/HC4:extraDep", [["@HC4Lean:extraDep", "1723"]]],
      ["imports",
       [["HC4.Valuation.AdaptiveAlignedSmithCanonicalChartDispatcher transitive imports (legacy)",
         "1432350697520028511"],
        ["HC4.Valuation.AdaptiveAlignedSmithCanonicalChartDispatcher:importAllArts",
         "6268582060893876495"],
        ["HC4.Valuation.AdaptiveAlignedSmithRankOneDirectClosingLongitudinalTerminalImpossible transitive imports (legacy)",
         "7236329360299792170"],
        ["HC4.Valuation.AdaptiveAlignedSmithRankOneDirectClosingLongitudinalTerminalImpossible:importAllArts",
         "12815107954315469598"],
        ["Mathlib.Tactic transitive imports (legacy)", "9494613600595343154"],
        ["Mathlib.Tactic:importAllArts", "16845572214284678408"]]]]],
    ["libs",
     [["import dynlibs", "1723"],
      ["package external libraries", "1723"],
      ["module dynlibs", "1723"],
      ["module plugins", "1723"]]]]],
  ["Lean 4.24.0, commit 797c613eb9b6d4ec95db23e3e00af9ac6657f24b",
   "1165570713881806064"],
  ["/home/Jamie/HC4/lean/HC4_Lean_Canonical_Phase75_4/HC4/Valuation/AdaptiveAlignedSmithCanonicalJC2FreeDispatcher.lean",
   "17937580686079253335"],
  ["options", "1723"],
  ["Module.leanArgs: #[]", "1723"]],
 "depHash": "379422289159197911"}