{"synthetic": false,
 "outputs":
 {"o": ["11037443129162603689"],
  "i": "4522102923758758960",
  "c": "6560070184535325210"},
 "log":
 [{"message":
   ".> LEAN_PATH=/home/Jamie/HC4/lean/HC4_Lean_Canonical_Phase75_4/.lake/packages/Cli/.lake/build/lib/lean:/home/Jamie/HC4/lean/HC4_Lean_Canonical_Phase75_4/.lake/packages/batteries/.lake/build/lib/lean:/home/Jamie/HC4/lean/HC4_Lean_Canonical_Phase75_4/.lake/packages/Qq/.lake/build/lib/lean:/home/Jamie/HC4/lean/HC4_Lean_Canonical_Phase75_4/.lake/packages/aesop/.lake/build/lib/lean:/home/Jamie/HC4/lean/HC4_Lean_Canonical_Phase75_4/.lake/packages/proofwidgets/.lake/build/lib/lean:/home/Jamie/HC4/lean/HC4_Lean_Canonical_Phase75_4/.lake/packages/importGraph/.lake/build/lib/lean:/home/Jamie/HC4/lean/HC4_Lean_Canonical_Phase75_4/.lake/packages/LeanSearchClient/.lake/build/lib/lean:/home/Jamie/HC4/lean/HC4_Lean_Canonical_Phase75_4/.lake/packages/plausible/.lake/build/lib/lean:/home/Jamie/HC4/lean/HC4_Lean_Canonical_Phase75_4/.lake/packages/mathlib/.lake/build/lib/lean:/home/Jamie/HC4/lean/HC4_Lean_Canonical_Phase75_4/.lake/build/lib/lean /home/Jamie/.elan/toolchains/leanprover--lean4---v4.24.0/bin/lean /home/Jamie/HC4/lean/HC4_Lean_Canonical_Phase75_4/HC4/Valuation/AdaptiveAlignedSmithPureLongitudinalCurvature.lean -o /home/Jamie/HC4/lean/HC4_Lean_Canonical_Phase75_4/.lake/build/lib/lean/HC4/Valuation/AdaptiveAlignedSmithPureLongitudinalCurvature.olean -i /home/Jamie/HC4/lean/HC4_Lean_Canonical_Phase75_4/.lake/build/lib/lean/HC4/Valuation/AdaptiveAlignedSmithPureLongitudinalCurvature.ilean -c /home/Jamie/HC4/lean/HC4_Lean_Canonical_Phase75_4/.lake/build/ir/HC4/Valuation/AdaptiveAlignedSmithPureLongitudinalCurvature.c --setup /home/Jamie/HC4/lean/HC4_Lean_Canonical_Phase75_4/.lake/build/ir/HC4/Valuation/AdaptiveAlignedSmithPureLongitudinalCurvature.setup.json --json",
   "level": "trace"},
  {"message":
   "HC4/Valuation/AdaptiveAlignedSmithPureLongitudinalCurvature.lean:92:0: automatically included section variable(s) unused in theorem `HC4.Valuation.AdaptiveAlignedSmithPureLongitudinalResidual.axis_derivative_ne_zero`:\n  [CharZero K]\nconsider restructuring your `variable` declarations so that the variables are not in scope or explicitly omit them:\n  omit [CharZero K] in theorem ...\n\nNote: This linter can be disabled with `set_option linter.unusedSectionVars false`",
   "level": "warning"},
  {"message":
   "HC4/Valuation/AdaptiveAlignedSmithPureLongitudinalCurvature.lean:171:0: automatically included section variable(s) unused in theorem `HC4.Valuation.transverseFree_or_exists_positiveTransverseProjectedSupport`:\n  [CharZero K]\nconsider restructuring your `variable` declarations so that the variables are not in scope or explicitly omit them:\n  omit [CharZero K] in theorem ...\n\nNote: This linter can be disabled with `set_option linter.unusedSectionVars false`",
   "level": "warning"},
  {"message":
   "HC4/Valuation/AdaptiveAlignedSmithPureLongitudinalCurvature.lean:192:0: automatically included section variable(s) unused in theorem `HC4.Valuation.transverseFree_implies_free_three`:\n  [CharZero K]\nconsider restructuring your `variable` declarations so that the variables are not in scope or explicitly omit them:\n  omit [CharZero K] in theorem ...\n\nNote: This linter can be disabled with `set_option linter.unusedSectionVars false`",
   "level": "warning"},
  {"message":
   "HC4/Valuation/AdaptiveAlignedSmithPureLongitudinalCurvature.lean:208:6: unused variable `P`\n\nNote: This linter can be disabled with `set_option linter.unusedVariables false`",
   "level": "warning"}],
 "inputs":
 [["HC4.Valuation.AdaptiveAlignedSmithPureLongitudinalCurvature:deps",
   [["deps",
     [["HC4Lean/HC4:extraDep", [["@HC4Lean:extraDep", "1723"]]],
      ["imports",
       [["HC4.Valuation.AdaptiveAlignedSmithWSquarePacket transitive imports (legacy)",
         "346480538430047961"],
        ["HC4.Valuation.AdaptiveAlignedSmithWSquarePacket:importAllArts",
         "2526367542482342179"],
        ["HC4.Valuation.AdaptiveKernelFreeFixedScaleProgress transitive imports (legacy)",
         "6191249422532296044"],
        ["HC4.Valuation.AdaptiveKernelFreeFixedScaleProgress:importAllArts",
         "13293187511394150339"],
        ["Mathlib.Tactic transitive imports (legacy)", "9494613600595343154"],
        ["Mathlib.Tactic:importAllArts", "16845572214284678408"]]]]],
    ["libs",
     [["import dynlibs", "1723"],
      ["package external libraries", "1723"],
      ["module dynlibs", "1723"],
      ["module plugins", "1723"]]]]],
  ["Lean 4.24.0, commit 797c613eb9b6d4ec95db23e3e00af9ac6657f24b",
   "1165570713881806064"],
  ["/home/Jamie/HC4/lean/HC4_Lean_Canonical_Phase75_4/HC4/Valuation/AdaptiveAlignedSmithPureLongitudinalCurvature.lean",
   "10600715021997315738"],
  ["options", "1723"],
  ["Module.leanArgs: #[]", "1723"]],
 "depHash": "1496093491170220643"}