{"synthetic": false,
 "outputs":
 {"o": ["12019303183002988934"],
  "i": "16549628789516088830",
  "c": "12408486914840223443"},
 "log":
 [{"message":
   ".> LEAN_PATH=/home/Jamie/HC4/lean/HC4_Lean_Canonical_Phase75_4/.lake/packages/Cli/.lake/build/lib/lean:/home/Jamie/HC4/lean/HC4_Lean_Canonical_Phase75_4/.lake/packages/batteries/.lake/build/lib/lean:/home/Jamie/HC4/lean/HC4_Lean_Canonical_Phase75_4/.lake/packages/Qq/.lake/build/lib/lean:/home/Jamie/HC4/lean/HC4_Lean_Canonical_Phase75_4/.lake/packages/aesop/.lake/build/lib/lean:/home/Jamie/HC4/lean/HC4_Lean_Canonical_Phase75_4/.lake/packages/proofwidgets/.lake/build/lib/lean:/home/Jamie/HC4/lean/HC4_Lean_Canonical_Phase75_4/.lake/packages/importGraph/.lake/build/lib/lean:/home/Jamie/HC4/lean/HC4_Lean_Canonical_Phase75_4/.lake/packages/LeanSearchClient/.lake/build/lib/lean:/home/Jamie/HC4/lean/HC4_Lean_Canonical_Phase75_4/.lake/packages/plausible/.lake/build/lib/lean:/home/Jamie/HC4/lean/HC4_Lean_Canonical_Phase75_4/.lake/packages/mathlib/.lake/build/lib/lean:/home/Jamie/HC4/lean/HC4_Lean_Canonical_Phase75_4/.lake/build/lib/lean /home/Jamie/.elan/toolchains/leanprover--lean4---v4.24.0/bin/lean /home/Jamie/HC4/lean/HC4_Lean_Canonical_Phase75_4/HC4/Valuation/AdaptiveAlignedSmithRankOneDirectClosingLongitudinalTerminalImpossible.lean -o /home/Jamie/HC4/lean/HC4_Lean_Canonical_Phase75_4/.lake/build/lib/lean/HC4/Valuation/AdaptiveAlignedSmithRankOneDirectClosingLongitudinalTerminalImpossible.olean -i /home/Jamie/HC4/lean/HC4_Lean_Canonical_Phase75_4/.lake/build/lib/lean/HC4/Valuation/AdaptiveAlignedSmithRankOneDirectClosingLongitudinalTerminalImpossible.ilean -c /home/Jamie/HC4/lean/HC4_Lean_Canonical_Phase75_4/.lake/build/ir/HC4/Valuation/AdaptiveAlignedSmithRankOneDirectClosingLongitudinalTerminalImpossible.c --setup /home/Jamie/HC4/lean/HC4_Lean_Canonical_Phase75_4/.lake/build/ir/HC4/Valuation/AdaptiveAlignedSmithRankOneDirectClosingLongitudinalTerminalImpossible.setup.json --json",
   "level": "trace"},
  {"message":
   "HC4/Valuation/AdaptiveAlignedSmithRankOneDirectClosingLongitudinalTerminalImpossible.lean:176:0: automatically included section variable(s) unused in theorem `HC4.Valuation.AdaptiveAlignedSmithRankOneClosingSourceCarrier.DirectClosingLongitudinalCanonicalTerminalData.eval_eq_of_support_transverseDegree_zero`:\n  [CharZero K]\nconsider restructuring your `variable` declarations so that the variables are not in scope or explicitly omit them:\n  omit [CharZero K] in theorem ...\n\nNote: This linter can be disabled with `set_option linter.unusedSectionVars false`",
   "level": "warning"},
  {"message":
   "HC4/Valuation/AdaptiveAlignedSmithRankOneDirectClosingLongitudinalTerminalImpossible.lean:275:10: This simp argument is unused:\n  directClosingLongitudinalTransverseWeight\n\nHint: Omit it from the simp argument list.\n  simp ̵[̵d̵i̵r̵e̵c̵t̵C̵l̵o̵s̵i̵n̵g̵L̵o̵n̵g̵i̵t̵u̵d̵i̵n̵a̵l̵T̵r̵a̵n̵s̵v̵e̵r̵s̵e̵W̵e̵i̵g̵h̵t̵]̵\n\nNote: This linter can be disabled with `set_option linter.unusedSimpArgs false`",
   "level": "warning"},
  {"message":
   "HC4/Valuation/AdaptiveAlignedSmithRankOneDirectClosingLongitudinalTerminalImpossible.lean:298:40: This simp argument is unused:\n  P\n\nHint: Omit it from the simp argument list.\n  simp [-standardTwoZero_pderiv_two_eq_A,\n  ̵  ̵ ̵ ̵-standardTwoZero_pderiv_three_eq_C, P̵,̵ ̵Fin.sum_univ_four,\n      hw0, hw1, hw2, hw3, standardTwoZeroA, standardTwoZeroC] at heval\n\nNote: This linter can be disabled with `set_option linter.unusedSimpArgs false`",
   "level": "warning"},
  {"message":
   "HC4/Valuation/AdaptiveAlignedSmithRankOneDirectClosingLongitudinalTerminalImpossible.lean:299:24: This simp argument is unused:\n  standardTwoZeroA\n\nHint: Omit it from the simp argument list.\n  simp [-standardTwoZero_pderiv_two_eq_A,\n  ̵  ̵ ̵ ̵-standardTwoZero_pderiv_three_eq_C, P, Fin.sum_univ_four,\n      hw0, hw1, hw2, hw3, standardTwoZeroA̵,̵ ̵s̵t̵a̵n̵d̵a̵r̵d̵T̵w̵o̵Z̵e̵r̵o̵C] at heval\n\nNote: This linter can be disabled with `set_option linter.unusedSimpArgs false`",
   "level": "warning"},
  {"message":
   "HC4/Valuation/AdaptiveAlignedSmithRankOneDirectClosingLongitudinalTerminalImpossible.lean:299:42: This simp argument is unused:\n  standardTwoZeroC\n\nHint: Omit it from the simp argument list.\n  simp [-standardTwoZero_pderiv_two_eq_A,\n  ̵  ̵ ̵ ̵-standardTwoZero_pderiv_three_eq_C, P, Fin.sum_univ_four,\n      hw0, hw1, hw2, hw3, standardTwoZeroA,̵ ̵s̵t̵a̵n̵d̵a̵r̵d̵T̵w̵o̵Z̵e̵r̵o̵C̵] at heval\n\nNote: This linter can be disabled with `set_option linter.unusedSimpArgs false`",
   "level": "warning"}],
 "inputs":
 [["HC4.Valuation.AdaptiveAlignedSmithRankOneDirectClosingLongitudinalTerminalImpossible:deps",
   [["deps",
     [["HC4Lean/HC4:extraDep", [["@HC4Lean:extraDep", "1723"]]],
      ["imports",
       [["HC4.Valuation.AdaptiveAlignedSmithRankOneDirectClosingLongitudinalTerminalStructure transitive imports (legacy)",
         "1518516616050904264"],
        ["HC4.Valuation.AdaptiveAlignedSmithRankOneDirectClosingLongitudinalTerminalStructure:importAllArts",
         "7826628983699557102"],
        ["HC4.Newton.PositiveWeightTriangularEvaluation transitive imports (legacy)",
         "15439872626394947089"],
        ["HC4.Newton.PositiveWeightTriangularEvaluation:importAllArts",
         "11665760252468509533"],
        ["Mathlib.RingTheory.MvPolynomial.EulerIdentity transitive imports (legacy)",
         "15808715804159882259"],
        ["Mathlib.RingTheory.MvPolynomial.EulerIdentity:importAllArts",
         "13250385032316976932"],
        ["Mathlib.Tactic transitive imports (legacy)", "9494613600595343154"],
        ["Mathlib.Tactic:importAllArts", "16845572214284678408"]]]]],
    ["libs",
     [["import dynlibs", "1723"],
      ["package external libraries", "1723"],
      ["module dynlibs", "1723"],
      ["module plugins", "1723"]]]]],
  ["Lean 4.24.0, commit 797c613eb9b6d4ec95db23e3e00af9ac6657f24b",
   "1165570713881806064"],
  ["/home/Jamie/HC4/lean/HC4_Lean_Canonical_Phase75_4/HC4/Valuation/AdaptiveAlignedSmithRankOneDirectClosingLongitudinalTerminalImpossible.lean",
   "15630516180529066667"],
  ["options", "1723"],
  ["Module.leanArgs: #[]", "1723"]],
 "depHash": "15319642689507249060"}