{"synthetic": false,
 "outputs":
 {"o": ["11560601737733982972"],
  "i": "4499571788679106414",
  "c": "11082790798578219327"},
 "log":
 [{"message":
   ".> LEAN_PATH=/home/Jamie/HC4/lean/HC4_Lean_Canonical_Phase75_4/.lake/packages/Cli/.lake/build/lib/lean:/home/Jamie/HC4/lean/HC4_Lean_Canonical_Phase75_4/.lake/packages/batteries/.lake/build/lib/lean:/home/Jamie/HC4/lean/HC4_Lean_Canonical_Phase75_4/.lake/packages/Qq/.lake/build/lib/lean:/home/Jamie/HC4/lean/HC4_Lean_Canonical_Phase75_4/.lake/packages/aesop/.lake/build/lib/lean:/home/Jamie/HC4/lean/HC4_Lean_Canonical_Phase75_4/.lake/packages/proofwidgets/.lake/build/lib/lean:/home/Jamie/HC4/lean/HC4_Lean_Canonical_Phase75_4/.lake/packages/importGraph/.lake/build/lib/lean:/home/Jamie/HC4/lean/HC4_Lean_Canonical_Phase75_4/.lake/packages/LeanSearchClient/.lake/build/lib/lean:/home/Jamie/HC4/lean/HC4_Lean_Canonical_Phase75_4/.lake/packages/plausible/.lake/build/lib/lean:/home/Jamie/HC4/lean/HC4_Lean_Canonical_Phase75_4/.lake/packages/mathlib/.lake/build/lib/lean:/home/Jamie/HC4/lean/HC4_Lean_Canonical_Phase75_4/.lake/build/lib/lean /home/Jamie/.elan/toolchains/leanprover--lean4---v4.24.0/bin/lean /home/Jamie/HC4/lean/HC4_Lean_Canonical_Phase75_4/HC4/Valuation/AdaptiveAlignedSmithClosingSourceLattice.lean -o /home/Jamie/HC4/lean/HC4_Lean_Canonical_Phase75_4/.lake/build/lib/lean/HC4/Valuation/AdaptiveAlignedSmithClosingSourceLattice.olean -i /home/Jamie/HC4/lean/HC4_Lean_Canonical_Phase75_4/.lake/build/lib/lean/HC4/Valuation/AdaptiveAlignedSmithClosingSourceLattice.ilean -c /home/Jamie/HC4/lean/HC4_Lean_Canonical_Phase75_4/.lake/build/ir/HC4/Valuation/AdaptiveAlignedSmithClosingSourceLattice.c --setup /home/Jamie/HC4/lean/HC4_Lean_Canonical_Phase75_4/.lake/build/ir/HC4/Valuation/AdaptiveAlignedSmithClosingSourceLattice.setup.json --json",
   "level": "trace"},
  {"message":
   "HC4/Valuation/AdaptiveAlignedSmithClosingSourceLattice.lean:56:0: automatically included section variable(s) unused in theorem `HC4.Valuation.zeroRamifiedSection_hasIntegralAdaptiveSmithSection`:\n  [CharZero K]\nconsider restructuring your `variable` declarations so that the variables are not in scope or explicitly omit them:\n  omit [CharZero K] in theorem ...\n\nNote: This linter can be disabled with `set_option linter.unusedSectionVars false`",
   "level": "warning"},
  {"message":
   "HC4/Valuation/AdaptiveAlignedSmithClosingSourceLattice.lean:133:0: automatically included section variable(s) unused in theorem `HC4.Valuation.AdaptiveAlignedSmithClosingSourceLatticeData.hessianDefect`:\n  [CharZero K]\nconsider restructuring your `variable` declarations so that the variables are not in scope or explicitly omit them:\n  omit [CharZero K] in theorem ...\n\nNote: This linter can be disabled with `set_option linter.unusedSectionVars false`",
   "level": "warning"},
  {"message":
   "HC4/Valuation/AdaptiveAlignedSmithClosingSourceLattice.lean:163:16: This simp argument is unused:\n  parameterRamificationSection\n\nHint: Omit it from the simp argument list.\n  simp [aram, p̵a̵r̵a̵m̵e̵t̵e̵r̵R̵a̵m̵i̵f̵i̵c̵a̵t̵i̵o̵n̵S̵e̵c̵t̵i̵o̵n̵,̵ ̵zeroPolynomialSection]\n\nNote: This linter can be disabled with `set_option linter.unusedSimpArgs false`",
   "level": "warning"},
  {"message":
   "HC4/Valuation/AdaptiveAlignedSmithClosingSourceLattice.lean:163:46: This simp argument is unused:\n  zeroPolynomialSection\n\nHint: Omit it from the simp argument list.\n  simp [aram, parameterRamificationSection,̵ ̵z̵e̵r̵o̵P̵o̵l̵y̵n̵o̵m̵i̵a̵l̵S̵e̵c̵t̵i̵o̵n̵]\n\nNote: This linter can be disabled with `set_option linter.unusedSimpArgs false`",
   "level": "warning"}],
 "inputs":
 [["HC4.Valuation.AdaptiveAlignedSmithClosingSourceLattice:deps",
   [["deps",
     [["HC4Lean/HC4:extraDep", [["@HC4Lean:extraDep", "1723"]]],
      ["imports",
       [["HC4.Valuation.AdaptiveAlignedSmithCanonicalChartDispatcher transitive imports (legacy)",
         "1432350697520028511"],
        ["HC4.Valuation.AdaptiveAlignedSmithCanonicalChartDispatcher:importAllArts",
         "6268582060893876495"],
        ["HC4.Valuation.AdaptiveAlignedSmithMarkedAxisTerminal transitive imports (legacy)",
         "92488866896399450"],
        ["HC4.Valuation.AdaptiveAlignedSmithMarkedAxisTerminal:importAllArts",
         "1075411254176891542"],
        ["HC4.Valuation.AdaptiveRigidMatrixExposure transitive imports (legacy)",
         "12368478554810471610"],
        ["HC4.Valuation.AdaptiveRigidMatrixExposure:importAllArts",
         "6796785237901014235"],
        ["Mathlib.Tactic transitive imports (legacy)", "9494613600595343154"],
        ["Mathlib.Tactic:importAllArts", "16845572214284678408"]]]]],
    ["libs",
     [["import dynlibs", "1723"],
      ["package external libraries", "1723"],
      ["module dynlibs", "1723"],
      ["module plugins", "1723"]]]]],
  ["Lean 4.24.0, commit 797c613eb9b6d4ec95db23e3e00af9ac6657f24b",
   "1165570713881806064"],
  ["/home/Jamie/HC4/lean/HC4_Lean_Canonical_Phase75_4/HC4/Valuation/AdaptiveAlignedSmithClosingSourceLattice.lean",
   "1449356251053903392"],
  ["options", "1723"],
  ["Module.leanArgs: #[]", "1723"]],
 "depHash": "10698099623878803100"}