{"synthetic": false,
 "outputs":
 {"o": ["14479282903328354444"],
  "i": "13154736056282436320",
  "c": "17453154015655030953"},
 "log":
 [{"message":
   ".> LEAN_PATH=/home/Jamie/HC4/lean/HC4_Lean_Canonical_Phase75_4/.lake/packages/Cli/.lake/build/lib/lean:/home/Jamie/HC4/lean/HC4_Lean_Canonical_Phase75_4/.lake/packages/batteries/.lake/build/lib/lean:/home/Jamie/HC4/lean/HC4_Lean_Canonical_Phase75_4/.lake/packages/Qq/.lake/build/lib/lean:/home/Jamie/HC4/lean/HC4_Lean_Canonical_Phase75_4/.lake/packages/aesop/.lake/build/lib/lean:/home/Jamie/HC4/lean/HC4_Lean_Canonical_Phase75_4/.lake/packages/proofwidgets/.lake/build/lib/lean:/home/Jamie/HC4/lean/HC4_Lean_Canonical_Phase75_4/.lake/packages/importGraph/.lake/build/lib/lean:/home/Jamie/HC4/lean/HC4_Lean_Canonical_Phase75_4/.lake/packages/LeanSearchClient/.lake/build/lib/lean:/home/Jamie/HC4/lean/HC4_Lean_Canonical_Phase75_4/.lake/packages/plausible/.lake/build/lib/lean:/home/Jamie/HC4/lean/HC4_Lean_Canonical_Phase75_4/.lake/packages/mathlib/.lake/build/lib/lean:/home/Jamie/HC4/lean/HC4_Lean_Canonical_Phase75_4/.lake/build/lib/lean /home/Jamie/.elan/toolchains/leanprover--lean4---v4.24.0/bin/lean /home/Jamie/HC4/lean/HC4_Lean_Canonical_Phase75_4/HC4/Valuation/AdaptiveAlignedSmithDegreeTwoFixedScaleProgress.lean -o /home/Jamie/HC4/lean/HC4_Lean_Canonical_Phase75_4/.lake/build/lib/lean/HC4/Valuation/AdaptiveAlignedSmithDegreeTwoFixedScaleProgress.olean -i /home/Jamie/HC4/lean/HC4_Lean_Canonical_Phase75_4/.lake/build/lib/lean/HC4/Valuation/AdaptiveAlignedSmithDegreeTwoFixedScaleProgress.ilean -c /home/Jamie/HC4/lean/HC4_Lean_Canonical_Phase75_4/.lake/build/ir/HC4/Valuation/AdaptiveAlignedSmithDegreeTwoFixedScaleProgress.c --setup /home/Jamie/HC4/lean/HC4_Lean_Canonical_Phase75_4/.lake/build/ir/HC4/Valuation/AdaptiveAlignedSmithDegreeTwoFixedScaleProgress.setup.json --json",
   "level": "trace"},
  {"message":
   "HC4/Valuation/AdaptiveAlignedSmithDegreeTwoFixedScaleProgress.lean:119:0: automatically included section variable(s) unused in theorem `HC4.Valuation.AdaptiveGeometricRestartState.parameterRamifiedScaleAwareState_rawDefect`:\n  [CharZero K]\nconsider restructuring your `variable` declarations so that the variables are not in scope or explicitly omit them:\n  omit [CharZero K] in theorem ...\n\nNote: This linter can be disabled with `set_option linter.unusedSectionVars false`",
   "level": "warning"},
  {"message":
   "HC4/Valuation/AdaptiveAlignedSmithDegreeTwoFixedScaleProgress.lean:127:0: automatically included section variable(s) unused in theorem `HC4.Valuation.AdaptiveGeometricRestartState.parameterRamifiedScaleAwareState_scale`:\n  [CharZero K]\nconsider restructuring your `variable` declarations so that the variables are not in scope or explicitly omit them:\n  omit [CharZero K] in theorem ...\n\nNote: This linter can be disabled with `set_option linter.unusedSectionVars false`",
   "level": "warning"},
  {"message":
   "HC4/Valuation/AdaptiveAlignedSmithDegreeTwoFixedScaleProgress.lean:141:0: automatically included section variable(s) unused in theorem `HC4.Valuation.AdaptiveAlignedSmithDegreeTwoSaturatedEndpoint.exists_certifiedFixedScaleStrictSuccessor`:\n  [CharZero K]\nconsider restructuring your `variable` declarations so that the variables are not in scope or explicitly omit them:\n  omit [CharZero K] in theorem ...\n\nNote: This linter can be disabled with `set_option linter.unusedSectionVars false`",
   "level": "warning"},
  {"message":
   "HC4/Valuation/AdaptiveAlignedSmithDegreeTwoFixedScaleProgress.lean:148:8: unused variable `hactive`\n\nNote: This linter can be disabled with `set_option linter.unusedVariables false`",
   "level": "warning"}],
 "inputs":
 [["HC4.Valuation.AdaptiveAlignedSmithDegreeTwoFixedScaleProgress:deps",
   [["deps",
     [["HC4Lean/HC4:extraDep", [["@HC4Lean:extraDep", "1723"]]],
      ["imports",
       [["HC4.Valuation.CertifiedFixedScaleRestartEpisodeProgress transitive imports (legacy)",
         "883149033654341462"],
        ["HC4.Valuation.CertifiedFixedScaleRestartEpisodeProgress:importAllArts",
         "10212823635034972129"],
        ["HC4.Valuation.AdaptiveAlignedSmithDegreeTwoSaturated transitive imports (legacy)",
         "2936847330363241293"],
        ["HC4.Valuation.AdaptiveAlignedSmithDegreeTwoSaturated:importAllArts",
         "3031297219183224931"],
        ["HC4.Valuation.NonlinearDegreeBoundPreservation transitive imports (legacy)",
         "10839740115984430747"],
        ["HC4.Valuation.NonlinearDegreeBoundPreservation:importAllArts",
         "7560402269679649542"],
        ["Mathlib.Tactic transitive imports (legacy)", "9494613600595343154"],
        ["Mathlib.Tactic:importAllArts", "16845572214284678408"]]]]],
    ["libs",
     [["import dynlibs", "1723"],
      ["package external libraries", "1723"],
      ["module dynlibs", "1723"],
      ["module plugins", "1723"]]]]],
  ["Lean 4.24.0, commit 797c613eb9b6d4ec95db23e3e00af9ac6657f24b",
   "1165570713881806064"],
  ["/home/Jamie/HC4/lean/HC4_Lean_Canonical_Phase75_4/HC4/Valuation/AdaptiveAlignedSmithDegreeTwoFixedScaleProgress.lean",
   "11525373501036339421"],
  ["options", "1723"],
  ["Module.leanArgs: #[]", "1723"]],
 "depHash": "15151731823560436702"}