{"synthetic": false,
 "outputs":
 {"o": ["14830181344237560929"],
  "i": "926814424742747027",
  "c": "6424143879778225919"},
 "log":
 [{"message":
   ".> LEAN_PATH=/home/Jamie/HC4/lean/HC4_Lean_Canonical_Phase75_4/.lake/packages/Cli/.lake/build/lib/lean:/home/Jamie/HC4/lean/HC4_Lean_Canonical_Phase75_4/.lake/packages/batteries/.lake/build/lib/lean:/home/Jamie/HC4/lean/HC4_Lean_Canonical_Phase75_4/.lake/packages/Qq/.lake/build/lib/lean:/home/Jamie/HC4/lean/HC4_Lean_Canonical_Phase75_4/.lake/packages/aesop/.lake/build/lib/lean:/home/Jamie/HC4/lean/HC4_Lean_Canonical_Phase75_4/.lake/packages/proofwidgets/.lake/build/lib/lean:/home/Jamie/HC4/lean/HC4_Lean_Canonical_Phase75_4/.lake/packages/importGraph/.lake/build/lib/lean:/home/Jamie/HC4/lean/HC4_Lean_Canonical_Phase75_4/.lake/packages/LeanSearchClient/.lake/build/lib/lean:/home/Jamie/HC4/lean/HC4_Lean_Canonical_Phase75_4/.lake/packages/plausible/.lake/build/lib/lean:/home/Jamie/HC4/lean/HC4_Lean_Canonical_Phase75_4/.lake/packages/mathlib/.lake/build/lib/lean:/home/Jamie/HC4/lean/HC4_Lean_Canonical_Phase75_4/.lake/build/lib/lean /home/Jamie/.elan/toolchains/leanprover--lean4---v4.24.0/bin/lean /home/Jamie/HC4/lean/HC4_Lean_Canonical_Phase75_4/HC4/Valuation/AdaptiveRankTwoMatrixExposure.lean -o /home/Jamie/HC4/lean/HC4_Lean_Canonical_Phase75_4/.lake/build/lib/lean/HC4/Valuation/AdaptiveRankTwoMatrixExposure.olean -i /home/Jamie/HC4/lean/HC4_Lean_Canonical_Phase75_4/.lake/build/lib/lean/HC4/Valuation/AdaptiveRankTwoMatrixExposure.ilean -c /home/Jamie/HC4/lean/HC4_Lean_Canonical_Phase75_4/.lake/build/ir/HC4/Valuation/AdaptiveRankTwoMatrixExposure.c --setup /home/Jamie/HC4/lean/HC4_Lean_Canonical_Phase75_4/.lake/build/ir/HC4/Valuation/AdaptiveRankTwoMatrixExposure.setup.json --json",
   "level": "trace"},
  {"message":
   "HC4/Valuation/AdaptiveRankTwoMatrixExposure.lean:141:38: This simp argument is unused:\n  standardTwoZeroA\n\nHint: Omit it from the simp argument list.\n  simp [-standardTwoZero_pderiv_two_eq_A, -standardTwoZero_pderiv_three_eq_C,\n            rigidLongitudinalUnitPoint, s̵t̵a̵n̵d̵a̵r̵d̵T̵w̵o̵Z̵e̵r̵o̵A̵,̵standardTwoZeroC, pderiv_two_zero_rankTwoAxis]\n\nNote: This linter can be disabled with `set_option linter.unusedSimpArgs false`",
   "level": "warning"},
  {"message":
   "HC4/Valuation/AdaptiveRankTwoMatrixExposure.lean:142:10: This simp argument is unused:\n  standardTwoZeroC\n\nHint: Omit it from the simp argument list.\n  simp [-standardTwoZero_pderiv_two_eq_A, -standardTwoZero_pderiv_three_eq_C,\n            rigidLongitudinalUnitPoint, standardTwoZeroA, s̵t̵a̵n̵d̵a̵r̵d̵T̵w̵o̵Z̵e̵r̵o̵C̵,̵ ̵pderiv_two_zero_rankTwoAxis]\n\nNote: This linter can be disabled with `set_option linter.unusedSimpArgs false`",
   "level": "warning"},
  {"message":
   "HC4/Valuation/AdaptiveRankTwoMatrixExposure.lean:150:38: This simp argument is unused:\n  standardTwoZeroA\n\nHint: Omit it from the simp argument list.\n  simp [-standardTwoZero_pderiv_two_eq_A, -standardTwoZero_pderiv_three_eq_C,\n            rigidLongitudinalUnitPoint, s̵t̵a̵n̵d̵a̵r̵d̵T̵w̵o̵Z̵e̵r̵o̵A̵,̵standardTwoZeroC, pderiv_two_zero_rankTwoAxis]\n\nNote: This linter can be disabled with `set_option linter.unusedSimpArgs false`",
   "level": "warning"},
  {"message":
   "HC4/Valuation/AdaptiveRankTwoMatrixExposure.lean:151:10: This simp argument is unused:\n  standardTwoZeroC\n\nHint: Omit it from the simp argument list.\n  simp [-standardTwoZero_pderiv_two_eq_A, -standardTwoZero_pderiv_three_eq_C,\n            rigidLongitudinalUnitPoint, standardTwoZeroA, s̵t̵a̵n̵d̵a̵r̵d̵T̵w̵o̵Z̵e̵r̵o̵C̵,̵ ̵pderiv_two_zero_rankTwoAxis]\n\nNote: This linter can be disabled with `set_option linter.unusedSimpArgs false`",
   "level": "warning"},
  {"message":
   "HC4/Valuation/AdaptiveRankTwoMatrixExposure.lean:158:38: This simp argument is unused:\n  standardTwoZeroA\n\nHint: Omit it from the simp argument list.\n  simp [-standardTwoZero_pderiv_two_eq_A, -standardTwoZero_pderiv_three_eq_C,\n            rigidLongitudinalUnitPoint, s̵t̵a̵n̵d̵a̵r̵d̵T̵w̵o̵Z̵e̵r̵o̵A̵,̵standardTwoZeroC, pderiv_two_zero_rankTwoAxis]\n\nNote: This linter can be disabled with `set_option linter.unusedSimpArgs false`",
   "level": "warning"},
  {"message":
   "HC4/Valuation/AdaptiveRankTwoMatrixExposure.lean:159:10: This simp argument is unused:\n  standardTwoZeroC\n\nHint: Omit it from the simp argument list.\n  simp [-standardTwoZero_pderiv_two_eq_A, -standardTwoZero_pderiv_three_eq_C,\n            rigidLongitudinalUnitPoint, standardTwoZeroA, s̵t̵a̵n̵d̵a̵r̵d̵T̵w̵o̵Z̵e̵r̵o̵C̵,̵ ̵pderiv_two_zero_rankTwoAxis]\n\nNote: This linter can be disabled with `set_option linter.unusedSimpArgs false`",
   "level": "warning"},
  {"message":
   "HC4/Valuation/AdaptiveRankTwoMatrixExposure.lean:167:38: This simp argument is unused:\n  standardTwoZeroA\n\nHint: Omit it from the simp argument list.\n  simp [-standardTwoZero_pderiv_two_eq_A, -standardTwoZero_pderiv_three_eq_C,\n            rigidLongitudinalUnitPoint, s̵t̵a̵n̵d̵a̵r̵d̵T̵w̵o̵Z̵e̵r̵o̵A̵,̵standardTwoZeroC, pderiv_two_zero_rankTwoAxis]\n\nNote: This linter can be disabled with `set_option linter.unusedSimpArgs false`",
   "level": "warning"},
  {"message":
   "HC4/Valuation/AdaptiveRankTwoMatrixExposure.lean:168:10: This simp argument is unused:\n  standardTwoZeroC\n\nHint: Omit it from the simp argument list.\n  simp [-standardTwoZero_pderiv_two_eq_A, -standardTwoZero_pderiv_three_eq_C,\n            rigidLongitudinalUnitPoint, standardTwoZeroA, s̵t̵a̵n̵d̵a̵r̵d̵T̵w̵o̵Z̵e̵r̵o̵C̵,̵ ̵pderiv_two_zero_rankTwoAxis]\n\nNote: This linter can be disabled with `set_option linter.unusedSimpArgs false`",
   "level": "warning"},
  {"message":
   "HC4/Valuation/AdaptiveRankTwoMatrixExposure.lean:168:28: This simp argument is unused:\n  pderiv_two_zero_rankTwoAxis\n\nHint: Omit it from the simp argument list.\n  simp [-standardTwoZero_pderiv_two_eq_A, -standardTwoZero_pderiv_three_eq_C,\n            rigidLongitudinalUnitPoint, standardTwoZeroA, s̵t̵a̵n̵d̵a̵r̵d̵T̵w̵o̵Z̵e̵r̵o̵C̵,̵ ̵p̵d̵e̵r̵i̵v̵_̵t̵w̵o̵_̵z̵e̵r̵o̵_̵r̵a̵n̵k̵T̵w̵o̵A̵x̵i̵s̵]̵s̲t̲a̲n̲d̲a̲r̲d̲T̲w̲o̲Z̲e̲r̲o̲C̲]̲\n\nNote: This linter can be disabled with `set_option linter.unusedSimpArgs false`",
   "level": "warning"},
  {"message":
   "HC4/Valuation/AdaptiveRankTwoMatrixExposure.lean:175:10: This simp argument is unused:\n  rigidLongitudinalUnitPoint\n\nHint: Omit it from the simp argument list.\n  simp [-standardTwoZero_pderiv_two_eq_A, -standardTwoZero_pderiv_three_eq_C,\n            r̵i̵g̵i̵d̵L̵o̵n̵g̵i̵t̵u̵d̵i̵n̵a̵l̵U̵n̵i̵t̵P̵o̵i̵n̵t̵,̵ ̵standardTwoZeroA, standardTwoZeroC, pderiv_two_zero_rankTwoAxis]\n\nNote: This linter can be disabled with `set_option linter.unusedSimpArgs false`",
   "level": "warning"},
  {"message":
   "HC4/Valuation/AdaptiveRankTwoMatrixExposure.lean:175:38: This simp argument is unused:\n  standardTwoZeroA\n\nHint: Omit it from the simp argument list.\n  simp [-standardTwoZero_pderiv_two_eq_A, -standardTwoZero_pderiv_three_eq_C,\n            rigidLongitudinalUnitPoint, s̵t̵a̵n̵d̵a̵r̵d̵T̵w̵o̵Z̵e̵r̵o̵A̵,̵standardTwoZeroC, pderiv_two_zero_rankTwoAxis]\n\nNote: This linter can be disabled with `set_option linter.unusedSimpArgs false`",
   "level": "warning"},
  {"message":
   "HC4/Valuation/AdaptiveRankTwoMatrixExposure.lean:176:10: This simp argument is unused:\n  standardTwoZeroC\n\nHint: Omit it from the simp argument list.\n  simp [-standardTwoZero_pderiv_two_eq_A, -standardTwoZero_pderiv_three_eq_C,\n            rigidLongitudinalUnitPoint, standardTwoZeroA, s̵t̵a̵n̵d̵a̵r̵d̵T̵w̵o̵Z̵e̵r̵o̵C̵,̵ ̵pderiv_two_zero_rankTwoAxis]\n\nNote: This linter can be disabled with `set_option linter.unusedSimpArgs false`",
   "level": "warning"},
  {"message":
   "HC4/Valuation/AdaptiveRankTwoMatrixExposure.lean:176:28: This simp argument is unused:\n  pderiv_two_zero_rankTwoAxis\n\nHint: Omit it from the simp argument list.\n  simp [-standardTwoZero_pderiv_two_eq_A, -standardTwoZero_pderiv_three_eq_C,\n            rigidLongitudinalUnitPoint, standardTwoZeroA, s̵t̵a̵n̵d̵a̵r̵d̵T̵w̵o̵Z̵e̵r̵o̵C̵,̵ ̵p̵d̵e̵r̵i̵v̵_̵t̵w̵o̵_̵z̵e̵r̵o̵_̵r̵a̵n̵k̵T̵w̵o̵A̵x̵i̵s̵]̵s̲t̲a̲n̲d̲a̲r̲d̲T̲w̲o̲Z̲e̲r̲o̲C̲]̲\n\nNote: This linter can be disabled with `set_option linter.unusedSimpArgs false`",
   "level": "warning"},
  {"message":
   "HC4/Valuation/AdaptiveRankTwoMatrixExposure.lean:183:38: This simp argument is unused:\n  standardTwoZeroA\n\nHint: Omit it from the simp argument list.\n  simp [-standardTwoZero_pderiv_two_eq_A, -standardTwoZero_pderiv_three_eq_C,\n            rigidLongitudinalUnitPoint, s̵t̵a̵n̵d̵a̵r̵d̵T̵w̵o̵Z̵e̵r̵o̵A̵,̵standardTwoZeroC, pderiv_two_zero_rankTwoAxis]\n\nNote: This linter can be disabled with `set_option linter.unusedSimpArgs false`",
   "level": "warning"},
  {"message":
   "HC4/Valuation/AdaptiveRankTwoMatrixExposure.lean:184:10: This simp argument is unused:\n  standardTwoZeroC\n\nHint: Omit it from the simp argument list.\n  simp [-standardTwoZero_pderiv_two_eq_A, -standardTwoZero_pderiv_three_eq_C,\n            rigidLongitudinalUnitPoint, standardTwoZeroA, s̵t̵a̵n̵d̵a̵r̵d̵T̵w̵o̵Z̵e̵r̵o̵C̵,̵ ̵pderiv_two_zero_rankTwoAxis]\n\nNote: This linter can be disabled with `set_option linter.unusedSimpArgs false`",
   "level": "warning"},
  {"message":
   "HC4/Valuation/AdaptiveRankTwoMatrixExposure.lean:184:28: This simp argument is unused:\n  pderiv_two_zero_rankTwoAxis\n\nHint: Omit it from the simp argument list.\n  simp [-standardTwoZero_pderiv_two_eq_A, -standardTwoZero_pderiv_three_eq_C,\n            rigidLongitudinalUnitPoint, standardTwoZeroA, s̵t̵a̵n̵d̵a̵r̵d̵T̵w̵o̵Z̵e̵r̵o̵C̵,̵ ̵p̵d̵e̵r̵i̵v̵_̵t̵w̵o̵_̵z̵e̵r̵o̵_̵r̵a̵n̵k̵T̵w̵o̵A̵x̵i̵s̵]̵s̲t̲a̲n̲d̲a̲r̲d̲T̲w̲o̲Z̲e̲r̲o̲C̲]̲\n\nNote: This linter can be disabled with `set_option linter.unusedSimpArgs false`",
   "level": "warning"},
  {"message":
   "HC4/Valuation/AdaptiveRankTwoMatrixExposure.lean:191:10: This simp argument is unused:\n  rigidLongitudinalUnitPoint\n\nHint: Omit it from the simp argument list.\n  simp [-standardTwoZero_pderiv_two_eq_A, -standardTwoZero_pderiv_three_eq_C,\n            r̵i̵g̵i̵d̵L̵o̵n̵g̵i̵t̵u̵d̵i̵n̵a̵l̵U̵n̵i̵t̵P̵o̵i̵n̵t̵,̵ ̵standardTwoZeroA, standardTwoZeroC, pderiv_two_zero_rankTwoAxis]\n\nNote: This linter can be disabled with `set_option linter.unusedSimpArgs false`",
   "level": "warning"},
  {"message":
   "HC4/Valuation/AdaptiveRankTwoMatrixExposure.lean:191:38: This simp argument is unused:\n  standardTwoZeroA\n\nHint: Omit it from the simp argument list.\n  simp [-standardTwoZero_pderiv_two_eq_A, -standardTwoZero_pderiv_three_eq_C,\n            rigidLongitudinalUnitPoint, s̵t̵a̵n̵d̵a̵r̵d̵T̵w̵o̵Z̵e̵r̵o̵A̵,̵standardTwoZeroC, pderiv_two_zero_rankTwoAxis]\n\nNote: This linter can be disabled with `set_option linter.unusedSimpArgs false`",
   "level": "warning"},
  {"message":
   "HC4/Valuation/AdaptiveRankTwoMatrixExposure.lean:192:10: This simp argument is unused:\n  standardTwoZeroC\n\nHint: Omit it from the simp argument list.\n  simp [-standardTwoZero_pderiv_two_eq_A, -standardTwoZero_pderiv_three_eq_C,\n            rigidLongitudinalUnitPoint, standardTwoZeroA, s̵t̵a̵n̵d̵a̵r̵d̵T̵w̵o̵Z̵e̵r̵o̵C̵,̵ ̵pderiv_two_zero_rankTwoAxis]\n\nNote: This linter can be disabled with `set_option linter.unusedSimpArgs false`",
   "level": "warning"},
  {"message":
   "HC4/Valuation/AdaptiveRankTwoMatrixExposure.lean:192:28: This simp argument is unused:\n  pderiv_two_zero_rankTwoAxis\n\nHint: Omit it from the simp argument list.\n  simp [-standardTwoZero_pderiv_two_eq_A, -standardTwoZero_pderiv_three_eq_C,\n            rigidLongitudinalUnitPoint, standardTwoZeroA, s̵t̵a̵n̵d̵a̵r̵d̵T̵w̵o̵Z̵e̵r̵o̵C̵,̵ ̵p̵d̵e̵r̵i̵v̵_̵t̵w̵o̵_̵z̵e̵r̵o̵_̵r̵a̵n̵k̵T̵w̵o̵A̵x̵i̵s̵]̵s̲t̲a̲n̲d̲a̲r̲d̲T̲w̲o̲Z̲e̲r̲o̲C̲]̲\n\nNote: This linter can be disabled with `set_option linter.unusedSimpArgs false`",
   "level": "warning"},
  {"message":
   "HC4/Valuation/AdaptiveRankTwoMatrixExposure.lean:199:38: This simp argument is unused:\n  standardTwoZeroA\n\nHint: Omit it from the simp argument list.\n  simp [-standardTwoZero_pderiv_two_eq_A, -standardTwoZero_pderiv_three_eq_C,\n            rigidLongitudinalUnitPoint, s̵t̵a̵n̵d̵a̵r̵d̵T̵w̵o̵Z̵e̵r̵o̵A̵,̵standardTwoZeroC, pderiv_two_zero_rankTwoAxis]\n\nNote: This linter can be disabled with `set_option linter.unusedSimpArgs false`",
   "level": "warning"},
  {"message":
   "HC4/Valuation/AdaptiveRankTwoMatrixExposure.lean:200:10: This simp argument is unused:\n  standardTwoZeroC\n\nHint: Omit it from the simp argument list.\n  simp [-standardTwoZero_pderiv_two_eq_A, -standardTwoZero_pderiv_three_eq_C,\n            rigidLongitudinalUnitPoint, standardTwoZeroA, s̵t̵a̵n̵d̵a̵r̵d̵T̵w̵o̵Z̵e̵r̵o̵C̵,̵ ̵pderiv_two_zero_rankTwoAxis]\n\nNote: This linter can be disabled with `set_option linter.unusedSimpArgs false`",
   "level": "warning"},
  {"message":
   "HC4/Valuation/AdaptiveRankTwoMatrixExposure.lean:200:28: This simp argument is unused:\n  pderiv_two_zero_rankTwoAxis\n\nHint: Omit it from the simp argument list.\n  simp [-standardTwoZero_pderiv_two_eq_A, -standardTwoZero_pderiv_three_eq_C,\n            rigidLongitudinalUnitPoint, standardTwoZeroA, s̵t̵a̵n̵d̵a̵r̵d̵T̵w̵o̵Z̵e̵r̵o̵C̵,̵ ̵p̵d̵e̵r̵i̵v̵_̵t̵w̵o̵_̵z̵e̵r̵o̵_̵r̵a̵n̵k̵T̵w̵o̵A̵x̵i̵s̵]̵s̲t̲a̲n̲d̲a̲r̲d̲T̲w̲o̲Z̲e̲r̲o̲C̲]̲\n\nNote: This linter can be disabled with `set_option linter.unusedSimpArgs false`",
   "level": "warning"},
  {"message":
   "HC4/Valuation/AdaptiveRankTwoMatrixExposure.lean:207:10: This simp argument is unused:\n  rigidLongitudinalUnitPoint\n\nHint: Omit it from the simp argument list.\n  simp [-standardTwoZero_pderiv_two_eq_A, -standardTwoZero_pderiv_three_eq_C,\n            r̵i̵g̵i̵d̵L̵o̵n̵g̵i̵t̵u̵d̵i̵n̵a̵l̵U̵n̵i̵t̵P̵o̵i̵n̵t̵,̵ ̵standardTwoZeroA, standardTwoZeroC, pderiv_two_zero_rankTwoAxis]\n\nNote: This linter can be disabled with `set_option linter.unusedSimpArgs false`",
   "level": "warning"},
  {"message":
   "HC4/Valuation/AdaptiveRankTwoMatrixExposure.lean:207:38: This simp argument is unused:\n  standardTwoZeroA\n\nHint: Omit it from the simp argument list.\n  simp [-standardTwoZero_pderiv_two_eq_A, -standardTwoZero_pderiv_three_eq_C,\n            rigidLongitudinalUnitPoint, s̵t̵a̵n̵d̵a̵r̵d̵T̵w̵o̵Z̵e̵r̵o̵A̵,̵standardTwoZeroC, pderiv_two_zero_rankTwoAxis]\n\nNote: This linter can be disabled with `set_option linter.unusedSimpArgs false`",
   "level": "warning"},
  {"message":
   "HC4/Valuation/AdaptiveRankTwoMatrixExposure.lean:208:10: This simp argument is unused:\n  standardTwoZeroC\n\nHint: Omit it from the simp argument list.\n  simp [-standardTwoZero_pderiv_two_eq_A, -standardTwoZero_pderiv_three_eq_C,\n            rigidLongitudinalUnitPoint, standardTwoZeroA, s̵t̵a̵n̵d̵a̵r̵d̵T̵w̵o̵Z̵e̵r̵o̵C̵,̵ ̵pderiv_two_zero_rankTwoAxis]\n\nNote: This linter can be disabled with `set_option linter.unusedSimpArgs false`",
   "level": "warning"},
  {"message":
   "HC4/Valuation/AdaptiveRankTwoMatrixExposure.lean:208:28: This simp argument is unused:\n  pderiv_two_zero_rankTwoAxis\n\nHint: Omit it from the simp argument list.\n  simp [-standardTwoZero_pderiv_two_eq_A, -standardTwoZero_pderiv_three_eq_C,\n            rigidLongitudinalUnitPoint, standardTwoZeroA, s̵t̵a̵n̵d̵a̵r̵d̵T̵w̵o̵Z̵e̵r̵o̵C̵,̵ ̵p̵d̵e̵r̵i̵v̵_̵t̵w̵o̵_̵z̵e̵r̵o̵_̵r̵a̵n̵k̵T̵w̵o̵A̵x̵i̵s̵]̵s̲t̲a̲n̲d̲a̲r̲d̲T̲w̲o̲Z̲e̲r̲o̲C̲]̲\n\nNote: This linter can be disabled with `set_option linter.unusedSimpArgs false`",
   "level": "warning"},
  {"message":
   "HC4/Valuation/AdaptiveRankTwoMatrixExposure.lean:215:10: This simp argument is unused:\n  rigidLongitudinalUnitPoint\n\nHint: Omit it from the simp argument list.\n  simp [-standardTwoZero_pderiv_two_eq_A, -standardTwoZero_pderiv_three_eq_C,\n            r̵i̵g̵i̵d̵L̵o̵n̵g̵i̵t̵u̵d̵i̵n̵a̵l̵U̵n̵i̵t̵P̵o̵i̵n̵t̵,̵ ̵standardTwoZeroA, standardTwoZeroC, pderiv_two_zero_rankTwoAxis]\n\nNote: This linter can be disabled with `set_option linter.unusedSimpArgs false`",
   "level": "warning"},
  {"message":
   "HC4/Valuation/AdaptiveRankTwoMatrixExposure.lean:215:38: This simp argument is unused:\n  standardTwoZeroA\n\nHint: Omit it from the simp argument list.\n  simp [-standardTwoZero_pderiv_two_eq_A, -standardTwoZero_pderiv_three_eq_C,\n            rigidLongitudinalUnitPoint, s̵t̵a̵n̵d̵a̵r̵d̵T̵w̵o̵Z̵e̵r̵o̵A̵,̵standardTwoZeroC, pderiv_two_zero_rankTwoAxis]\n\nNote: This linter can be disabled with `set_option linter.unusedSimpArgs false`",
   "level": "warning"},
  {"message":
   "HC4/Valuation/AdaptiveRankTwoMatrixExposure.lean:216:10: This simp argument is unused:\n  standardTwoZeroC\n\nHint: Omit it from the simp argument list.\n  simp [-standardTwoZero_pderiv_two_eq_A, -standardTwoZero_pderiv_three_eq_C,\n            rigidLongitudinalUnitPoint, standardTwoZeroA, s̵t̵a̵n̵d̵a̵r̵d̵T̵w̵o̵Z̵e̵r̵o̵C̵,̵ ̵pderiv_two_zero_rankTwoAxis]\n\nNote: This linter can be disabled with `set_option linter.unusedSimpArgs false`",
   "level": "warning"},
  {"message":
   "HC4/Valuation/AdaptiveRankTwoMatrixExposure.lean:216:28: This simp argument is unused:\n  pderiv_two_zero_rankTwoAxis\n\nHint: Omit it from the simp argument list.\n  simp [-standardTwoZero_pderiv_two_eq_A, -standardTwoZero_pderiv_three_eq_C,\n            rigidLongitudinalUnitPoint, standardTwoZeroA, s̵t̵a̵n̵d̵a̵r̵d̵T̵w̵o̵Z̵e̵r̵o̵C̵,̵ ̵p̵d̵e̵r̵i̵v̵_̵t̵w̵o̵_̵z̵e̵r̵o̵_̵r̵a̵n̵k̵T̵w̵o̵A̵x̵i̵s̵]̵s̲t̲a̲n̲d̲a̲r̲d̲T̲w̲o̲Z̲e̲r̲o̲C̲]̲\n\nNote: This linter can be disabled with `set_option linter.unusedSimpArgs false`",
   "level": "warning"},
  {"message":
   "HC4/Valuation/AdaptiveRankTwoMatrixExposure.lean:308:6: 'change H'.det = Polynomial.X ^ (R * Delta + 4)' tactic does nothing\n\nNote: This linter can be disabled with `set_option linter.unusedTactic false`",
   "level": "warning"}],
 "inputs":
 [["HC4.Valuation.AdaptiveRankTwoMatrixExposure:deps",
   [["deps",
     [["HC4Lean/HC4:extraDep", [["@HC4Lean:extraDep", "1723"]]],
      ["imports",
       [["HC4.Valuation.AdaptiveGeometricRestartState transitive imports (legacy)",
         "5421748269443194398"],
        ["HC4.Valuation.AdaptiveGeometricRestartState:importAllArts",
         "9683327294591626418"],
        ["HC4.Valuation.AdaptiveRigidMatrixExposure transitive imports (legacy)",
         "3241024713241254571"],
        ["HC4.Valuation.AdaptiveRigidMatrixExposure:importAllArts",
         "6796785237901014235"],
        ["HC4.Valuation.AdaptiveSmithWallExposure transitive imports (legacy)",
         "940784656626164434"],
        ["HC4.Valuation.AdaptiveSmithWallExposure:importAllArts",
         "16307516357258264469"],
        ["HC4.Newton.RigidPacketEvaluatedHessianChart transitive imports (legacy)",
         "12018415328803243700"],
        ["HC4.Newton.RigidPacketEvaluatedHessianChart:importAllArts",
         "247750298912870566"],
        ["HC4.Newton.RankTwoReesSchurEntry transitive imports (legacy)",
         "4231563726893122449"],
        ["HC4.Newton.RankTwoReesSchurEntry:importAllArts",
         "14761398159907171301"],
        ["Mathlib.Tactic transitive imports (legacy)", "9494613600595343154"],
        ["Mathlib.Tactic:importAllArts", "16845572214284678408"]]]]],
    ["libs",
     [["import dynlibs", "1723"],
      ["package external libraries", "1723"],
      ["module dynlibs", "1723"],
      ["module plugins", "1723"]]]]],
  ["Lean 4.24.0, commit 797c613eb9b6d4ec95db23e3e00af9ac6657f24b",
   "1165570713881806064"],
  ["/home/Jamie/HC4/lean/HC4_Lean_Canonical_Phase75_4/HC4/Valuation/AdaptiveRankTwoMatrixExposure.lean",
   "9059481830238216988"],
  ["options", "1723"],
  ["Module.leanArgs: #[]", "1723"]],
 "depHash": "9436345841325101492"}