{"synthetic": false,
 "outputs":
 {"o": ["6530718583608987232"],
  "i": "16790885745966002903",
  "c": "17743112359235289707"},
 "log":
 [{"message":
   ".> LEAN_PATH=/home/Jamie/HC4/lean/HC4_Lean_Canonical_Phase75_4/.lake/packages/Cli/.lake/build/lib/lean:/home/Jamie/HC4/lean/HC4_Lean_Canonical_Phase75_4/.lake/packages/batteries/.lake/build/lib/lean:/home/Jamie/HC4/lean/HC4_Lean_Canonical_Phase75_4/.lake/packages/Qq/.lake/build/lib/lean:/home/Jamie/HC4/lean/HC4_Lean_Canonical_Phase75_4/.lake/packages/aesop/.lake/build/lib/lean:/home/Jamie/HC4/lean/HC4_Lean_Canonical_Phase75_4/.lake/packages/proofwidgets/.lake/build/lib/lean:/home/Jamie/HC4/lean/HC4_Lean_Canonical_Phase75_4/.lake/packages/importGraph/.lake/build/lib/lean:/home/Jamie/HC4/lean/HC4_Lean_Canonical_Phase75_4/.lake/packages/LeanSearchClient/.lake/build/lib/lean:/home/Jamie/HC4/lean/HC4_Lean_Canonical_Phase75_4/.lake/packages/plausible/.lake/build/lib/lean:/home/Jamie/HC4/lean/HC4_Lean_Canonical_Phase75_4/.lake/packages/mathlib/.lake/build/lib/lean:/home/Jamie/HC4/lean/HC4_Lean_Canonical_Phase75_4/.lake/build/lib/lean /home/Jamie/.elan/toolchains/leanprover--lean4---v4.24.0/bin/lean /home/Jamie/HC4/lean/HC4_Lean_Canonical_Phase75_4/HC4/Valuation/AdaptiveAlignedSmithExposureGeometry.lean -o /home/Jamie/HC4/lean/HC4_Lean_Canonical_Phase75_4/.lake/build/lib/lean/HC4/Valuation/AdaptiveAlignedSmithExposureGeometry.olean -i /home/Jamie/HC4/lean/HC4_Lean_Canonical_Phase75_4/.lake/build/lib/lean/HC4/Valuation/AdaptiveAlignedSmithExposureGeometry.ilean -c /home/Jamie/HC4/lean/HC4_Lean_Canonical_Phase75_4/.lake/build/ir/HC4/Valuation/AdaptiveAlignedSmithExposureGeometry.c --setup /home/Jamie/HC4/lean/HC4_Lean_Canonical_Phase75_4/.lake/build/ir/HC4/Valuation/AdaptiveAlignedSmithExposureGeometry.setup.json --json",
   "level": "trace"},
  {"message":
   "HC4/Valuation/AdaptiveAlignedSmithExposureGeometry.lean:144:16: This simp argument is unused:\n  parameterRamificationSection\n\nHint: Omit it from the simp argument list.\n  simp [aram, parameterRamificationS̵e̵c̵t̵i̵o̵n̵,̵\n  ̵ ̵ ̵ ̵ ̵ ̵ ̵p̵a̵r̵a̵m̵e̵t̵e̵r̵R̵a̵m̵i̵f̵i̵c̵a̵t̵i̵o̵n̵Hom, zeroPolynomialSection]\n\nNote: This linter can be disabled with `set_option linter.unusedSimpArgs false`",
   "level": "warning"},
  {"message":
   "HC4/Valuation/AdaptiveAlignedSmithExposureGeometry.lean:145:6: This simp argument is unused:\n  parameterRamificationHom\n\nHint: Omit it from the simp argument list.\n  simp [aram, parameterRamificationSection, p̵a̵r̵a̵m̵e̵t̵e̵r̵R̵a̵m̵i̵f̵i̵c̵a̵t̵i̵o̵n̵H̵o̵m̵,̵ ̵zeroPolynomialSection]\n\nNote: This linter can be disabled with `set_option linter.unusedSimpArgs false`",
   "level": "warning"},
  {"message":
   "HC4/Valuation/AdaptiveAlignedSmithExposureGeometry.lean:145:32: This simp argument is unused:\n  zeroPolynomialSection\n\nHint: Omit it from the simp argument list.\n  simp [aram, parameterRamificationSection, p̵a̵r̵a̵m̵e̵t̵e̵r̵R̵a̵m̵i̵f̵i̵c̵a̵t̵i̵o̵n̵H̵o̵m̵,̵ ̵z̵e̵r̵o̵P̵o̵l̵y̵n̵o̵m̵i̵a̵l̵S̵e̵c̵t̵i̵o̵n̵]̵p̲a̲r̲a̲m̲e̲t̲e̲r̲R̲a̲m̲i̲f̲i̲c̲a̲t̲i̲o̲n̲H̲o̲m̲]̲\n\nNote: This linter can be disabled with `set_option linter.unusedSimpArgs false`",
   "level": "warning"}],
 "inputs":
 [["HC4.Valuation.AdaptiveAlignedSmithExposureGeometry:deps",
   [["deps",
     [["HC4Lean/HC4:extraDep", [["@HC4Lean:extraDep", "1723"]]],
      ["imports",
       [["HC4.Valuation.AdaptiveAlignedSmithSurvivingExposure transitive imports (legacy)",
         "4427481488693970974"],
        ["HC4.Valuation.AdaptiveAlignedSmithSurvivingExposure:importAllArts",
         "17408142224365093054"],
        ["HC4.Valuation.NonlinearDegreeBoundPreservation transitive imports (legacy)",
         "10839740115984430747"],
        ["HC4.Valuation.NonlinearDegreeBoundPreservation:importAllArts",
         "7560402269679649542"],
        ["HC4.Valuation.AdaptiveDegreeTwoKernelActivity transitive imports (legacy)",
         "13806644417495299675"],
        ["HC4.Valuation.AdaptiveDegreeTwoKernelActivity:importAllArts",
         "14384317055632429509"],
        ["Mathlib.Tactic transitive imports (legacy)", "9494613600595343154"],
        ["Mathlib.Tactic:importAllArts", "16845572214284678408"]]]]],
    ["libs",
     [["import dynlibs", "1723"],
      ["package external libraries", "1723"],
      ["module dynlibs", "1723"],
      ["module plugins", "1723"]]]]],
  ["Lean 4.24.0, commit 797c613eb9b6d4ec95db23e3e00af9ac6657f24b",
   "1165570713881806064"],
  ["/home/Jamie/HC4/lean/HC4_Lean_Canonical_Phase75_4/HC4/Valuation/AdaptiveAlignedSmithExposureGeometry.lean",
   "4188099221030356270"],
  ["options", "1723"],
  ["Module.leanArgs: #[]", "1723"]],
 "depHash": "9646252794767401257"}