{"synthetic": false,
 "outputs":
 {"o": ["9274545732132640247"],
  "i": "5935326346597574435",
  "c": "8520622036589325006"},
 "log":
 [{"message":
   ".> LEAN_PATH=/home/Jamie/HC4/lean/HC4_Lean_Canonical_Phase75_4/.lake/packages/Cli/.lake/build/lib/lean:/home/Jamie/HC4/lean/HC4_Lean_Canonical_Phase75_4/.lake/packages/batteries/.lake/build/lib/lean:/home/Jamie/HC4/lean/HC4_Lean_Canonical_Phase75_4/.lake/packages/Qq/.lake/build/lib/lean:/home/Jamie/HC4/lean/HC4_Lean_Canonical_Phase75_4/.lake/packages/aesop/.lake/build/lib/lean:/home/Jamie/HC4/lean/HC4_Lean_Canonical_Phase75_4/.lake/packages/proofwidgets/.lake/build/lib/lean:/home/Jamie/HC4/lean/HC4_Lean_Canonical_Phase75_4/.lake/packages/importGraph/.lake/build/lib/lean:/home/Jamie/HC4/lean/HC4_Lean_Canonical_Phase75_4/.lake/packages/LeanSearchClient/.lake/build/lib/lean:/home/Jamie/HC4/lean/HC4_Lean_Canonical_Phase75_4/.lake/packages/plausible/.lake/build/lib/lean:/home/Jamie/HC4/lean/HC4_Lean_Canonical_Phase75_4/.lake/packages/mathlib/.lake/build/lib/lean:/home/Jamie/HC4/lean/HC4_Lean_Canonical_Phase75_4/.lake/build/lib/lean /home/Jamie/.elan/toolchains/leanprover--lean4---v4.24.0/bin/lean /home/Jamie/HC4/lean/HC4_Lean_Canonical_Phase75_4/HC4/Valuation/AdaptiveAlignedSmithMarkedAxisTerminal.lean -o /home/Jamie/HC4/lean/HC4_Lean_Canonical_Phase75_4/.lake/build/lib/lean/HC4/Valuation/AdaptiveAlignedSmithMarkedAxisTerminal.olean -i /home/Jamie/HC4/lean/HC4_Lean_Canonical_Phase75_4/.lake/build/lib/lean/HC4/Valuation/AdaptiveAlignedSmithMarkedAxisTerminal.ilean -c /home/Jamie/HC4/lean/HC4_Lean_Canonical_Phase75_4/.lake/build/ir/HC4/Valuation/AdaptiveAlignedSmithMarkedAxisTerminal.c --setup /home/Jamie/HC4/lean/HC4_Lean_Canonical_Phase75_4/.lake/build/ir/HC4/Valuation/AdaptiveAlignedSmithMarkedAxisTerminal.setup.json --json",
   "level": "trace"},
  {"message":
   "HC4/Valuation/AdaptiveAlignedSmithMarkedAxisTerminal.lean:140:4: Try `simp at h0` instead of `simpa using h0`\n\nNote: This linter can be disabled with `set_option linter.unnecessarySimpa false`",
   "level": "warning"},
  {"message":
   "HC4/Valuation/AdaptiveAlignedSmithMarkedAxisTerminal.lean:207:6: Try `simp at h0` instead of `simpa using h0`\n\nNote: This linter can be disabled with `set_option linter.unnecessarySimpa false`",
   "level": "warning"}],
 "inputs":
 [["HC4.Valuation.AdaptiveAlignedSmithMarkedAxisTerminal:deps",
   [["deps",
     [["HC4Lean/HC4:extraDep", [["@HC4Lean:extraDep", "1723"]]],
      ["imports",
       [["HC4.Valuation.AdaptiveAlignedSmithClosingChartProvenance transitive imports (legacy)",
         "8320523341676292052"],
        ["HC4.Valuation.AdaptiveAlignedSmithClosingChartProvenance:importAllArts",
         "12771425063060415919"],
        ["HC4.Valuation.AdaptiveSmithWallExposure transitive imports (legacy)",
         "18351913144948669067"],
        ["HC4.Valuation.AdaptiveSmithWallExposure:importAllArts",
         "16307516357258264469"],
        ["HC4.Newton.TerminalOneZeroAffineRecovery transitive imports (legacy)",
         "1356759277144565809"],
        ["HC4.Newton.TerminalOneZeroAffineRecovery:importAllArts",
         "2721367944179997367"],
        ["HC4.Newton.TerminalTwoZeroKellerReduction transitive imports (legacy)",
         "13294961786571124097"],
        ["HC4.Newton.TerminalTwoZeroKellerReduction:importAllArts",
         "14020147561750372989"],
        ["HC4.Newton.TerminalTwoZeroGradientConjugacy transitive imports (legacy)",
         "10767747736379071989"],
        ["HC4.Newton.TerminalTwoZeroGradientConjugacy:importAllArts",
         "6558618318394858517"],
        ["Mathlib.Tactic transitive imports (legacy)", "9494613600595343154"],
        ["Mathlib.Tactic:importAllArts", "16845572214284678408"]]]]],
    ["libs",
     [["import dynlibs", "1723"],
      ["package external libraries", "1723"],
      ["module dynlibs", "1723"],
      ["module plugins", "1723"]]]]],
  ["Lean 4.24.0, commit 797c613eb9b6d4ec95db23e3e00af9ac6657f24b",
   "1165570713881806064"],
  ["/home/Jamie/HC4/lean/HC4_Lean_Canonical_Phase75_4/HC4/Valuation/AdaptiveAlignedSmithMarkedAxisTerminal.lean",
   "4692754997483653446"],
  ["options", "1723"],
  ["Module.leanArgs: #[]", "1723"]],
 "depHash": "11793948313482241177"}