{"synthetic": false,
 "outputs":
 {"o": ["6533057708902990029"],
  "i": "4073044623172414049",
  "c": "11996884995390833281"},
 "log":
 [{"message":
   ".> LEAN_PATH=/home/Jamie/HC4/lean/HC4_Lean_Canonical_Phase75_4/.lake/packages/Cli/.lake/build/lib/lean:/home/Jamie/HC4/lean/HC4_Lean_Canonical_Phase75_4/.lake/packages/batteries/.lake/build/lib/lean:/home/Jamie/HC4/lean/HC4_Lean_Canonical_Phase75_4/.lake/packages/Qq/.lake/build/lib/lean:/home/Jamie/HC4/lean/HC4_Lean_Canonical_Phase75_4/.lake/packages/aesop/.lake/build/lib/lean:/home/Jamie/HC4/lean/HC4_Lean_Canonical_Phase75_4/.lake/packages/proofwidgets/.lake/build/lib/lean:/home/Jamie/HC4/lean/HC4_Lean_Canonical_Phase75_4/.lake/packages/importGraph/.lake/build/lib/lean:/home/Jamie/HC4/lean/HC4_Lean_Canonical_Phase75_4/.lake/packages/LeanSearchClient/.lake/build/lib/lean:/home/Jamie/HC4/lean/HC4_Lean_Canonical_Phase75_4/.lake/packages/plausible/.lake/build/lib/lean:/home/Jamie/HC4/lean/HC4_Lean_Canonical_Phase75_4/.lake/packages/mathlib/.lake/build/lib/lean:/home/Jamie/HC4/lean/HC4_Lean_Canonical_Phase75_4/.lake/build/lib/lean /home/Jamie/.elan/toolchains/leanprover--lean4---v4.24.0/bin/lean /home/Jamie/HC4/lean/HC4_Lean_Canonical_Phase75_4/HC4/Valuation/AdaptiveAlignedSmithCanonicalChartDispatcher.lean -o /home/Jamie/HC4/lean/HC4_Lean_Canonical_Phase75_4/.lake/build/lib/lean/HC4/Valuation/AdaptiveAlignedSmithCanonicalChartDispatcher.olean -i /home/Jamie/HC4/lean/HC4_Lean_Canonical_Phase75_4/.lake/build/lib/lean/HC4/Valuation/AdaptiveAlignedSmithCanonicalChartDispatcher.ilean -c /home/Jamie/HC4/lean/HC4_Lean_Canonical_Phase75_4/.lake/build/ir/HC4/Valuation/AdaptiveAlignedSmithCanonicalChartDispatcher.c --setup /home/Jamie/HC4/lean/HC4_Lean_Canonical_Phase75_4/.lake/build/ir/HC4/Valuation/AdaptiveAlignedSmithCanonicalChartDispatcher.setup.json --json",
   "level": "trace"},
  {"message":
   "HC4/Valuation/AdaptiveAlignedSmithCanonicalChartDispatcher.lean:120:0: automatically included section variable(s) unused in theorem `HC4.Valuation.AdaptiveAlignedSmithZeroSchurClosingSourceCarrier.family_hessianDefect`:\n  [CharZero K]\nconsider restructuring your `variable` declarations so that the variables are not in scope or explicitly omit them:\n  omit [CharZero K] in theorem ...\n\nNote: This linter can be disabled with `set_option linter.unusedSectionVars false`",
   "level": "warning"},
  {"message":
   "HC4/Valuation/AdaptiveAlignedSmithCanonicalChartDispatcher.lean:129:0: automatically included section variable(s) unused in theorem `HC4.Valuation.AdaptiveAlignedSmithZeroSchurClosingSourceCarrier.family_exactCollision`:\n  [CharZero K]\nconsider restructuring your `variable` declarations so that the variables are not in scope or explicitly omit them:\n  omit [CharZero K] in theorem ...\n\nNote: This linter can be disabled with `set_option linter.unusedSectionVars false`",
   "level": "warning"},
  {"message":
   "HC4/Valuation/AdaptiveAlignedSmithCanonicalChartDispatcher.lean:149:0: automatically included section variable(s) unused in theorem `HC4.Valuation.AdaptiveAlignedSmithZeroSchurClosingSourceCarrier.zeroSchurBlock_eq_chartBlock`:\n  [CharZero K]\nconsider restructuring your `variable` declarations so that the variables are not in scope or explicitly omit them:\n  omit [CharZero K] in theorem ...\n\nNote: This linter can be disabled with `set_option linter.unusedSectionVars false`",
   "level": "warning"}],
 "inputs":
 [["HC4.Valuation.AdaptiveAlignedSmithCanonicalChartDispatcher:deps",
   [["deps",
     [["HC4Lean/HC4:extraDep", [["@HC4Lean:extraDep", "1723"]]],
      ["imports",
       [["HC4.Valuation.AdaptiveAlignedSmithCanonicalSurvivingRigidElimination transitive imports (legacy)",
         "17652980432826111560"],
        ["HC4.Valuation.AdaptiveAlignedSmithCanonicalSurvivingRigidElimination:importAllArts",
         "9544078861867205792"],
        ["HC4.Valuation.AdaptiveAlignedSmithClosingChartProvenance transitive imports (legacy)",
         "8320523341676292052"],
        ["HC4.Valuation.AdaptiveAlignedSmithClosingChartProvenance:importAllArts",
         "12771425063060415919"],
        ["Mathlib.Tactic transitive imports (legacy)", "9494613600595343154"],
        ["Mathlib.Tactic:importAllArts", "16845572214284678408"]]]]],
    ["libs",
     [["import dynlibs", "1723"],
      ["package external libraries", "1723"],
      ["module dynlibs", "1723"],
      ["module plugins", "1723"]]]]],
  ["Lean 4.24.0, commit 797c613eb9b6d4ec95db23e3e00af9ac6657f24b",
   "1165570713881806064"],
  ["/home/Jamie/HC4/lean/HC4_Lean_Canonical_Phase75_4/HC4/Valuation/AdaptiveAlignedSmithCanonicalChartDispatcher.lean",
   "1985855618470578709"],
  ["options", "1723"],
  ["Module.leanArgs: #[]", "1723"]],
 "depHash": "8910814817189699750"}