{"synthetic": false,
 "outputs":
 {"o": ["15602696973570799886"],
  "i": "14717490165733131231",
  "c": "804712798520893607"},
 "log":
 [{"message":
   ".> LEAN_PATH=/home/Jamie/HC4/lean/HC4_Lean_Canonical_Phase75_4/.lake/packages/Cli/.lake/build/lib/lean:/home/Jamie/HC4/lean/HC4_Lean_Canonical_Phase75_4/.lake/packages/batteries/.lake/build/lib/lean:/home/Jamie/HC4/lean/HC4_Lean_Canonical_Phase75_4/.lake/packages/Qq/.lake/build/lib/lean:/home/Jamie/HC4/lean/HC4_Lean_Canonical_Phase75_4/.lake/packages/aesop/.lake/build/lib/lean:/home/Jamie/HC4/lean/HC4_Lean_Canonical_Phase75_4/.lake/packages/proofwidgets/.lake/build/lib/lean:/home/Jamie/HC4/lean/HC4_Lean_Canonical_Phase75_4/.lake/packages/importGraph/.lake/build/lib/lean:/home/Jamie/HC4/lean/HC4_Lean_Canonical_Phase75_4/.lake/packages/LeanSearchClient/.lake/build/lib/lean:/home/Jamie/HC4/lean/HC4_Lean_Canonical_Phase75_4/.lake/packages/plausible/.lake/build/lib/lean:/home/Jamie/HC4/lean/HC4_Lean_Canonical_Phase75_4/.lake/packages/mathlib/.lake/build/lib/lean:/home/Jamie/HC4/lean/HC4_Lean_Canonical_Phase75_4/.lake/build/lib/lean /home/Jamie/.elan/toolchains/leanprover--lean4---v4.24.0/bin/lean /home/Jamie/HC4/lean/HC4_Lean_Canonical_Phase75_4/HC4/Valuation/CanonicalSmithReesSpecialFiber.lean -o /home/Jamie/HC4/lean/HC4_Lean_Canonical_Phase75_4/.lake/build/lib/lean/HC4/Valuation/CanonicalSmithReesSpecialFiber.olean -i /home/Jamie/HC4/lean/HC4_Lean_Canonical_Phase75_4/.lake/build/lib/lean/HC4/Valuation/CanonicalSmithReesSpecialFiber.ilean -c /home/Jamie/HC4/lean/HC4_Lean_Canonical_Phase75_4/.lake/build/ir/HC4/Valuation/CanonicalSmithReesSpecialFiber.c --setup /home/Jamie/HC4/lean/HC4_Lean_Canonical_Phase75_4/.lake/build/ir/HC4/Valuation/CanonicalSmithReesSpecialFiber.setup.json --json",
   "level": "trace"}],
 "inputs":
 [["HC4.Valuation.CanonicalSmithReesSpecialFiber:deps",
   [["deps",
     [["HC4Lean/HC4:extraDep", [["@HC4Lean:extraDep", "1723"]]],
      ["imports",
       [["HC4.Valuation.SmithConformalCovariance transitive imports (legacy)",
         "7063655606515204622"],
        ["HC4.Valuation.SmithConformalCovariance:importAllArts",
         "2548501728909584682"],
        ["HC4.Valuation.SymmetricSmithImprovementRestart transitive imports (legacy)",
         "17178207130306844092"],
        ["HC4.Valuation.SymmetricSmithImprovementRestart:importAllArts",
         "12197472459005912090"],
        ["HC4.Valuation.DefectRetainingDepartureFrontier transitive imports (legacy)",
         "16267386377400134801"],
        ["HC4.Valuation.DefectRetainingDepartureFrontier:importAllArts",
         "17207882539221723459"],
        ["HC4.Newton.SmithRefinedFacePolynomial transitive imports (legacy)",
         "7816611312834943049"],
        ["HC4.Newton.SmithRefinedFacePolynomial:importAllArts",
         "14500384328885865922"],
        ["Mathlib.Tactic transitive imports (legacy)", "9494613600595343154"],
        ["Mathlib.Tactic:importAllArts", "16845572214284678408"]]]]],
    ["libs",
     [["import dynlibs", "1723"],
      ["package external libraries", "1723"],
      ["module dynlibs", "1723"],
      ["module plugins", "1723"]]]]],
  ["Lean 4.24.0, commit 797c613eb9b6d4ec95db23e3e00af9ac6657f24b",
   "1165570713881806064"],
  ["/home/Jamie/HC4/lean/HC4_Lean_Canonical_Phase75_4/HC4/Valuation/CanonicalSmithReesSpecialFiber.lean",
   "11963406300261731823"],
  ["options", "1723"],
  ["Module.leanArgs: #[]", "1723"]],
 "depHash": "11494633916854769187"}