{"synthetic": false,
 "outputs":
 {"o": ["6444849499270652823"],
  "i": "6885746859105837643",
  "c": "8727751371038140502"},
 "log":
 [{"message":
   ".> LEAN_PATH=/home/Jamie/HC4/lean/HC4_Lean_Canonical_Phase75_2/.lake/packages/Cli/.lake/build/lib/lean:/home/Jamie/HC4/lean/HC4_Lean_Canonical_Phase75_2/.lake/packages/batteries/.lake/build/lib/lean:/home/Jamie/HC4/lean/HC4_Lean_Canonical_Phase75_2/.lake/packages/Qq/.lake/build/lib/lean:/home/Jamie/HC4/lean/HC4_Lean_Canonical_Phase75_2/.lake/packages/aesop/.lake/build/lib/lean:/home/Jamie/HC4/lean/HC4_Lean_Canonical_Phase75_2/.lake/packages/proofwidgets/.lake/build/lib/lean:/home/Jamie/HC4/lean/HC4_Lean_Canonical_Phase75_2/.lake/packages/importGraph/.lake/build/lib/lean:/home/Jamie/HC4/lean/HC4_Lean_Canonical_Phase75_2/.lake/packages/LeanSearchClient/.lake/build/lib/lean:/home/Jamie/HC4/lean/HC4_Lean_Canonical_Phase75_2/.lake/packages/plausible/.lake/build/lib/lean:/home/Jamie/HC4/lean/HC4_Lean_Canonical_Phase75_2/.lake/packages/mathlib/.lake/build/lib/lean:/home/Jamie/HC4/lean/HC4_Lean_Canonical_Phase75_2/.lake/build/lib/lean /home/Jamie/.elan/toolchains/leanprover--lean4---v4.24.0/bin/lean /home/Jamie/HC4/lean/HC4_Lean_Canonical_Phase75_2/HC4/Valuation/CoupledSmithWallClosure.lean -o /home/Jamie/HC4/lean/HC4_Lean_Canonical_Phase75_2/.lake/build/lib/lean/HC4/Valuation/CoupledSmithWallClosure.olean -i /home/Jamie/HC4/lean/HC4_Lean_Canonical_Phase75_2/.lake/build/lib/lean/HC4/Valuation/CoupledSmithWallClosure.ilean -c /home/Jamie/HC4/lean/HC4_Lean_Canonical_Phase75_2/.lake/build/ir/HC4/Valuation/CoupledSmithWallClosure.c --setup /home/Jamie/HC4/lean/HC4_Lean_Canonical_Phase75_2/.lake/build/ir/HC4/Valuation/CoupledSmithWallClosure.setup.json --json",
   "level": "trace"},
  {"message":
   "HC4/Valuation/CoupledSmithWallClosure.lean:533:41: This simp argument is unused:\n  add_assoc\n\nHint: Omit it from the simp argument list.\n  simp [h0, h1, h2, h3, t̵r̵a̵n̵s̵v̵e̵r̵s̵e̵A̵x̵i̵s̵B̵l̵o̵c̵k̵e̵r̵E̵x̵p̵o̵n̵e̵n̵t̵,̵ ̵a̵d̵d̵_̵a̵s̵s̵o̵c̵]̵t̲r̲a̲n̲s̲v̲e̲r̲s̲e̲A̲x̲i̲s̲B̲l̲o̲c̲k̲e̲r̲E̲x̲p̲o̲n̲e̲n̲t̲]̲\n\nNote: This linter can be disabled with `set_option linter.unusedSimpArgs false`",
   "level": "warning"},
  {"message":
   "HC4/Valuation/CoupledSmithWallClosure.lean:554:41: This simp argument is unused:\n  add_assoc\n\nHint: Omit it from the simp argument list.\n  simp [h0, h1, h2, h3, t̵r̵a̵n̵s̵v̵e̵r̵s̵e̵A̵x̵i̵s̵B̵l̵o̵c̵k̵e̵r̵E̵x̵p̵o̵n̵e̵n̵t̵,̵ ̵a̵d̵d̵_̵a̵s̵s̵o̵c̵]̵t̲r̲a̲n̲s̲v̲e̲r̲s̲e̲A̲x̲i̲s̲B̲l̲o̲c̲k̲e̲r̲E̲x̲p̲o̲n̲e̲n̲t̲]̲\n\nNote: This linter can be disabled with `set_option linter.unusedSimpArgs false`",
   "level": "warning"},
  {"message":
   "HC4/Valuation/CoupledSmithWallClosure.lean:605:4: This simp argument is unused:\n  finFour_zero_ne_one\n\nHint: Omit it from the simp argument list.\n  simp [longitudinalAxisBlockerExponent, transverseAxisBlockerExponent,\n      f̵i̵n̵F̵o̵u̵r̵_̵z̵e̵r̵o̵_̵n̵e̵_̵o̵n̵e̵,̵Ne.symm finFour_zero_ne_one] at h1\n\nNote: This linter can be disabled with `set_option linter.unusedSimpArgs false`",
   "level": "warning"},
  {"message":
   "HC4/Valuation/CoupledSmithWallClosure.lean:621:4: This simp argument is unused:\n  finFour_zero_ne_two\n\nHint: Omit it from the simp argument list.\n  simp [longitudinalAxisBlockerExponent, transverseAxisBlockerExponent,\n      f̵i̵n̵F̵o̵u̵r̵_̵z̵e̵r̵o̵_̵n̵e̵_̵t̵w̵o̵,̵Ne.symm finFour_zero_ne_two] at h2\n\nNote: This linter can be disabled with `set_option linter.unusedSimpArgs false`",
   "level": "warning"},
  {"message":
   "HC4/Valuation/CoupledSmithWallClosure.lean:636:4: This simp argument is unused:\n  finFour_zero_ne_one\n\nHint: Omit it from the simp argument list.\n  simp [transverseAxisBlockerExponent, f̵i̵n̵F̵o̵u̵r̵_̵z̵e̵r̵o̵_̵n̵e̵_̵o̵n̵e̵,̵finFour_zero_ne_two, finFour_one_ne_two,\n      Ne.symm finFour_zero_ne_one, Ne.symm finFour_zero_ne_two, Ne.symm finFour_one_ne_two] at h1\n\nNote: This linter can be disabled with `set_option linter.unusedSimpArgs false`",
   "level": "warning"},
  {"message":
   "HC4/Valuation/CoupledSmithWallClosure.lean:637:4: This simp argument is unused:\n  finFour_zero_ne_two\n\nHint: Omit it from the simp argument list.\n  simp [transverseAxisBlockerExponent, finFour_zero_ne_one, f̵i̵n̵F̵o̵u̵r̵_̵z̵e̵r̵o̵_̵n̵e̵_̵t̵w̵o̵,̵finFour_one_ne_two,\n      Ne.symm finFour_zero_ne_one, Ne.symm finFour_zero_ne_two, Ne.symm finFour_one_ne_two] at h1\n\nNote: This linter can be disabled with `set_option linter.unusedSimpArgs false`",
   "level": "warning"},
  {"message":
   "HC4/Valuation/CoupledSmithWallClosure.lean:640:4: This simp argument is unused:\n  Ne.symm finFour_zero_ne_two\n\nHint: Omit it from the simp argument list.\n  simp [transverseAxisBlockerExponent, finFour_zero_ne_one, finFour_zero_ne_two, finFour_one_ne_two,\n      Ne.symm finFour_zero_ne_one, Ne.symm f̵i̵n̵F̵o̵u̵r̵_̵z̵e̵r̵o̵_̵n̵e̵_̵t̵w̵o̵,̵\n  ̵ ̵ ̵ ̵ ̵N̵e̵.̵s̵y̵m̵m̵ ̵finFour_one_ne_two] at h1\n\nNote: This linter can be disabled with `set_option linter.unusedSimpArgs false`",
   "level": "warning"},
  {"message":
   "HC4/Valuation/CoupledSmithWallClosure.lean:641:4: This simp argument is unused:\n  Ne.symm finFour_one_ne_two\n\nHint: Omit it from the simp argument list.\n  simp [transverseAxisBlockerExponent, finFour_zero_ne_one, finFour_zero_ne_two, finFour_one_ne_two,\n      Ne.symm finFour_zero_ne_one, Ne.symm f̵i̵n̵F̵o̵u̵r̵_̵z̵e̵r̵o̵_̵n̵e̵_̵t̵w̵o̵,̵\n  ̵ ̵ ̵ ̵ ̵N̵e̵.̵s̵y̵m̵m̵ ̵f̵i̵n̵F̵o̵u̵r̵_̵o̵n̵e̵_̵n̵e̵_̵t̵w̵o̵]̵f̲i̲n̲F̲o̲u̲r̲_̲z̲e̲r̲o̲_̲n̲e̲_̲t̲w̲o̲]̲ at h1\n\nNote: This linter can be disabled with `set_option linter.unusedSimpArgs false`",
   "level": "warning"},
  {"message":
   "HC4/Valuation/CoupledSmithWallClosure.lean:686:6: This simp argument is unused:\n  hXY\n\nHint: Omit it from the simp argument list.\n  simp [coupledLowBlockerMonomialModel,\n  ̵  ̵ ̵ ̵ ̵ ̵coupledLowBlockerCoeffX,\n  ̵  ̵ ̵ ̵ ̵ ̵coupledLowBlockerCoeffY,\n        coupledLowBlockerCoeffZ,\n  ̵  ̵ ̵ ̵ ̵ ̵hXY̵,̵ ̵h̵X̵Z, Ne.symm hXY, Ne.symm hXZ]\n\nNote: This linter can be disabled with `set_option linter.unusedSimpArgs false`",
   "level": "warning"},
  {"message":
   "HC4/Valuation/CoupledSmithWallClosure.lean:686:11: This simp argument is unused:\n  hXZ\n\nHint: Omit it from the simp argument list.\n  simp [coupledLowBlockerMonomialModel,\n  ̵  ̵ ̵ ̵ ̵ ̵coupledLowBlockerCoeffX,\n  ̵  ̵ ̵ ̵ ̵ ̵coupledLowBlockerCoeffY,\n        coupledLowBlockerCoeffZ,\n  ̵  ̵ ̵ ̵ ̵ ̵hXY̵Y̲, h̵X̵Z̵,̵ ̵Ne.symm hXY, Ne.symm hXZ]\n\nNote: This linter can be disabled with `set_option linter.unusedSimpArgs false`",
   "level": "warning"},
  {"message":
   "HC4/Valuation/CoupledSmithWallClosure.lean:696:13: This simp argument is unused:\n  hYZ\n\nHint: Omit it from the simp argument list.\n  simp [coupledLowBlockerMonomialModel, coupledLowBlockerCoeffX, coupledLowBlockerCoeffY,\n          coupledLowBlockerCoeffZ, hXY, h̵Y̵Z̵,̵ ̵Ne.symm hXY, Ne.symm hYZ]\n\nNote: This linter can be disabled with `set_option linter.unusedSimpArgs false`",
   "level": "warning"},
  {"message":
   "HC4/Valuation/CoupledSmithWallClosure.lean:696:18: This simp argument is unused:\n  Ne.symm hXY\n\nHint: Omit it from the simp argument list.\n  simp [coupledLowBlockerMonomialModel, coupledLowBlockerCoeffX, coupledLowBlockerCoeffY,\n          coupledLowBlockerCoeffZ, hXY, hYZ, Ne.symm h̵X̵Y̵,̵ ̵N̵e̵.̵s̵y̵m̵m̵ ̵hYZ]\n\nNote: This linter can be disabled with `set_option linter.unusedSimpArgs false`",
   "level": "warning"},
  {"message":
   "HC4/Valuation/CoupledSmithWallClosure.lean:706:20: This simp argument is unused:\n  Ne.symm hXZ\n\nHint: Omit it from the simp argument list.\n  simp [coupledLowBlockerMonomialModel, coupledLowBlockerCoeffX, coupledLowBlockerCoeffY,\n            coupledLowBlockerCoeffZ, hXZ, hYZ, Ne.symm h̵X̵Z̵,̵ ̵N̵e̵.̵s̵y̵m̵m̵ ̵hYZ]\n\nNote: This linter can be disabled with `set_option linter.unusedSimpArgs false`",
   "level": "warning"},
  {"message":
   "HC4/Valuation/CoupledSmithWallClosure.lean:706:33: This simp argument is unused:\n  Ne.symm hYZ\n\nHint: Omit it from the simp argument list.\n  simp [coupledLowBlockerMonomialModel, coupledLowBlockerCoeffX, coupledLowBlockerCoeffY,\n            coupledLowBlockerCoeffZ, hXZ, hYZ, Ne.symm h̵X̵Z̵,̵ ̵N̵e̵.̵s̵y̵m̵m̵ ̵h̵Y̵Z̵]̵h̲X̲Z̲]̲\n\nNote: This linter can be disabled with `set_option linter.unusedSimpArgs false`",
   "level": "warning"},
  {"message":
   "HC4/Valuation/CoupledSmithWallClosure.lean:715:17: This simp argument is unused:\n  hX\n\nHint: Omit it from the simp argument list.\n  simp [coupledLowBlockerMonomialModel, hzero, h̵X̵,̵ ̵hY, hZ, Ne.symm hX, Ne.symm hY, Ne.symm hZ]\n\nNote: This linter can be disabled with `set_option linter.unusedSimpArgs false`",
   "level": "warning"},
  {"message":
   "HC4/Valuation/CoupledSmithWallClosure.lean:715:21: This simp argument is unused:\n  hY\n\nHint: Omit it from the simp argument list.\n  simp [coupledLowBlockerMonomialModel, hzero, hX, h̵Y̵,̵ ̵hZ, Ne.symm hX, Ne.symm hY, Ne.symm hZ]\n\nNote: This linter can be disabled with `set_option linter.unusedSimpArgs false`",
   "level": "warning"},
  {"message":
   "HC4/Valuation/CoupledSmithWallClosure.lean:715:25: This simp argument is unused:\n  hZ\n\nHint: Omit it from the simp argument list.\n  simp [coupledLowBlockerMonomialModel, hzero, hX, hY, h̵Z̵,̵Ne.symm hX, Ne.symm hY, Ne.symm hZ]\n\nNote: This linter can be disabled with `set_option linter.unusedSimpArgs false`",
   "level": "warning"},
  {"message":
   "HC4/Valuation/CoupledSmithWallClosure.lean:785:16: This simp argument is unused:\n  finFour_zero_ne_one\n\nHint: Omit it from the simp argument list.\n  simp [̵f̵i̵n̵F̵o̵u̵r̵_̵z̵e̵r̵o̵_̵n̵e̵_̵o̵n̵e̵,̵\n  ̵ ̵ ̵ ̵ ̵ ̵ ̵ ̵ ̵ ̵ ̵ ̵ ̵f̵i̵n̵F̵o̵u̵r̵_̵z̵e̵r̵o̵_̵n̵e̵_̵t̵w̵o̵,̵[̲f̲i̲n̲F̲o̲u̲r̲_̲z̲e̲r̲o̲_̲n̲e̲_̲t̲w̲o̲,̲ finFour_one_ne_two, Ne.symm finFour_zero_ne_one,\n              Ne.symm finFour_zero_ne_two, Ne.symm finFour_one_ne_two]\n\nNote: This linter can be disabled with `set_option linter.unusedSimpArgs false`",
   "level": "warning"},
  {"message":
   "HC4/Valuation/CoupledSmithWallClosure.lean:786:12: This simp argument is unused:\n  finFour_zero_ne_two\n\nHint: Omit it from the simp argument list.\n  simp [finFour_zero_ne_one, f̵i̵n̵F̵o̵u̵r̵_̵z̵e̵r̵o̵_̵n̵e̵_̵t̵w̵o̵,̵finFour_one_ne_two, Ne.symm finFour_zero_ne_one,\n  ̲  ̲ ̲ ̲ ̲ ̲ ̲ ̲ ̲ ̲ ̲ ̲Ne.symm finFour_zero_ne_two, Ne.symm finFour_one_ne_two]\n\nNote: This linter can be disabled with `set_option linter.unusedSimpArgs false`",
   "level": "warning"},
  {"message":
   "HC4/Valuation/CoupledSmithWallClosure.lean:787:12: This simp argument is unused:\n  finFour_one_ne_two\n\nHint: Omit it from the simp argument list.\n  simp [finFour_zero_ne_one, finFour_zero_ne_two, f̵i̵n̵F̵o̵u̵r̵_̵o̵n̵e̵_̵n̵e̵_̵t̵w̵o̵,̵Ne.symm finFour_zero_ne_one,\n  ̲  ̲ ̲ ̲ ̲ ̲ ̲ ̲ ̲ ̲ ̲ ̲Ne.symm finFour_zero_ne_two, Ne.symm finFour_one_ne_two]\n\nNote: This linter can be disabled with `set_option linter.unusedSimpArgs false`",
   "level": "warning"},
  {"message":
   "HC4/Valuation/CoupledSmithWallClosure.lean:788:12: This simp argument is unused:\n  Ne.symm finFour_zero_ne_one\n\nHint: Omit it from the simp argument list.\n  simp [finFour_zero_ne_one, finFour_zero_ne_two, finFour_one_ne_two,\n              Ne.symm f̵i̵n̵F̵o̵u̵r̵_̵z̵e̵r̵o̵_̵n̵e̵_̵o̵n̵e̵,̵\n  ̵ ̵ ̵ ̵ ̵ ̵ ̵ ̵ ̵ ̵ ̵ ̵ ̵N̵e̵.̵s̵y̵m̵m̵ ̵finFour_zero_ne_two, Ne.symm finFour_one_ne_two]\n\nNote: This linter can be disabled with `set_option linter.unusedSimpArgs false`",
   "level": "warning"},
  {"message":
   "HC4/Valuation/CoupledSmithWallClosure.lean:789:12: This simp argument is unused:\n  Ne.symm finFour_zero_ne_two\n\nHint: Omit it from the simp argument list.\n  simp [finFour_zero_ne_one, finFour_zero_ne_two, finFour_one_ne_two,\n              Ne.symm finFour_zero_ne_one, Ne.symm f̵i̵n̵F̵o̵u̵r̵_̵z̵e̵r̵o̵_̵n̵e̵_̵t̵w̵o̵,̵\n  ̵ ̵ ̵ ̵ ̵ ̵ ̵ ̵ ̵ ̵ ̵ ̵ ̵N̵e̵.̵s̵y̵m̵m̵ ̵finFour_one_ne_two]\n\nNote: This linter can be disabled with `set_option linter.unusedSimpArgs false`",
   "level": "warning"},
  {"message":
   "HC4/Valuation/CoupledSmithWallClosure.lean:817:12: This simp argument is unused:\n  finFour_zero_ne_one\n\nHint: Omit it from the simp argument list.\n  simp [-standardTwoZero_pderiv_two_eq_A, f̵i̵n̵F̵o̵u̵r̵_̵z̵e̵r̵o̵_̵n̵e̵_̵o̵n̵e̵,̵finFour_zero_ne_two, finFour_one_ne_two,\n              Ne.symm finFour_zero_ne_one, Ne.symm finFour_zero_ne_two, Ne.symm finFour_one_ne_two]\n\nNote: This linter can be disabled with `set_option linter.unusedSimpArgs false`",
   "level": "warning"},
  {"message":
   "HC4/Valuation/CoupledSmithWallClosure.lean:820:12: This simp argument is unused:\n  Ne.symm finFour_zero_ne_one\n\nHint: Omit it from the simp argument list.\n  simp [-standardTwoZero_pderiv_two_eq_A, finFour_zero_ne_one, finFour_zero_ne_two,\n              finFour_one_ne_two, Ne.symm f̵i̵n̵F̵o̵u̵r̵_̵z̵e̵r̵o̵_̵n̵e̵_̵o̵n̵e̵,̵\n  ̵ ̵ ̵ ̵ ̵ ̵ ̵ ̵ ̵ ̵ ̵ ̵ ̵N̵e̵.̵s̵y̵m̵m̵ ̵finFour_zero_ne_two, Ne.symm finFour_one_ne_two]\n\nNote: This linter can be disabled with `set_option linter.unusedSimpArgs false`",
   "level": "warning"},
  {"message":
   "HC4/Valuation/CoupledSmithWallClosure.lean:821:12: This simp argument is unused:\n  Ne.symm finFour_zero_ne_two\n\nHint: Omit it from the simp argument list.\n  simp [-standardTwoZero_pderiv_two_eq_A, finFour_zero_ne_one, finFour_zero_ne_two,\n              finFour_one_ne_two, Ne.symm finFour_zero_ne_one, Ne.symm f̵i̵n̵F̵o̵u̵r̵_̵z̵e̵r̵o̵_̵n̵e̵_̵t̵w̵o̵,̵\n  ̵ ̵ ̵ ̵ ̵ ̵ ̵ ̵ ̵ ̵ ̵ ̵ ̵N̵e̵.̵s̵y̵m̵m̵ ̵finFour_one_ne_two]\n\nNote: This linter can be disabled with `set_option linter.unusedSimpArgs false`",
   "level": "warning"},
  {"message":
   "HC4/Valuation/CoupledSmithWallClosure.lean:822:12: This simp argument is unused:\n  Ne.symm finFour_one_ne_two\n\nHint: Omit it from the simp argument list.\n  simp [-standardTwoZero_pderiv_two_eq_A, finFour_zero_ne_one, finFour_zero_ne_two,\n              finFour_one_ne_two, Ne.symm finFour_zero_ne_one, Ne.symm f̵i̵n̵F̵o̵u̵r̵_̵z̵e̵r̵o̵_̵n̵e̵_̵t̵w̵o̵,̵\n  ̵ ̵ ̵ ̵ ̵ ̵ ̵ ̵ ̵ ̵ ̵ ̵ ̵N̵e̵.̵s̵y̵m̵m̵ ̵f̵i̵n̵F̵o̵u̵r̵_̵o̵n̵e̵_̵n̵e̵_̵t̵w̵o̵]̵f̲i̲n̲F̲o̲u̲r̲_̲z̲e̲r̲o̲_̲n̲e̲_̲t̲w̲o̲]̲\n\nNote: This linter can be disabled with `set_option linter.unusedSimpArgs false`",
   "level": "warning"},
  {"message":
   "HC4/Valuation/CoupledSmithWallClosure.lean:1092:2: Try `simp at hdF` instead of `simpa using hdF`\n\nNote: This linter can be disabled with `set_option linter.unnecessarySimpa false`",
   "level": "warning"}],
 "inputs":
 [["HC4.Valuation.CoupledSmithWallClosure:deps",
   [["deps",
     [["HC4Lean/HC4:extraDep", [["@HC4Lean:extraDep", "1723"]]],
      ["imports",
       [["HC4.Valuation.SeparatedSmithBoundaryClosure transitive imports (legacy)",
         "5278354608441115699"],
        ["HC4.Valuation.SeparatedSmithBoundaryClosure:importAllArts",
         "7789618651093875151"],
        ["Mathlib.Tactic transitive imports (legacy)", "9494613600595343154"],
        ["Mathlib.Tactic:importAllArts", "16845572214284678408"]]]]],
    ["libs",
     [["import dynlibs", "1723"],
      ["package external libraries", "1723"],
      ["module dynlibs", "1723"],
      ["module plugins", "1723"]]]]],
  ["Lean 4.24.0, commit 797c613eb9b6d4ec95db23e3e00af9ac6657f24b",
   "1165570713881806064"],
  ["/home/Jamie/HC4/lean/HC4_Lean_Canonical_Phase75_2/HC4/Valuation/CoupledSmithWallClosure.lean",
   "3951613289534109388"],
  ["options", "1723"],
  ["Module.leanArgs: #[]", "1723"]],
 "depHash": "6535946173236955783"}