{"synthetic": false,
 "outputs":
 {"o": ["11761749911958040836"],
  "i": "11159766299154811060",
  "c": "5205773111395409627"},
 "log":
 [{"message":
   ".> LEAN_PATH=/home/Jamie/HC4/lean/HC4_Lean_Canonical_Phase75_4/.lake/packages/Cli/.lake/build/lib/lean:/home/Jamie/HC4/lean/HC4_Lean_Canonical_Phase75_4/.lake/packages/batteries/.lake/build/lib/lean:/home/Jamie/HC4/lean/HC4_Lean_Canonical_Phase75_4/.lake/packages/Qq/.lake/build/lib/lean:/home/Jamie/HC4/lean/HC4_Lean_Canonical_Phase75_4/.lake/packages/aesop/.lake/build/lib/lean:/home/Jamie/HC4/lean/HC4_Lean_Canonical_Phase75_4/.lake/packages/proofwidgets/.lake/build/lib/lean:/home/Jamie/HC4/lean/HC4_Lean_Canonical_Phase75_4/.lake/packages/importGraph/.lake/build/lib/lean:/home/Jamie/HC4/lean/HC4_Lean_Canonical_Phase75_4/.lake/packages/LeanSearchClient/.lake/build/lib/lean:/home/Jamie/HC4/lean/HC4_Lean_Canonical_Phase75_4/.lake/packages/plausible/.lake/build/lib/lean:/home/Jamie/HC4/lean/HC4_Lean_Canonical_Phase75_4/.lake/packages/mathlib/.lake/build/lib/lean:/home/Jamie/HC4/lean/HC4_Lean_Canonical_Phase75_4/.lake/build/lib/lean /home/Jamie/.elan/toolchains/leanprover--lean4---v4.24.0/bin/lean /home/Jamie/HC4/lean/HC4_Lean_Canonical_Phase75_4/HC4/Valuation/DefectRetainingDepartureFrontier.lean -o /home/Jamie/HC4/lean/HC4_Lean_Canonical_Phase75_4/.lake/build/lib/lean/HC4/Valuation/DefectRetainingDepartureFrontier.olean -i /home/Jamie/HC4/lean/HC4_Lean_Canonical_Phase75_4/.lake/build/lib/lean/HC4/Valuation/DefectRetainingDepartureFrontier.ilean -c /home/Jamie/HC4/lean/HC4_Lean_Canonical_Phase75_4/.lake/build/ir/HC4/Valuation/DefectRetainingDepartureFrontier.c --setup /home/Jamie/HC4/lean/HC4_Lean_Canonical_Phase75_4/.lake/build/ir/HC4/Valuation/DefectRetainingDepartureFrontier.setup.json --json",
   "level": "trace"},
  {"message":
   "HC4/Valuation/DefectRetainingDepartureFrontier.lean:784:4: unused variable `hJC2`\n\nNote: This linter can be disabled with `set_option linter.unusedVariables false`",
   "level": "warning"},
  {"message":
   "HC4/Valuation/DefectRetainingDepartureFrontier.lean:787:8: unused variable `f`\n\nNote: This linter can be disabled with `set_option linter.unusedVariables false`",
   "level": "warning"}],
 "inputs":
 [["HC4.Valuation.DefectRetainingDepartureFrontier:deps",
   [["deps",
     [["HC4Lean/HC4:extraDep", [["@HC4Lean:extraDep", "1723"]]],
      ["imports",
       [["HC4.Valuation.LosslessSmithFrontier transitive imports (legacy)",
         "10237678821737176605"],
        ["HC4.Valuation.LosslessSmithFrontier:importAllArts",
         "2387979467969363700"],
        ["HC4.Valuation.AlignedSmithFirstStop transitive imports (legacy)",
         "11314740169370598366"],
        ["HC4.Valuation.AlignedSmithFirstStop:importAllArts",
         "4975467725894761719"],
        ["HC4.Valuation.SmithFamilyHomogeneity transitive imports (legacy)",
         "719092207704809630"],
        ["HC4.Valuation.SmithFamilyHomogeneity:importAllArts",
         "10989323077808466347"],
        ["Mathlib.Tactic transitive imports (legacy)", "9494613600595343154"],
        ["Mathlib.Tactic:importAllArts", "16845572214284678408"]]]]],
    ["libs",
     [["import dynlibs", "1723"],
      ["package external libraries", "1723"],
      ["module dynlibs", "1723"],
      ["module plugins", "1723"]]]]],
  ["Lean 4.24.0, commit 797c613eb9b6d4ec95db23e3e00af9ac6657f24b",
   "1165570713881806064"],
  ["/home/Jamie/HC4/lean/HC4_Lean_Canonical_Phase75_4/HC4/Valuation/DefectRetainingDepartureFrontier.lean",
   "14011389485570092574"],
  ["options", "1723"],
  ["Module.leanArgs: #[]", "1723"]],
 "depHash": "16156181272748572098"}