{"synthetic": false,
 "outputs":
 {"o": ["9077383008952214143"],
  "i": "2984542735110058180",
  "c": "12212927272693990286"},
 "log":
 [{"message":
   ".> LEAN_PATH=/home/Jamie/HC4/lean/HC4_Lean_Canonical_Phase75_4/.lake/packages/Cli/.lake/build/lib/lean:/home/Jamie/HC4/lean/HC4_Lean_Canonical_Phase75_4/.lake/packages/batteries/.lake/build/lib/lean:/home/Jamie/HC4/lean/HC4_Lean_Canonical_Phase75_4/.lake/packages/Qq/.lake/build/lib/lean:/home/Jamie/HC4/lean/HC4_Lean_Canonical_Phase75_4/.lake/packages/aesop/.lake/build/lib/lean:/home/Jamie/HC4/lean/HC4_Lean_Canonical_Phase75_4/.lake/packages/proofwidgets/.lake/build/lib/lean:/home/Jamie/HC4/lean/HC4_Lean_Canonical_Phase75_4/.lake/packages/importGraph/.lake/build/lib/lean:/home/Jamie/HC4/lean/HC4_Lean_Canonical_Phase75_4/.lake/packages/LeanSearchClient/.lake/build/lib/lean:/home/Jamie/HC4/lean/HC4_Lean_Canonical_Phase75_4/.lake/packages/plausible/.lake/build/lib/lean:/home/Jamie/HC4/lean/HC4_Lean_Canonical_Phase75_4/.lake/packages/mathlib/.lake/build/lib/lean:/home/Jamie/HC4/lean/HC4_Lean_Canonical_Phase75_4/.lake/build/lib/lean /home/Jamie/.elan/toolchains/leanprover--lean4---v4.24.0/bin/lean /home/Jamie/HC4/lean/HC4_Lean_Canonical_Phase75_4/HC4/Valuation/FirstSchurDepartureBridge.lean -o /home/Jamie/HC4/lean/HC4_Lean_Canonical_Phase75_4/.lake/build/lib/lean/HC4/Valuation/FirstSchurDepartureBridge.olean -i /home/Jamie/HC4/lean/HC4_Lean_Canonical_Phase75_4/.lake/build/lib/lean/HC4/Valuation/FirstSchurDepartureBridge.ilean -c /home/Jamie/HC4/lean/HC4_Lean_Canonical_Phase75_4/.lake/build/ir/HC4/Valuation/FirstSchurDepartureBridge.c --setup /home/Jamie/HC4/lean/HC4_Lean_Canonical_Phase75_4/.lake/build/ir/HC4/Valuation/FirstSchurDepartureBridge.setup.json --json",
   "level": "trace"}],
 "inputs":
 [["HC4.Valuation.FirstSchurDepartureBridge:deps",
   [["deps",
     [["HC4Lean/HC4:extraDep", [["@HC4Lean:extraDep", "1723"]]],
      ["imports",
       [["HC4.Valuation.ActualParameterLayer transitive imports (legacy)",
         "18352295376742012459"],
        ["HC4.Valuation.ActualParameterLayer:importAllArts",
         "17490220273340642501"],
        ["HC4.Valuation.CanonicalSmithReesSpecialFiber transitive imports (legacy)",
         "15986971944831846249"],
        ["HC4.Valuation.CanonicalSmithReesSpecialFiber:importAllArts",
         "14310617224581708329"],
        ["HC4.Newton.MixedDepartureAdapter transitive imports (legacy)",
         "18244027623441104961"],
        ["HC4.Newton.MixedDepartureAdapter:importAllArts",
         "1530091796951531129"],
        ["HC4.Newton.FirstSchurLayerLinearization transitive imports (legacy)",
         "1729776492098551515"],
        ["HC4.Newton.FirstSchurLayerLinearization:importAllArts",
         "8816150231756396819"],
        ["HC4.Newton.RankOneSchurSeriesAlignment transitive imports (legacy)",
         "5282030658294238045"],
        ["HC4.Newton.RankOneSchurSeriesAlignment:importAllArts",
         "13798201229932228683"],
        ["Mathlib.Tactic transitive imports (legacy)", "9494613600595343154"],
        ["Mathlib.Tactic:importAllArts", "16845572214284678408"]]]]],
    ["libs",
     [["import dynlibs", "1723"],
      ["package external libraries", "1723"],
      ["module dynlibs", "1723"],
      ["module plugins", "1723"]]]]],
  ["Lean 4.24.0, commit 797c613eb9b6d4ec95db23e3e00af9ac6657f24b",
   "1165570713881806064"],
  ["/home/Jamie/HC4/lean/HC4_Lean_Canonical_Phase75_4/HC4/Valuation/FirstSchurDepartureBridge.lean",
   "12841702786092922656"],
  ["options", "1723"],
  ["Module.leanArgs: #[]", "1723"]],
 "depHash": "7559519729197694488"}