{"synthetic": false,
 "outputs":
 {"o": ["14459767905672063592"],
  "i": "793881611572402085",
  "c": "3844803043157496361"},
 "log":
 [{"message":
   ".> LEAN_PATH=/home/Jamie/HC4/lean/HC4_Lean_Canonical_Phase75_4/.lake/packages/Cli/.lake/build/lib/lean:/home/Jamie/HC4/lean/HC4_Lean_Canonical_Phase75_4/.lake/packages/batteries/.lake/build/lib/lean:/home/Jamie/HC4/lean/HC4_Lean_Canonical_Phase75_4/.lake/packages/Qq/.lake/build/lib/lean:/home/Jamie/HC4/lean/HC4_Lean_Canonical_Phase75_4/.lake/packages/aesop/.lake/build/lib/lean:/home/Jamie/HC4/lean/HC4_Lean_Canonical_Phase75_4/.lake/packages/proofwidgets/.lake/build/lib/lean:/home/Jamie/HC4/lean/HC4_Lean_Canonical_Phase75_4/.lake/packages/importGraph/.lake/build/lib/lean:/home/Jamie/HC4/lean/HC4_Lean_Canonical_Phase75_4/.lake/packages/LeanSearchClient/.lake/build/lib/lean:/home/Jamie/HC4/lean/HC4_Lean_Canonical_Phase75_4/.lake/packages/plausible/.lake/build/lib/lean:/home/Jamie/HC4/lean/HC4_Lean_Canonical_Phase75_4/.lake/packages/mathlib/.lake/build/lib/lean:/home/Jamie/HC4/lean/HC4_Lean_Canonical_Phase75_4/.lake/build/lib/lean /home/Jamie/.elan/toolchains/leanprover--lean4---v4.24.0/bin/lean /home/Jamie/HC4/lean/HC4_Lean_Canonical_Phase75_4/HC4/Valuation/NonlinearDegreeBoundPreservation.lean -o /home/Jamie/HC4/lean/HC4_Lean_Canonical_Phase75_4/.lake/build/lib/lean/HC4/Valuation/NonlinearDegreeBoundPreservation.olean -i /home/Jamie/HC4/lean/HC4_Lean_Canonical_Phase75_4/.lake/build/lib/lean/HC4/Valuation/NonlinearDegreeBoundPreservation.ilean -c /home/Jamie/HC4/lean/HC4_Lean_Canonical_Phase75_4/.lake/build/ir/HC4/Valuation/NonlinearDegreeBoundPreservation.c --setup /home/Jamie/HC4/lean/HC4_Lean_Canonical_Phase75_4/.lake/build/ir/HC4/Valuation/NonlinearDegreeBoundPreservation.setup.json --json",
   "level": "trace"}],
 "inputs":
 [["HC4.Valuation.NonlinearDegreeBoundPreservation:deps",
   [["deps",
     [["HC4Lean/HC4:extraDep", [["@HC4Lean:extraDep", "1723"]]],
      ["imports",
       [["HC4.Newton.FirstNonfacetContact transitive imports (legacy)",
         "5525625793586623987"],
        ["HC4.Newton.FirstNonfacetContact:importAllArts",
         "15049426343892726188"],
        ["HC4.Valuation.ParameterRamification transitive imports (legacy)",
         "9574236262209486469"],
        ["HC4.Valuation.ParameterRamification:importAllArts",
         "1779272858461416741"],
        ["HC4.Valuation.IntegralKernelBlowup transitive imports (legacy)",
         "6274605678693903525"],
        ["HC4.Valuation.IntegralKernelBlowup:importAllArts",
         "6784961529495816977"],
        ["HC4.Valuation.PointedShearContinuation transitive imports (legacy)",
         "11198617097122401596"],
        ["HC4.Valuation.PointedShearContinuation:importAllArts",
         "6052447382778070681"],
        ["HC4.Valuation.MovingCollisionRecentering transitive imports (legacy)",
         "15085111742043889239"],
        ["HC4.Valuation.MovingCollisionRecentering:importAllArts",
         "4117868163650216230"],
        ["Mathlib.Tactic transitive imports (legacy)", "9494613600595343154"],
        ["Mathlib.Tactic:importAllArts", "16845572214284678408"]]]]],
    ["libs",
     [["import dynlibs", "1723"],
      ["package external libraries", "1723"],
      ["module dynlibs", "1723"],
      ["module plugins", "1723"]]]]],
  ["Lean 4.24.0, commit 797c613eb9b6d4ec95db23e3e00af9ac6657f24b",
   "1165570713881806064"],
  ["/home/Jamie/HC4/lean/HC4_Lean_Canonical_Phase75_4/HC4/Valuation/NonlinearDegreeBoundPreservation.lean",
   "8606630331185470392"],
  ["options", "1723"],
  ["Module.leanArgs: #[]", "1723"]],
 "depHash": "1789076499688771372"}