{"synthetic": false,
 "outputs":
 {"o": ["10167556307591965382"],
  "i": "11340459720941650984",
  "c": "8261923855348482921"},
 "log":
 [{"message":
   ".> LEAN_PATH=/home/Jamie/HC4/lean/HC4_Lean_Canonical_Phase75_2/.lake/packages/Cli/.lake/build/lib/lean:/home/Jamie/HC4/lean/HC4_Lean_Canonical_Phase75_2/.lake/packages/batteries/.lake/build/lib/lean:/home/Jamie/HC4/lean/HC4_Lean_Canonical_Phase75_2/.lake/packages/Qq/.lake/build/lib/lean:/home/Jamie/HC4/lean/HC4_Lean_Canonical_Phase75_2/.lake/packages/aesop/.lake/build/lib/lean:/home/Jamie/HC4/lean/HC4_Lean_Canonical_Phase75_2/.lake/packages/proofwidgets/.lake/build/lib/lean:/home/Jamie/HC4/lean/HC4_Lean_Canonical_Phase75_2/.lake/packages/importGraph/.lake/build/lib/lean:/home/Jamie/HC4/lean/HC4_Lean_Canonical_Phase75_2/.lake/packages/LeanSearchClient/.lake/build/lib/lean:/home/Jamie/HC4/lean/HC4_Lean_Canonical_Phase75_2/.lake/packages/plausible/.lake/build/lib/lean:/home/Jamie/HC4/lean/HC4_Lean_Canonical_Phase75_2/.lake/packages/mathlib/.lake/build/lib/lean:/home/Jamie/HC4/lean/HC4_Lean_Canonical_Phase75_2/.lake/build/lib/lean /home/Jamie/.elan/toolchains/leanprover--lean4---v4.24.0/bin/lean /home/Jamie/HC4/lean/HC4_Lean_Canonical_Phase75_2/HC4/Valuation/ParameterRamification.lean -o /home/Jamie/HC4/lean/HC4_Lean_Canonical_Phase75_2/.lake/build/lib/lean/HC4/Valuation/ParameterRamification.olean -i /home/Jamie/HC4/lean/HC4_Lean_Canonical_Phase75_2/.lake/build/lib/lean/HC4/Valuation/ParameterRamification.ilean -c /home/Jamie/HC4/lean/HC4_Lean_Canonical_Phase75_2/.lake/build/ir/HC4/Valuation/ParameterRamification.c --setup /home/Jamie/HC4/lean/HC4_Lean_Canonical_Phase75_2/.lake/build/ir/HC4/Valuation/ParameterRamification.setup.json --json",
   "level": "trace"},
  {"message":
   "HC4/Valuation/ParameterRamification.lean:68:2: try 'simp' instead of 'simpa'\n\nNote: This linter can be disabled with `set_option linter.unnecessarySimpa false`",
   "level": "warning"},
  {"message":
   "HC4/Valuation/ParameterRamification.lean:145:6: This simp argument is unused:\n  parameterRamificationSection\n\nHint: Omit it from the simp argument list.\n  simp [parameterRamificationFamily,̵\n  ̵ ̵ ̵ ̵ ̵ ̵ ̵p̵a̵r̵a̵m̵e̵t̵e̵r̵R̵a̵m̵i̵f̵i̵c̵a̵t̵i̵o̵n̵S̵e̵c̵t̵i̵o̵n̵]\n\nNote: This linter can be disabled with `set_option linter.unusedSimpArgs false`",
   "level": "warning"},
  {"message":
   "HC4/Valuation/ParameterRamification.lean:207:0: automatically included section variable(s) unused in theorem `HC4.Valuation.hessian_parameterRamificationFamily_entry`:\n  [Fintype σ]\n  [DecidableEq σ]\nconsider restructuring your `variable` declarations so that the variables are not in scope or explicitly omit them:\n  omit [Fintype σ] [DecidableEq σ] in theorem ...\n\nNote: This linter can be disabled with `set_option linter.unusedSectionVars false`",
   "level": "warning"}],
 "inputs":
 [["HC4.Valuation.ParameterRamification:deps",
   [["deps",
     [["HC4Lean/HC4:extraDep", [["@HC4Lean:extraDep", "1723"]]],
      ["imports",
       [["HC4.Valuation.SmithConformalCovariance transitive imports (legacy)",
         "7063655606515204622"],
        ["HC4.Valuation.SmithConformalCovariance:importAllArts",
         "2548501728909584682"],
        ["HC4.Newton.SmithPoleMinimality transitive imports (legacy)",
         "3357095122129357713"],
        ["HC4.Newton.SmithPoleMinimality:importAllArts",
         "10945112194012662111"],
        ["Mathlib.Algebra.Polynomial.Eval.Defs transitive imports (legacy)",
         "8946261953110949632"],
        ["Mathlib.Algebra.Polynomial.Eval.Defs:importAllArts",
         "18443641316536751578"],
        ["Mathlib.Tactic transitive imports (legacy)", "9494613600595343154"],
        ["Mathlib.Tactic:importAllArts", "16845572214284678408"]]]]],
    ["libs",
     [["import dynlibs", "1723"],
      ["package external libraries", "1723"],
      ["module dynlibs", "1723"],
      ["module plugins", "1723"]]]]],
  ["Lean 4.24.0, commit 797c613eb9b6d4ec95db23e3e00af9ac6657f24b",
   "1165570713881806064"],
  ["/home/Jamie/HC4/lean/HC4_Lean_Canonical_Phase75_2/HC4/Valuation/ParameterRamification.lean",
   "1118562795462790524"],
  ["options", "1723"],
  ["Module.leanArgs: #[]", "1723"]],
 "depHash": "2214110030280350683"}