{"synthetic": false,
 "outputs":
 {"o": ["12034741636178464930"],
  "i": "3217551149235299445",
  "c": "14743257203566888220"},
 "log":
 [{"message":
   ".> LEAN_PATH=/home/Jamie/HC4/lean/HC4_Lean_Canonical_Phase75_2/.lake/packages/Cli/.lake/build/lib/lean:/home/Jamie/HC4/lean/HC4_Lean_Canonical_Phase75_2/.lake/packages/batteries/.lake/build/lib/lean:/home/Jamie/HC4/lean/HC4_Lean_Canonical_Phase75_2/.lake/packages/Qq/.lake/build/lib/lean:/home/Jamie/HC4/lean/HC4_Lean_Canonical_Phase75_2/.lake/packages/aesop/.lake/build/lib/lean:/home/Jamie/HC4/lean/HC4_Lean_Canonical_Phase75_2/.lake/packages/proofwidgets/.lake/build/lib/lean:/home/Jamie/HC4/lean/HC4_Lean_Canonical_Phase75_2/.lake/packages/importGraph/.lake/build/lib/lean:/home/Jamie/HC4/lean/HC4_Lean_Canonical_Phase75_2/.lake/packages/LeanSearchClient/.lake/build/lib/lean:/home/Jamie/HC4/lean/HC4_Lean_Canonical_Phase75_2/.lake/packages/plausible/.lake/build/lib/lean:/home/Jamie/HC4/lean/HC4_Lean_Canonical_Phase75_2/.lake/packages/mathlib/.lake/build/lib/lean:/home/Jamie/HC4/lean/HC4_Lean_Canonical_Phase75_2/.lake/build/lib/lean /home/Jamie/.elan/toolchains/leanprover--lean4---v4.24.0/bin/lean /home/Jamie/HC4/lean/HC4_Lean_Canonical_Phase75_2/HC4/Valuation/PointedShearContinuation.lean -o /home/Jamie/HC4/lean/HC4_Lean_Canonical_Phase75_2/.lake/build/lib/lean/HC4/Valuation/PointedShearContinuation.olean -i /home/Jamie/HC4/lean/HC4_Lean_Canonical_Phase75_2/.lake/build/lib/lean/HC4/Valuation/PointedShearContinuation.ilean -c /home/Jamie/HC4/lean/HC4_Lean_Canonical_Phase75_2/.lake/build/ir/HC4/Valuation/PointedShearContinuation.c --setup /home/Jamie/HC4/lean/HC4_Lean_Canonical_Phase75_2/.lake/build/ir/HC4/Valuation/PointedShearContinuation.setup.json --json",
   "level": "trace"},
  {"message":
   "HC4/Valuation/PointedShearContinuation.lean:180:15: This simp argument is unused:\n  if_pos rfl\n\nHint: Omit it from the simp argument list.\n  simp only ̵[̵i̵f̵_̵p̵o̵s̵ ̵r̵f̵l̵]̵\n\nNote: This linter can be disabled with `set_option linter.unusedSimpArgs false`",
   "level": "warning"},
  {"message":
   "HC4/Valuation/PointedShearContinuation.lean:264:39: This simp argument is unused:\n  hk0\n\nHint: Omit it from the simp argument list.\n  simp [elementaryShearVariable, hk0̵,̵ ̵h̵k̵j, hjk, hj0]\n\nNote: This linter can be disabled with `set_option linter.unusedSimpArgs false`",
   "level": "warning"},
  {"message":
   "HC4/Valuation/PointedShearContinuation.lean:264:49: This simp argument is unused:\n  hjk\n\nHint: Omit it from the simp argument list.\n  simp [elementaryShearVariable, hk0, hkj, hjk̵,̵ ̵h̵j̵0]\n\nNote: This linter can be disabled with `set_option linter.unusedSimpArgs false`",
   "level": "warning"},
  {"message":
   "HC4/Valuation/PointedShearContinuation.lean:270:44: This simp argument is unused:\n  hjk\n\nHint: Omit it from the simp argument list.\n  simp [elementaryShearVariable, hnk, hjk̵,̵ ̵h̵j̵0]\n\nNote: This linter can be disabled with `set_option linter.unusedSimpArgs false`",
   "level": "warning"},
  {"message":
   "HC4/Valuation/PointedShearContinuation.lean:270:49: This simp argument is unused:\n  hj0\n\nHint: Omit it from the simp argument list.\n  simp [elementaryShearVariable, hnk, hjk,̵ ̵h̵j̵0̵]\n\nNote: This linter can be disabled with `set_option linter.unusedSimpArgs false`",
   "level": "warning"},
  {"message":
   "HC4/Valuation/PointedShearContinuation.lean:272:49: This simp argument is unused:\n  hjn\n\nHint: Omit it from the simp argument list.\n  simp [elementaryShearVariable, hnk, hnj, hjn̵,̵ ̵h̵j̵0]\n\nNote: This linter can be disabled with `set_option linter.unusedSimpArgs false`",
   "level": "warning"},
  {"message":
   "HC4/Valuation/PointedShearContinuation.lean:272:54: This simp argument is unused:\n  hj0\n\nHint: Omit it from the simp argument list.\n  simp [elementaryShearVariable, hnk, hnj, hjn,̵ ̵h̵j̵0̵]\n\nNote: This linter can be disabled with `set_option linter.unusedSimpArgs false`",
   "level": "warning"},
  {"message":
   "HC4/Valuation/PointedShearContinuation.lean:262:48: 'ring' tactic does nothing\n\nNote: This linter can be disabled with `set_option linter.unusedTactic false`",
   "level": "warning"},
  {"message":
   "HC4/Valuation/PointedShearContinuation.lean:264:63: 'ring' tactic does nothing\n\nNote: This linter can be disabled with `set_option linter.unusedTactic false`",
   "level": "warning"},
  {"message":
   "HC4/Valuation/PointedShearContinuation.lean:270:58: 'ring' tactic does nothing\n\nNote: This linter can be disabled with `set_option linter.unusedTactic false`",
   "level": "warning"},
  {"message":
   "HC4/Valuation/PointedShearContinuation.lean:272:63: 'ring' tactic does nothing\n\nNote: This linter can be disabled with `set_option linter.unusedTactic false`",
   "level": "warning"},
  {"message":
   "HC4/Valuation/PointedShearContinuation.lean:262:48: this tactic is never executed\n\nNote: This linter can be disabled with `set_option linter.unreachableTactic false`",
   "level": "warning"},
  {"message":
   "HC4/Valuation/PointedShearContinuation.lean:264:63: this tactic is never executed\n\nNote: This linter can be disabled with `set_option linter.unreachableTactic false`",
   "level": "warning"},
  {"message":
   "HC4/Valuation/PointedShearContinuation.lean:270:58: this tactic is never executed\n\nNote: This linter can be disabled with `set_option linter.unreachableTactic false`",
   "level": "warning"},
  {"message":
   "HC4/Valuation/PointedShearContinuation.lean:272:63: this tactic is never executed\n\nNote: This linter can be disabled with `set_option linter.unreachableTactic false`",
   "level": "warning"},
  {"message":
   "HC4/Valuation/PointedShearContinuation.lean:292:27: This simp argument is unused:\n  add_mul\n\nHint: Omit it from the simp argument list.\n  simp [hp, hq, mul_add,̵ ̵a̵d̵d̵_̵m̵u̵l̵]\n\nNote: This linter can be disabled with `set_option linter.unusedSimpArgs false`",
   "level": "warning"},
  {"message":
   "HC4/Valuation/PointedShearContinuation.lean:299:37: This simp argument is unused:\n  hk0\n\nHint: Omit it from the simp argument list.\n  simp [elementaryShearVariable, hk0,̵ ̵h̵k̵0̵']\n\nNote: This linter can be disabled with `set_option linter.unusedSimpArgs false`",
   "level": "warning"},
  {"message":
   "HC4/Valuation/PointedShearContinuation.lean:304:44: This simp argument is unused:\n  hk0'\n\nHint: Omit it from the simp argument list.\n  simp [elementaryShearVariable, hk0,̵ ̵h̵k̵0̵'̵]\n\nNote: This linter can be disabled with `set_option linter.unusedSimpArgs false`",
   "level": "warning"},
  {"message":
   "HC4/Valuation/PointedShearContinuation.lean:307:44: This simp argument is unused:\n  h0n\n\nHint: Omit it from the simp argument list.\n  simp [elementaryShearVariable, hn0, h0̵n,̵ ̵h̵n̵k, hk0]\n\nNote: This linter can be disabled with `set_option linter.unusedSimpArgs false`",
   "level": "warning"},
  {"message":
   "HC4/Valuation/PointedShearContinuation.lean:307:54: This simp argument is unused:\n  hk0\n\nHint: Omit it from the simp argument list.\n  simp [elementaryShearVariable, hn0, h0n, hnk,̵ ̵h̵k̵0̵]\n\nNote: This linter can be disabled with `set_option linter.unusedSimpArgs false`",
   "level": "warning"},
  {"message":
   "HC4/Valuation/PointedShearContinuation.lean:292:36: Used `tac1 <;> tac2` where `(tac1; tac2)` would suffice\n\nNote: This linter can be disabled with `set_option linter.unnecessarySeqFocus false`",
   "level": "warning"},
  {"message":
   "HC4/Valuation/PointedShearContinuation.lean:395:45: Used `tac1 <;> tac2` where `(tac1; tac2)` would suffice\n\nNote: This linter can be disabled with `set_option linter.unnecessarySeqFocus false`",
   "level": "warning"},
  {"message":
   "HC4/Valuation/PointedShearContinuation.lean:625:5: unused variable `hk0`\n\nNote: This linter can be disabled with `set_option linter.unusedVariables false`",
   "level": "warning"}],
 "inputs":
 [["HC4.Valuation.PointedShearContinuation:deps",
   [["deps",
     [["HC4Lean/HC4:extraDep", [["@HC4Lean:extraDep", "1723"]]],
      ["imports",
       [["HC4.Valuation.GeometricAssemblyEntry transitive imports (legacy)",
         "2311705937591236770"],
        ["HC4.Valuation.GeometricAssemblyEntry:importAllArts",
         "1932616635174702697"],
        ["Mathlib.LinearAlgebra.Matrix.Transvection transitive imports (legacy)",
         "5337896179535885390"],
        ["Mathlib.LinearAlgebra.Matrix.Transvection:importAllArts",
         "738815561373474018"],
        ["Mathlib.RingTheory.MvPolynomial.Homogeneous transitive imports (legacy)",
         "473447935369232242"],
        ["Mathlib.RingTheory.MvPolynomial.Homogeneous:importAllArts",
         "2484705982598890629"],
        ["Mathlib.Tactic transitive imports (legacy)", "9494613600595343154"],
        ["Mathlib.Tactic:importAllArts", "16845572214284678408"]]]]],
    ["libs",
     [["import dynlibs", "1723"],
      ["package external libraries", "1723"],
      ["module dynlibs", "1723"],
      ["module plugins", "1723"]]]]],
  ["Lean 4.24.0, commit 797c613eb9b6d4ec95db23e3e00af9ac6657f24b",
   "1165570713881806064"],
  ["/home/Jamie/HC4/lean/HC4_Lean_Canonical_Phase75_2/HC4/Valuation/PointedShearContinuation.lean",
   "17649871816653495711"],
  ["options", "1723"],
  ["Module.leanArgs: #[]", "1723"]],
 "depHash": "8375739344217979649"}