{"synthetic": false,
 "outputs":
 {"o": ["1162606481374162178"],
  "i": "9951464823486463471",
  "c": "8350669065205061932"},
 "log":
 [{"message":
   ".> LEAN_PATH=/home/Jamie/HC4/lean/HC4_Lean_Canonical_Phase75_2/.lake/packages/Cli/.lake/build/lib/lean:/home/Jamie/HC4/lean/HC4_Lean_Canonical_Phase75_2/.lake/packages/batteries/.lake/build/lib/lean:/home/Jamie/HC4/lean/HC4_Lean_Canonical_Phase75_2/.lake/packages/Qq/.lake/build/lib/lean:/home/Jamie/HC4/lean/HC4_Lean_Canonical_Phase75_2/.lake/packages/aesop/.lake/build/lib/lean:/home/Jamie/HC4/lean/HC4_Lean_Canonical_Phase75_2/.lake/packages/proofwidgets/.lake/build/lib/lean:/home/Jamie/HC4/lean/HC4_Lean_Canonical_Phase75_2/.lake/packages/importGraph/.lake/build/lib/lean:/home/Jamie/HC4/lean/HC4_Lean_Canonical_Phase75_2/.lake/packages/LeanSearchClient/.lake/build/lib/lean:/home/Jamie/HC4/lean/HC4_Lean_Canonical_Phase75_2/.lake/packages/plausible/.lake/build/lib/lean:/home/Jamie/HC4/lean/HC4_Lean_Canonical_Phase75_2/.lake/packages/mathlib/.lake/build/lib/lean:/home/Jamie/HC4/lean/HC4_Lean_Canonical_Phase75_2/.lake/build/lib/lean /home/Jamie/.elan/toolchains/leanprover--lean4---v4.24.0/bin/lean /home/Jamie/HC4/lean/HC4_Lean_Canonical_Phase75_2/HC4/Valuation/PrimitiveSmithEndpoint.lean -o /home/Jamie/HC4/lean/HC4_Lean_Canonical_Phase75_2/.lake/build/lib/lean/HC4/Valuation/PrimitiveSmithEndpoint.olean -i /home/Jamie/HC4/lean/HC4_Lean_Canonical_Phase75_2/.lake/build/lib/lean/HC4/Valuation/PrimitiveSmithEndpoint.ilean -c /home/Jamie/HC4/lean/HC4_Lean_Canonical_Phase75_2/.lake/build/ir/HC4/Valuation/PrimitiveSmithEndpoint.c --setup /home/Jamie/HC4/lean/HC4_Lean_Canonical_Phase75_2/.lake/build/ir/HC4/Valuation/PrimitiveSmithEndpoint.setup.json --json",
   "level": "trace"},
  {"message":
   "HC4/Valuation/PrimitiveSmithEndpoint.lean:585:8: unused variable `N`\n\nNote: This linter can be disabled with `set_option linter.unusedVariables false`",
   "level": "warning"},
  {"message":
   "HC4/Valuation/PrimitiveSmithEndpoint.lean:1005:5: unused variable `hdef`\n\nNote: This linter can be disabled with `set_option linter.unusedVariables false`",
   "level": "warning"},
  {"message":
   "HC4/Valuation/PrimitiveSmithEndpoint.lean:1218:10: unused variable `d`\n\nNote: This linter can be disabled with `set_option linter.unusedVariables false`",
   "level": "warning"},
  {"message":
   "HC4/Valuation/PrimitiveSmithEndpoint.lean:1259:5: unused variable `hdef`\n\nNote: This linter can be disabled with `set_option linter.unusedVariables false`",
   "level": "warning"},
  {"message":
   "HC4/Valuation/PrimitiveSmithEndpoint.lean:1281:14: unused variable `e`\n\nNote: This linter can be disabled with `set_option linter.unusedVariables false`",
   "level": "warning"}],
 "inputs":
 [["HC4.Valuation.PrimitiveSmithEndpoint:deps",
   [["deps",
     [["HC4Lean/HC4:extraDep", [["@HC4Lean:extraDep", "1723"]]],
      ["imports",
       [["HC4.Valuation.AlignedSmithEndpoint transitive imports (legacy)",
         "4990918974035090970"],
        ["HC4.Valuation.AlignedSmithEndpoint:importAllArts",
         "943641831903845276"],
        ["Mathlib.Algebra.Polynomial.Expand transitive imports (legacy)",
         "5665888217959771482"],
        ["Mathlib.Algebra.Polynomial.Expand:importAllArts",
         "4081722474686733592"],
        ["Mathlib.RingTheory.MvPolynomial.Homogeneous transitive imports (legacy)",
         "473447935369232242"],
        ["Mathlib.RingTheory.MvPolynomial.Homogeneous:importAllArts",
         "2484705982598890629"],
        ["Mathlib.Tactic transitive imports (legacy)", "9494613600595343154"],
        ["Mathlib.Tactic:importAllArts", "16845572214284678408"]]]]],
    ["libs",
     [["import dynlibs", "1723"],
      ["package external libraries", "1723"],
      ["module dynlibs", "1723"],
      ["module plugins", "1723"]]]]],
  ["Lean 4.24.0, commit 797c613eb9b6d4ec95db23e3e00af9ac6657f24b",
   "1165570713881806064"],
  ["/home/Jamie/HC4/lean/HC4_Lean_Canonical_Phase75_2/HC4/Valuation/PrimitiveSmithEndpoint.lean",
   "14772529005460034671"],
  ["options", "1723"],
  ["Module.leanArgs: #[]", "1723"]],
 "depHash": "9341846063418991791"}