{"synthetic": false,
 "outputs":
 {"o": ["6799505149321029915"],
  "i": "17251007563625390066",
  "c": "3274346733076842856"},
 "log":
 [{"message":
   ".> LEAN_PATH=/home/Jamie/HC4/lean/HC4_Lean_Canonical_Phase75_4/.lake/packages/Cli/.lake/build/lib/lean:/home/Jamie/HC4/lean/HC4_Lean_Canonical_Phase75_4/.lake/packages/batteries/.lake/build/lib/lean:/home/Jamie/HC4/lean/HC4_Lean_Canonical_Phase75_4/.lake/packages/Qq/.lake/build/lib/lean:/home/Jamie/HC4/lean/HC4_Lean_Canonical_Phase75_4/.lake/packages/aesop/.lake/build/lib/lean:/home/Jamie/HC4/lean/HC4_Lean_Canonical_Phase75_4/.lake/packages/proofwidgets/.lake/build/lib/lean:/home/Jamie/HC4/lean/HC4_Lean_Canonical_Phase75_4/.lake/packages/importGraph/.lake/build/lib/lean:/home/Jamie/HC4/lean/HC4_Lean_Canonical_Phase75_4/.lake/packages/LeanSearchClient/.lake/build/lib/lean:/home/Jamie/HC4/lean/HC4_Lean_Canonical_Phase75_4/.lake/packages/plausible/.lake/build/lib/lean:/home/Jamie/HC4/lean/HC4_Lean_Canonical_Phase75_4/.lake/packages/mathlib/.lake/build/lib/lean:/home/Jamie/HC4/lean/HC4_Lean_Canonical_Phase75_4/.lake/build/lib/lean /home/Jamie/.elan/toolchains/leanprover--lean4---v4.24.0/bin/lean /home/Jamie/HC4/lean/HC4_Lean_Canonical_Phase75_4/HC4/Valuation/QuadraticFamilyCollision.lean -o /home/Jamie/HC4/lean/HC4_Lean_Canonical_Phase75_4/.lake/build/lib/lean/HC4/Valuation/QuadraticFamilyCollision.olean -i /home/Jamie/HC4/lean/HC4_Lean_Canonical_Phase75_4/.lake/build/lib/lean/HC4/Valuation/QuadraticFamilyCollision.ilean -c /home/Jamie/HC4/lean/HC4_Lean_Canonical_Phase75_4/.lake/build/ir/HC4/Valuation/QuadraticFamilyCollision.c --setup /home/Jamie/HC4/lean/HC4_Lean_Canonical_Phase75_4/.lake/build/ir/HC4/Valuation/QuadraticFamilyCollision.setup.json --json",
   "level": "trace"},
  {"message":
   "HC4/Valuation/QuadraticFamilyCollision.lean:39:0: automatically included section variable(s) unused in theorem `HC4.Valuation.homogeneous_zero_eq_C_constantCoeff_domain`:\n  [IsDomain R]\nconsider restructuring your `variable` declarations so that the variables are not in scope or explicitly omit them:\n  omit [IsDomain R] in theorem ...\n\nNote: This linter can be disabled with `set_option linter.unusedSectionVars false`",
   "level": "warning"},
  {"message":
   "HC4/Valuation/QuadraticFamilyCollision.lean:59:18: This simp argument is unused:\n  hd\n\nHint: Omit it from the simp argument list.\n  simp [hcoeff, h̵d̵,̵ ̵Ne.symm hd]\n\nNote: This linter can be disabled with `set_option linter.unusedSimpArgs false`",
   "level": "warning"},
  {"message":
   "HC4/Valuation/QuadraticFamilyCollision.lean:124:0: automatically included section variable(s) unused in theorem `HC4.Valuation.quadraticFamilyHessianMatrix_det`:\n  [IsDomain R]\nconsider restructuring your `variable` declarations so that the variables are not in scope or explicitly omit them:\n  omit [IsDomain R] in theorem ...\n\nNote: This linter can be disabled with `set_option linter.unusedSectionVars false`",
   "level": "warning"}],
 "inputs":
 [["HC4.Valuation.QuadraticFamilyCollision:deps",
   [["deps",
     [["HC4Lean/HC4:extraDep", [["@HC4Lean:extraDep", "1723"]]],
      ["imports",
       [["HC4.Valuation.KernelInflationHessianDefect transitive imports (legacy)",
         "2759214084743510070"],
        ["HC4.Valuation.KernelInflationHessianDefect:importAllArts",
         "12452112355294221523"],
        ["HC4.Valuation.PolynomialFamilyCollisionSpecialFiber transitive imports (legacy)",
         "6300989599222977597"],
        ["HC4.Valuation.PolynomialFamilyCollisionSpecialFiber:importAllArts",
         "13555769041714067271"],
        ["Mathlib.LinearAlgebra.Matrix.ToLinearEquiv transitive imports (legacy)",
         "5270899503535781649"],
        ["Mathlib.LinearAlgebra.Matrix.ToLinearEquiv:importAllArts",
         "9948804084762467516"],
        ["Mathlib.RingTheory.MvPolynomial.EulerIdentity transitive imports (legacy)",
         "15808715804159882259"],
        ["Mathlib.RingTheory.MvPolynomial.EulerIdentity:importAllArts",
         "13250385032316976932"],
        ["Mathlib.Tactic transitive imports (legacy)", "9494613600595343154"],
        ["Mathlib.Tactic:importAllArts", "16845572214284678408"]]]]],
    ["libs",
     [["import dynlibs", "1723"],
      ["package external libraries", "1723"],
      ["module dynlibs", "1723"],
      ["module plugins", "1723"]]]]],
  ["Lean 4.24.0, commit 797c613eb9b6d4ec95db23e3e00af9ac6657f24b",
   "1165570713881806064"],
  ["/home/Jamie/HC4/lean/HC4_Lean_Canonical_Phase75_4/HC4/Valuation/QuadraticFamilyCollision.lean",
   "17844923257023414990"],
  ["options", "1723"],
  ["Module.leanArgs: #[]", "1723"]],
 "depHash": "17090146533157352098"}