{"synthetic": false,
 "outputs":
 {"o": ["16551668480753153735"],
  "i": "6695983854854483221",
  "c": "10673805031152374986"},
 "log":
 [{"message":
   ".> LEAN_PATH=/home/Jamie/HC4/lean/HC4_Lean_Canonical_Phase75_4/.lake/packages/Cli/.lake/build/lib/lean:/home/Jamie/HC4/lean/HC4_Lean_Canonical_Phase75_4/.lake/packages/batteries/.lake/build/lib/lean:/home/Jamie/HC4/lean/HC4_Lean_Canonical_Phase75_4/.lake/packages/Qq/.lake/build/lib/lean:/home/Jamie/HC4/lean/HC4_Lean_Canonical_Phase75_4/.lake/packages/aesop/.lake/build/lib/lean:/home/Jamie/HC4/lean/HC4_Lean_Canonical_Phase75_4/.lake/packages/proofwidgets/.lake/build/lib/lean:/home/Jamie/HC4/lean/HC4_Lean_Canonical_Phase75_4/.lake/packages/importGraph/.lake/build/lib/lean:/home/Jamie/HC4/lean/HC4_Lean_Canonical_Phase75_4/.lake/packages/LeanSearchClient/.lake/build/lib/lean:/home/Jamie/HC4/lean/HC4_Lean_Canonical_Phase75_4/.lake/packages/plausible/.lake/build/lib/lean:/home/Jamie/HC4/lean/HC4_Lean_Canonical_Phase75_4/.lake/packages/mathlib/.lake/build/lib/lean:/home/Jamie/HC4/lean/HC4_Lean_Canonical_Phase75_4/.lake/build/lib/lean /home/Jamie/.elan/toolchains/leanprover--lean4---v4.24.0/bin/lean /home/Jamie/HC4/lean/HC4_Lean_Canonical_Phase75_4/HC4/Valuation/RigidClosingFixedScaleProgress.lean -o /home/Jamie/HC4/lean/HC4_Lean_Canonical_Phase75_4/.lake/build/lib/lean/HC4/Valuation/RigidClosingFixedScaleProgress.olean -i /home/Jamie/HC4/lean/HC4_Lean_Canonical_Phase75_4/.lake/build/lib/lean/HC4/Valuation/RigidClosingFixedScaleProgress.ilean -c /home/Jamie/HC4/lean/HC4_Lean_Canonical_Phase75_4/.lake/build/ir/HC4/Valuation/RigidClosingFixedScaleProgress.c --setup /home/Jamie/HC4/lean/HC4_Lean_Canonical_Phase75_4/.lake/build/ir/HC4/Valuation/RigidClosingFixedScaleProgress.setup.json --json",
   "level": "trace"}],
 "inputs":
 [["HC4.Valuation.RigidClosingFixedScaleProgress:deps",
   [["deps",
     [["HC4Lean/HC4:extraDep", [["@HC4Lean:extraDep", "1723"]]],
      ["imports",
       [["HC4.Valuation.CertifiedFixedScaleRestartEpisodeProgress transitive imports (legacy)",
         "883149033654341462"],
        ["HC4.Valuation.CertifiedFixedScaleRestartEpisodeProgress:importAllArts",
         "10212823635034972129"],
        ["HC4.Valuation.RigidClosingFirstKernelStage transitive imports (legacy)",
         "11478965695086405701"],
        ["HC4.Valuation.RigidClosingFirstKernelStage:importAllArts",
         "3124733761368636704"],
        ["Mathlib.Tactic transitive imports (legacy)", "9494613600595343154"],
        ["Mathlib.Tactic:importAllArts", "16845572214284678408"]]]]],
    ["libs",
     [["import dynlibs", "1723"],
      ["package external libraries", "1723"],
      ["module dynlibs", "1723"],
      ["module plugins", "1723"]]]]],
  ["Lean 4.24.0, commit 797c613eb9b6d4ec95db23e3e00af9ac6657f24b",
   "1165570713881806064"],
  ["/home/Jamie/HC4/lean/HC4_Lean_Canonical_Phase75_4/HC4/Valuation/RigidClosingFixedScaleProgress.lean",
   "16834120740425843922"],
  ["options", "1723"],
  ["Module.leanArgs: #[]", "1723"]],
 "depHash": "18296937998656223996"}