{"synthetic": false,
 "outputs":
 {"o": ["10494771795768036914"],
  "i": "7539802533760987393",
  "c": "13169002956361817757"},
 "log":
 [{"message":
   ".> LEAN_PATH=/home/Jamie/HC4/lean/HC4_Lean_Canonical_Phase75_4/.lake/packages/Cli/.lake/build/lib/lean:/home/Jamie/HC4/lean/HC4_Lean_Canonical_Phase75_4/.lake/packages/batteries/.lake/build/lib/lean:/home/Jamie/HC4/lean/HC4_Lean_Canonical_Phase75_4/.lake/packages/Qq/.lake/build/lib/lean:/home/Jamie/HC4/lean/HC4_Lean_Canonical_Phase75_4/.lake/packages/aesop/.lake/build/lib/lean:/home/Jamie/HC4/lean/HC4_Lean_Canonical_Phase75_4/.lake/packages/proofwidgets/.lake/build/lib/lean:/home/Jamie/HC4/lean/HC4_Lean_Canonical_Phase75_4/.lake/packages/importGraph/.lake/build/lib/lean:/home/Jamie/HC4/lean/HC4_Lean_Canonical_Phase75_4/.lake/packages/LeanSearchClient/.lake/build/lib/lean:/home/Jamie/HC4/lean/HC4_Lean_Canonical_Phase75_4/.lake/packages/plausible/.lake/build/lib/lean:/home/Jamie/HC4/lean/HC4_Lean_Canonical_Phase75_4/.lake/packages/mathlib/.lake/build/lib/lean:/home/Jamie/HC4/lean/HC4_Lean_Canonical_Phase75_4/.lake/build/lib/lean /home/Jamie/.elan/toolchains/leanprover--lean4---v4.24.0/bin/lean /home/Jamie/HC4/lean/HC4_Lean_Canonical_Phase75_4/HC4/Valuation/RigidClosingFirstKernelStage.lean -o /home/Jamie/HC4/lean/HC4_Lean_Canonical_Phase75_4/.lake/build/lib/lean/HC4/Valuation/RigidClosingFirstKernelStage.olean -i /home/Jamie/HC4/lean/HC4_Lean_Canonical_Phase75_4/.lake/build/lib/lean/HC4/Valuation/RigidClosingFirstKernelStage.ilean -c /home/Jamie/HC4/lean/HC4_Lean_Canonical_Phase75_4/.lake/build/ir/HC4/Valuation/RigidClosingFirstKernelStage.c --setup /home/Jamie/HC4/lean/HC4_Lean_Canonical_Phase75_4/.lake/build/ir/HC4/Valuation/RigidClosingFirstKernelStage.setup.json --json",
   "level": "trace"}],
 "inputs":
 [["HC4.Valuation.RigidClosingFirstKernelStage:deps",
   [["deps",
     [["HC4Lean/HC4:extraDep", [["@HC4Lean:extraDep", "1723"]]],
      ["imports",
       [["HC4.Valuation.RigidClosingRecenteredSource transitive imports (legacy)",
         "8005751336804765622"],
        ["HC4.Valuation.RigidClosingRecenteredSource:importAllArts",
         "975548703147854931"],
        ["HC4.Valuation.ExactKernelDefectDrop transitive imports (legacy)",
         "297114452884100818"],
        ["HC4.Valuation.ExactKernelDefectDrop:importAllArts",
         "17631103491307246540"],
        ["HC4.Valuation.GeometricAssemblyEntry transitive imports (legacy)",
         "2311705937591236770"],
        ["HC4.Valuation.GeometricAssemblyEntry:importAllArts",
         "1932616635174702697"],
        ["HC4.Valuation.AlignedSmithWallArithmetic transitive imports (legacy)",
         "15825771844789430509"],
        ["HC4.Valuation.AlignedSmithWallArithmetic:importAllArts",
         "4770635203345241368"],
        ["Mathlib.Tactic transitive imports (legacy)", "9494613600595343154"],
        ["Mathlib.Tactic:importAllArts", "16845572214284678408"]]]]],
    ["libs",
     [["import dynlibs", "1723"],
      ["package external libraries", "1723"],
      ["module dynlibs", "1723"],
      ["module plugins", "1723"]]]]],
  ["Lean 4.24.0, commit 797c613eb9b6d4ec95db23e3e00af9ac6657f24b",
   "1165570713881806064"],
  ["/home/Jamie/HC4/lean/HC4_Lean_Canonical_Phase75_4/HC4/Valuation/RigidClosingFirstKernelStage.lean",
   "16820467997255624818"],
  ["options", "1723"],
  ["Module.leanArgs: #[]", "1723"]],
 "depHash": "401326039623224392"}