{"synthetic": false,
 "outputs":
 {"o": ["4961679240740090113"],
  "i": "11457170970413408489",
  "c": "11655044337081545162"},
 "log":
 [{"message":
   ".> LEAN_PATH=/home/Jamie/HC4/lean/HC4_Lean_Canonical_Phase75_4/.lake/packages/Cli/.lake/build/lib/lean:/home/Jamie/HC4/lean/HC4_Lean_Canonical_Phase75_4/.lake/packages/batteries/.lake/build/lib/lean:/home/Jamie/HC4/lean/HC4_Lean_Canonical_Phase75_4/.lake/packages/Qq/.lake/build/lib/lean:/home/Jamie/HC4/lean/HC4_Lean_Canonical_Phase75_4/.lake/packages/aesop/.lake/build/lib/lean:/home/Jamie/HC4/lean/HC4_Lean_Canonical_Phase75_4/.lake/packages/proofwidgets/.lake/build/lib/lean:/home/Jamie/HC4/lean/HC4_Lean_Canonical_Phase75_4/.lake/packages/importGraph/.lake/build/lib/lean:/home/Jamie/HC4/lean/HC4_Lean_Canonical_Phase75_4/.lake/packages/LeanSearchClient/.lake/build/lib/lean:/home/Jamie/HC4/lean/HC4_Lean_Canonical_Phase75_4/.lake/packages/plausible/.lake/build/lib/lean:/home/Jamie/HC4/lean/HC4_Lean_Canonical_Phase75_4/.lake/packages/mathlib/.lake/build/lib/lean:/home/Jamie/HC4/lean/HC4_Lean_Canonical_Phase75_4/.lake/build/lib/lean /home/Jamie/.elan/toolchains/leanprover--lean4---v4.24.0/bin/lean /home/Jamie/HC4/lean/HC4_Lean_Canonical_Phase75_4/HC4/Valuation/RigidClosingZeroSlopeElimination.lean -o /home/Jamie/HC4/lean/HC4_Lean_Canonical_Phase75_4/.lake/build/lib/lean/HC4/Valuation/RigidClosingZeroSlopeElimination.olean -i /home/Jamie/HC4/lean/HC4_Lean_Canonical_Phase75_4/.lake/build/lib/lean/HC4/Valuation/RigidClosingZeroSlopeElimination.ilean -c /home/Jamie/HC4/lean/HC4_Lean_Canonical_Phase75_4/.lake/build/ir/HC4/Valuation/RigidClosingZeroSlopeElimination.c --setup /home/Jamie/HC4/lean/HC4_Lean_Canonical_Phase75_4/.lake/build/ir/HC4/Valuation/RigidClosingZeroSlopeElimination.setup.json --json",
   "level": "trace"}],
 "inputs":
 [["HC4.Valuation.RigidClosingZeroSlopeElimination:deps",
   [["deps",
     [["HC4Lean/HC4:extraDep", [["@HC4Lean:extraDep", "1723"]]],
      ["imports",
       [["HC4.Valuation.RigidClosingRecenteredFirstKernelAssembly transitive imports (legacy)",
         "4305434506798575404"],
        ["HC4.Valuation.RigidClosingRecenteredFirstKernelAssembly:importAllArts",
         "573394608013618322"],
        ["HC4.Valuation.CanonicalSmithDefectExposure transitive imports (legacy)",
         "16902642959472892471"],
        ["HC4.Valuation.CanonicalSmithDefectExposure:importAllArts",
         "14295487187187877446"],
        ["HC4.Valuation.ExactKernelDefectDrop transitive imports (legacy)",
         "297114452884100818"],
        ["HC4.Valuation.ExactKernelDefectDrop:importAllArts",
         "17631103491307246540"],
        ["HC4.Valuation.ZeroSlopeSmithDispatcher transitive imports (legacy)",
         "8590571112353826966"],
        ["HC4.Valuation.ZeroSlopeSmithDispatcher:importAllArts",
         "4186332258450325610"],
        ["Mathlib.Tactic transitive imports (legacy)", "9494613600595343154"],
        ["Mathlib.Tactic:importAllArts", "16845572214284678408"]]]]],
    ["libs",
     [["import dynlibs", "1723"],
      ["package external libraries", "1723"],
      ["module dynlibs", "1723"],
      ["module plugins", "1723"]]]]],
  ["Lean 4.24.0, commit 797c613eb9b6d4ec95db23e3e00af9ac6657f24b",
   "1165570713881806064"],
  ["/home/Jamie/HC4/lean/HC4_Lean_Canonical_Phase75_4/HC4/Valuation/RigidClosingZeroSlopeElimination.lean",
   "5584805831957301742"],
  ["options", "1723"],
  ["Module.leanArgs: #[]", "1723"]],
 "depHash": "8253048292558184957"}