{"synthetic": false,
 "outputs":
 {"o": ["9626340781760758542"],
  "i": "7456640139319105379",
  "c": "8140904916019121323"},
 "log":
 [{"message":
   ".> LEAN_PATH=/home/Jamie/HC4/lean/HC4_Lean_Canonical_Phase75_2/.lake/packages/Cli/.lake/build/lib/lean:/home/Jamie/HC4/lean/HC4_Lean_Canonical_Phase75_2/.lake/packages/batteries/.lake/build/lib/lean:/home/Jamie/HC4/lean/HC4_Lean_Canonical_Phase75_2/.lake/packages/Qq/.lake/build/lib/lean:/home/Jamie/HC4/lean/HC4_Lean_Canonical_Phase75_2/.lake/packages/aesop/.lake/build/lib/lean:/home/Jamie/HC4/lean/HC4_Lean_Canonical_Phase75_2/.lake/packages/proofwidgets/.lake/build/lib/lean:/home/Jamie/HC4/lean/HC4_Lean_Canonical_Phase75_2/.lake/packages/importGraph/.lake/build/lib/lean:/home/Jamie/HC4/lean/HC4_Lean_Canonical_Phase75_2/.lake/packages/LeanSearchClient/.lake/build/lib/lean:/home/Jamie/HC4/lean/HC4_Lean_Canonical_Phase75_2/.lake/packages/plausible/.lake/build/lib/lean:/home/Jamie/HC4/lean/HC4_Lean_Canonical_Phase75_2/.lake/packages/mathlib/.lake/build/lib/lean:/home/Jamie/HC4/lean/HC4_Lean_Canonical_Phase75_2/.lake/build/lib/lean /home/Jamie/.elan/toolchains/leanprover--lean4---v4.24.0/bin/lean /home/Jamie/HC4/lean/HC4_Lean_Canonical_Phase75_2/HC4/Valuation/SeparatedRightWallScaleDescent.lean -o /home/Jamie/HC4/lean/HC4_Lean_Canonical_Phase75_2/.lake/build/lib/lean/HC4/Valuation/SeparatedRightWallScaleDescent.olean -i /home/Jamie/HC4/lean/HC4_Lean_Canonical_Phase75_2/.lake/build/lib/lean/HC4/Valuation/SeparatedRightWallScaleDescent.ilean -c /home/Jamie/HC4/lean/HC4_Lean_Canonical_Phase75_2/.lake/build/ir/HC4/Valuation/SeparatedRightWallScaleDescent.c --setup /home/Jamie/HC4/lean/HC4_Lean_Canonical_Phase75_2/.lake/build/ir/HC4/Valuation/SeparatedRightWallScaleDescent.setup.json --json",
   "level": "trace"},
  {"message":
   "HC4/Valuation/SeparatedRightWallScaleDescent.lean:439:17: This simp argument is unused:\n  if_pos rfl\n\nHint: Omit it from the simp argument list.\n  simp only [̵i̵f̵_̵p̵o̵s̵ ̵r̵f̵l̵]̵ ̵at hnonneg\n\nNote: This linter can be disabled with `set_option linter.unusedSimpArgs false`",
   "level": "warning"},
  {"message":
   "HC4/Valuation/SeparatedRightWallScaleDescent.lean:657:7: unused variable `hi`\n\nNote: This linter can be disabled with `set_option linter.unusedVariables false`",
   "level": "warning"},
  {"message":
   "HC4/Valuation/SeparatedRightWallScaleDescent.lean:674:15: This simp argument is unused:\n  if_pos rfl\n\nHint: Omit it from the simp argument list.\n  simp only [̵i̵f̵_̵p̵o̵s̵ ̵r̵f̵l̵,̵ ̵p̵o̵w̵_̵o̵n̵e̵]̵[̲p̲o̲w̲_̲o̲n̲e̲]̲\n\nNote: This linter can be disabled with `set_option linter.unusedSimpArgs false`",
   "level": "warning"},
  {"message":
   "HC4/Valuation/SeparatedRightWallScaleDescent.lean:676:15: This simp argument is unused:\n  dif_pos rfl\n\nHint: Omit it from the simp argument list.\n  simp only ̵[̵d̵i̵f̵_̵p̵o̵s̵ ̵r̵f̵l̵]̵\n\nNote: This linter can be disabled with `set_option linter.unusedSimpArgs false`",
   "level": "warning"},
  {"message":
   "HC4/Valuation/SeparatedRightWallScaleDescent.lean:722:4: This simp argument is unused:\n  kernelInflateDerivativeCoefficient\n\nHint: Omit it from the simp argument list.\n  simp [kernelInflateHom,̵\n  ̵ ̵ ̵ ̵ ̵k̵e̵r̵n̵e̵l̵I̵n̵f̵l̵a̵t̵e̵D̵e̵r̵i̵v̵a̵t̵i̵v̵e̵C̵o̵e̵f̵f̵i̵c̵i̵e̵n̵t̵]\n\nNote: This linter can be disabled with `set_option linter.unusedSimpArgs false`",
   "level": "warning"},
  {"message":
   "HC4/Valuation/SeparatedRightWallScaleDescent.lean:766:5: unused variable `hnotCoeff`\n\nNote: This linter can be disabled with `set_option linter.unusedVariables false`",
   "level": "warning"},
  {"message":
   "HC4/Valuation/SeparatedRightWallScaleDescent.lean:770:5: unused variable `hnoPrimitive`\n\nNote: This linter can be disabled with `set_option linter.unusedVariables false`",
   "level": "warning"},
  {"message":
   "HC4/Valuation/SeparatedRightWallScaleDescent.lean:772:5: unused variable `hsection`\n\nNote: This linter can be disabled with `set_option linter.unusedVariables false`",
   "level": "warning"},
  {"message":
   "HC4/Valuation/SeparatedRightWallScaleDescent.lean:776:5: unused variable `hb`\n\nNote: This linter can be disabled with `set_option linter.unusedVariables false`",
   "level": "warning"},
  {"message":
   "HC4/Valuation/SeparatedRightWallScaleDescent.lean:923:17: This simp argument is unused:\n  if_pos rfl\n\nHint: Omit it from the simp argument list.\n  simp only [̵i̵f̵_̵p̵o̵s̵ ̵r̵f̵l̵]̵ ̵at hnonneg\n\nNote: This linter can be disabled with `set_option linter.unusedSimpArgs false`",
   "level": "warning"},
  {"message":
   "HC4/Valuation/SeparatedRightWallScaleDescent.lean:1219:25: 'omega' tactic does nothing\n\nNote: This linter can be disabled with `set_option linter.unusedTactic false`",
   "level": "warning"},
  {"message":
   "HC4/Valuation/SeparatedRightWallScaleDescent.lean:1219:25: this tactic is never executed\n\nNote: This linter can be disabled with `set_option linter.unreachableTactic false`",
   "level": "warning"},
  {"message":
   "HC4/Valuation/SeparatedRightWallScaleDescent.lean:1244:6: try 'simp' instead of 'simpa'\n\nNote: This linter can be disabled with `set_option linter.unnecessarySimpa false`",
   "level": "warning"},
  {"message":
   "HC4/Valuation/SeparatedRightWallScaleDescent.lean:1236:15: This simp argument is unused:\n  dif_pos rfl\n\nHint: Omit it from the simp argument list.\n  simp only ̵[̵d̵i̵f̵_̵p̵o̵s̵ ̵r̵f̵l̵]̵\n\nNote: This linter can be disabled with `set_option linter.unusedSimpArgs false`",
   "level": "warning"},
  {"message":
   "HC4/Valuation/SeparatedRightWallScaleDescent.lean:1442:4: 'repeat' rw [← pow_add]' tactic does nothing\n\nNote: This linter can be disabled with `set_option linter.unusedTactic false`",
   "level": "warning"}],
 "inputs":
 [["HC4.Valuation.SeparatedRightWallScaleDescent:deps",
   [["deps",
     [["HC4Lean/HC4:extraDep", [["@HC4Lean:extraDep", "1723"]]],
      ["imports",
       [["HC4.Valuation.PointedShearContinuation transitive imports (legacy)",
         "11198617097122401596"],
        ["HC4.Valuation.PointedShearContinuation:importAllArts",
         "6052447382778070681"],
        ["HC4.Valuation.ExactKernelDefectDrop transitive imports (legacy)",
         "297114452884100818"],
        ["HC4.Valuation.ExactKernelDefectDrop:importAllArts",
         "17631103491307246540"],
        ["Mathlib.Tactic transitive imports (legacy)", "9494613600595343154"],
        ["Mathlib.Tactic:importAllArts", "16845572214284678408"]]]]],
    ["libs",
     [["import dynlibs", "1723"],
      ["package external libraries", "1723"],
      ["module dynlibs", "1723"],
      ["module plugins", "1723"]]]]],
  ["Lean 4.24.0, commit 797c613eb9b6d4ec95db23e3e00af9ac6657f24b",
   "1165570713881806064"],
  ["/home/Jamie/HC4/lean/HC4_Lean_Canonical_Phase75_2/HC4/Valuation/SeparatedRightWallScaleDescent.lean",
   "4565100273601374387"],
  ["options", "1723"],
  ["Module.leanArgs: #[]", "1723"]],
 "depHash": "9349401853296220471"}