{"synthetic": false,
 "outputs":
 {"o": ["16409789471385702899"],
  "i": "13785152675333591779",
  "c": "7251991652739680566"},
 "log":
 [{"message":
   ".> LEAN_PATH=/home/Jamie/HC4/lean/HC4_Lean_Canonical_Phase75_2/.lake/packages/Cli/.lake/build/lib/lean:/home/Jamie/HC4/lean/HC4_Lean_Canonical_Phase75_2/.lake/packages/batteries/.lake/build/lib/lean:/home/Jamie/HC4/lean/HC4_Lean_Canonical_Phase75_2/.lake/packages/Qq/.lake/build/lib/lean:/home/Jamie/HC4/lean/HC4_Lean_Canonical_Phase75_2/.lake/packages/aesop/.lake/build/lib/lean:/home/Jamie/HC4/lean/HC4_Lean_Canonical_Phase75_2/.lake/packages/proofwidgets/.lake/build/lib/lean:/home/Jamie/HC4/lean/HC4_Lean_Canonical_Phase75_2/.lake/packages/importGraph/.lake/build/lib/lean:/home/Jamie/HC4/lean/HC4_Lean_Canonical_Phase75_2/.lake/packages/LeanSearchClient/.lake/build/lib/lean:/home/Jamie/HC4/lean/HC4_Lean_Canonical_Phase75_2/.lake/packages/plausible/.lake/build/lib/lean:/home/Jamie/HC4/lean/HC4_Lean_Canonical_Phase75_2/.lake/packages/mathlib/.lake/build/lib/lean:/home/Jamie/HC4/lean/HC4_Lean_Canonical_Phase75_2/.lake/build/lib/lean /home/Jamie/.elan/toolchains/leanprover--lean4---v4.24.0/bin/lean /home/Jamie/HC4/lean/HC4_Lean_Canonical_Phase75_2/HC4/Valuation/SmithConformalCovariance.lean -o /home/Jamie/HC4/lean/HC4_Lean_Canonical_Phase75_2/.lake/build/lib/lean/HC4/Valuation/SmithConformalCovariance.olean -i /home/Jamie/HC4/lean/HC4_Lean_Canonical_Phase75_2/.lake/build/lib/lean/HC4/Valuation/SmithConformalCovariance.ilean -c /home/Jamie/HC4/lean/HC4_Lean_Canonical_Phase75_2/.lake/build/ir/HC4/Valuation/SmithConformalCovariance.c --setup /home/Jamie/HC4/lean/HC4_Lean_Canonical_Phase75_2/.lake/build/ir/HC4/Valuation/SmithConformalCovariance.setup.json --json",
   "level": "trace"},
  {"message":
   "HC4/Valuation/SmithConformalCovariance.lean:423:18: This simp argument is unused:\n  hin\n\nHint: Omit it from the simp argument list.\n  simp [smithConformalInflateHom, smithConformalInflateVariable, hp', h̵n̵i̵,̵ ̵h̵i̵n̵]̵h̲n̲i̲]̲\n\nNote: This linter can be disabled with `set_option linter.unusedSimpArgs false`",
   "level": "warning"},
  {"message":
   "HC4/Valuation/SmithConformalCovariance.lean:576:6: This simp argument is unused:\n  MvPolynomial.pderiv_C_mul\n\nHint: Omit it from the simp argument list.\n  simp [HC4.Polynomial.hessian_apply, M̵v̵P̵o̵l̵y̵n̵o̵m̵i̵a̵l̵.̵p̵d̵e̵r̵i̵v̵_̵C̵_̵m̵u̵l̵,̵ ̵v, A]\n\nNote: This linter can be disabled with `set_option linter.unusedSimpArgs false`",
   "level": "warning"},
  {"message":
   "HC4/Valuation/SmithConformalCovariance.lean:581:13: This simp argument is unused:\n  Fin.prod_univ_four\n\nHint: Omit it from the simp argument list.\n  simp [v, F̵i̵n̵.̵p̵r̵o̵d̵_̵u̵n̵i̵v̵_̵f̵o̵u̵r̵,̵ ̵pow_succ]\n\nNote: This linter can be disabled with `set_option linter.unusedSimpArgs false`",
   "level": "warning"}],
 "inputs":
 [["HC4.Valuation.SmithConformalCovariance:deps",
   [["deps",
     [["HC4Lean/HC4:extraDep", [["@HC4Lean:extraDep", "1723"]]],
      ["imports",
       [["HC4.Valuation.IntegralKernelSlopeExtraction transitive imports (legacy)",
         "962930653883220357"],
        ["HC4.Valuation.IntegralKernelSlopeExtraction:importAllArts",
         "7156121079247175774"],
        ["HC4.Newton.SmithValuationTiltAdapter transitive imports (legacy)",
         "17939468335233058066"],
        ["HC4.Newton.SmithValuationTiltAdapter:importAllArts",
         "5484344091322970956"],
        ["Mathlib.Algebra.BigOperators.Fin transitive imports (legacy)",
         "11836775214727139313"],
        ["Mathlib.Algebra.BigOperators.Fin:importAllArts",
         "5943391157994482405"],
        ["Mathlib.Algebra.MvPolynomial.Funext transitive imports (legacy)",
         "6727210052744961945"],
        ["Mathlib.Algebra.MvPolynomial.Funext:importAllArts",
         "17615706962663881802"],
        ["Mathlib.LinearAlgebra.Matrix.Determinant.Basic transitive imports (legacy)",
         "4559582289461022148"],
        ["Mathlib.LinearAlgebra.Matrix.Determinant.Basic:importAllArts",
         "4437194381903083152"],
        ["Mathlib.Tactic transitive imports (legacy)", "9494613600595343154"],
        ["Mathlib.Tactic:importAllArts", "16845572214284678408"]]]]],
    ["libs",
     [["import dynlibs", "1723"],
      ["package external libraries", "1723"],
      ["module dynlibs", "1723"],
      ["module plugins", "1723"]]]]],
  ["Lean 4.24.0, commit 797c613eb9b6d4ec95db23e3e00af9ac6657f24b",
   "1165570713881806064"],
  ["/home/Jamie/HC4/lean/HC4_Lean_Canonical_Phase75_2/HC4/Valuation/SmithConformalCovariance.lean",
   "5765242660235647712"],
  ["options", "1723"],
  ["Module.leanArgs: #[]", "1723"]],
 "depHash": "1532975513836296716"}