{"synthetic": false,
 "outputs":
 {"o": ["7927859338159300893"],
  "i": "14127894124460916065",
  "c": "14563924760453196024"},
 "log":
 [{"message":
   ".> LEAN_PATH=/home/Jamie/HC4/lean/HC4_Lean_Canonical_Phase75_4/.lake/packages/Cli/.lake/build/lib/lean:/home/Jamie/HC4/lean/HC4_Lean_Canonical_Phase75_4/.lake/packages/batteries/.lake/build/lib/lean:/home/Jamie/HC4/lean/HC4_Lean_Canonical_Phase75_4/.lake/packages/Qq/.lake/build/lib/lean:/home/Jamie/HC4/lean/HC4_Lean_Canonical_Phase75_4/.lake/packages/aesop/.lake/build/lib/lean:/home/Jamie/HC4/lean/HC4_Lean_Canonical_Phase75_4/.lake/packages/proofwidgets/.lake/build/lib/lean:/home/Jamie/HC4/lean/HC4_Lean_Canonical_Phase75_4/.lake/packages/importGraph/.lake/build/lib/lean:/home/Jamie/HC4/lean/HC4_Lean_Canonical_Phase75_4/.lake/packages/LeanSearchClient/.lake/build/lib/lean:/home/Jamie/HC4/lean/HC4_Lean_Canonical_Phase75_4/.lake/packages/plausible/.lake/build/lib/lean:/home/Jamie/HC4/lean/HC4_Lean_Canonical_Phase75_4/.lake/packages/mathlib/.lake/build/lib/lean:/home/Jamie/HC4/lean/HC4_Lean_Canonical_Phase75_4/.lake/build/lib/lean /home/Jamie/.elan/toolchains/leanprover--lean4---v4.24.0/bin/lean /home/Jamie/HC4/lean/HC4_Lean_Canonical_Phase75_4/HC4/Valuation/StrictSmithPostTransformFace.lean -o /home/Jamie/HC4/lean/HC4_Lean_Canonical_Phase75_4/.lake/build/lib/lean/HC4/Valuation/StrictSmithPostTransformFace.olean -i /home/Jamie/HC4/lean/HC4_Lean_Canonical_Phase75_4/.lake/build/lib/lean/HC4/Valuation/StrictSmithPostTransformFace.ilean -c /home/Jamie/HC4/lean/HC4_Lean_Canonical_Phase75_4/.lake/build/ir/HC4/Valuation/StrictSmithPostTransformFace.c --setup /home/Jamie/HC4/lean/HC4_Lean_Canonical_Phase75_4/.lake/build/ir/HC4/Valuation/StrictSmithPostTransformFace.setup.json --json",
   "level": "trace"},
  {"message":
   "HC4/Valuation/StrictSmithPostTransformFace.lean:243:2: Try `simp at hmem` instead of `simpa using hmem`\n\nNote: This linter can be disabled with `set_option linter.unnecessarySimpa false`",
   "level": "warning"}],
 "inputs":
 [["HC4.Valuation.StrictSmithPostTransformFace:deps",
   [["deps",
     [["HC4Lean/HC4:extraDep", [["@HC4Lean:extraDep", "1723"]]],
      ["imports",
       [["HC4.Valuation.ActualParameterLayer transitive imports (legacy)",
         "18352295376742012459"],
        ["HC4.Valuation.ActualParameterLayer:importAllArts",
         "17490220273340642501"],
        ["HC4.Valuation.BinarySmithOrderExtraction transitive imports (legacy)",
         "3231861867204595360"],
        ["HC4.Valuation.BinarySmithOrderExtraction:importAllArts",
         "13144423657414729816"],
        ["HC4.Valuation.AdaptiveCoefficientOrder transitive imports (legacy)",
         "8604975762052456172"],
        ["HC4.Valuation.AdaptiveCoefficientOrder:importAllArts",
         "14401988852465651380"],
        ["HC4.Valuation.AdaptiveDegreeTwoSaturatedFace transitive imports (legacy)",
         "12525529704858324692"],
        ["HC4.Valuation.AdaptiveDegreeTwoSaturatedFace:importAllArts",
         "5880693575523387893"]]]]],
    ["libs",
     [["import dynlibs", "1723"],
      ["package external libraries", "1723"],
      ["module dynlibs", "1723"],
      ["module plugins", "1723"]]]]],
  ["Lean 4.24.0, commit 797c613eb9b6d4ec95db23e3e00af9ac6657f24b",
   "1165570713881806064"],
  ["/home/Jamie/HC4/lean/HC4_Lean_Canonical_Phase75_4/HC4/Valuation/StrictSmithPostTransformFace.lean",
   "12687431032842797863"],
  ["options", "1723"],
  ["Module.leanArgs: #[]", "1723"]],
 "depHash": "8601698996853585156"}