{"synthetic": false,
 "outputs":
 {"o": ["2011848359781850944"],
  "i": "17624740733723135092",
  "c": "1199361231540059342"},
 "log":
 [{"message":
   ".> LEAN_PATH=/home/Jamie/HC4/lean/HC4_Lean_Canonical_Phase75_4/.lake/packages/Cli/.lake/build/lib/lean:/home/Jamie/HC4/lean/HC4_Lean_Canonical_Phase75_4/.lake/packages/batteries/.lake/build/lib/lean:/home/Jamie/HC4/lean/HC4_Lean_Canonical_Phase75_4/.lake/packages/Qq/.lake/build/lib/lean:/home/Jamie/HC4/lean/HC4_Lean_Canonical_Phase75_4/.lake/packages/aesop/.lake/build/lib/lean:/home/Jamie/HC4/lean/HC4_Lean_Canonical_Phase75_4/.lake/packages/proofwidgets/.lake/build/lib/lean:/home/Jamie/HC4/lean/HC4_Lean_Canonical_Phase75_4/.lake/packages/importGraph/.lake/build/lib/lean:/home/Jamie/HC4/lean/HC4_Lean_Canonical_Phase75_4/.lake/packages/LeanSearchClient/.lake/build/lib/lean:/home/Jamie/HC4/lean/HC4_Lean_Canonical_Phase75_4/.lake/packages/plausible/.lake/build/lib/lean:/home/Jamie/HC4/lean/HC4_Lean_Canonical_Phase75_4/.lake/packages/mathlib/.lake/build/lib/lean:/home/Jamie/HC4/lean/HC4_Lean_Canonical_Phase75_4/.lake/build/lib/lean /home/Jamie/.elan/toolchains/leanprover--lean4---v4.24.0/bin/lean /home/Jamie/HC4/lean/HC4_Lean_Canonical_Phase75_4/HC4/Valuation/ZeroLeftDepartureFrontier.lean -o /home/Jamie/HC4/lean/HC4_Lean_Canonical_Phase75_4/.lake/build/lib/lean/HC4/Valuation/ZeroLeftDepartureFrontier.olean -i /home/Jamie/HC4/lean/HC4_Lean_Canonical_Phase75_4/.lake/build/lib/lean/HC4/Valuation/ZeroLeftDepartureFrontier.ilean -c /home/Jamie/HC4/lean/HC4_Lean_Canonical_Phase75_4/.lake/build/ir/HC4/Valuation/ZeroLeftDepartureFrontier.c --setup /home/Jamie/HC4/lean/HC4_Lean_Canonical_Phase75_4/.lake/build/ir/HC4/Valuation/ZeroLeftDepartureFrontier.setup.json --json",
   "level": "trace"}],
 "inputs":
 [["HC4.Valuation.ZeroLeftDepartureFrontier:deps",
   [["deps",
     [["HC4Lean/HC4:extraDep", [["@HC4Lean:extraDep", "1723"]]],
      ["imports",
       [["HC4.Valuation.DefectRetainingDepartureFrontier transitive imports (legacy)",
         "16267386377400134801"],
        ["HC4.Valuation.DefectRetainingDepartureFrontier:importAllArts",
         "17207882539221723459"],
        ["HC4.Valuation.PointedShearContinuation transitive imports (legacy)",
         "11198617097122401596"],
        ["HC4.Valuation.PointedShearContinuation:importAllArts",
         "6052447382778070681"],
        ["HC4.Valuation.SeparatedRightWallScaleDescent transitive imports (legacy)",
         "13527932577522473227"],
        ["HC4.Valuation.SeparatedRightWallScaleDescent:importAllArts",
         "15559460172898119944"],
        ["HC4.Valuation.RigidClosingRecenteredSource transitive imports (legacy)",
         "11384903562212567699"],
        ["HC4.Valuation.RigidClosingRecenteredSource:importAllArts",
         "7844921483576376132"],
        ["Mathlib.Tactic transitive imports (legacy)", "9494613600595343154"],
        ["Mathlib.Tactic:importAllArts", "16845572214284678408"]]]]],
    ["libs",
     [["import dynlibs", "1723"],
      ["package external libraries", "1723"],
      ["module dynlibs", "1723"],
      ["module plugins", "1723"]]]]],
  ["Lean 4.24.0, commit 797c613eb9b6d4ec95db23e3e00af9ac6657f24b",
   "1165570713881806064"],
  ["/home/Jamie/HC4/lean/HC4_Lean_Canonical_Phase75_4/HC4/Valuation/ZeroLeftDepartureFrontier.lean",
   "5942578027933071831"],
  ["options", "1723"],
  ["Module.leanArgs: #[]", "1723"]],
 "depHash": "12285007923213775722"}