{"synthetic": false,
 "outputs":
 {"o": ["9749488392665882247"],
  "i": "6749706898279865824",
  "c": "1296100784419076496"},
 "log":
 [{"message":
   ".> LEAN_PATH=/home/Jamie/HC4/lean/HC4_Lean_Canonical_Phase75_2/.lake/packages/Cli/.lake/build/lib/lean:/home/Jamie/HC4/lean/HC4_Lean_Canonical_Phase75_2/.lake/packages/batteries/.lake/build/lib/lean:/home/Jamie/HC4/lean/HC4_Lean_Canonical_Phase75_2/.lake/packages/Qq/.lake/build/lib/lean:/home/Jamie/HC4/lean/HC4_Lean_Canonical_Phase75_2/.lake/packages/aesop/.lake/build/lib/lean:/home/Jamie/HC4/lean/HC4_Lean_Canonical_Phase75_2/.lake/packages/proofwidgets/.lake/build/lib/lean:/home/Jamie/HC4/lean/HC4_Lean_Canonical_Phase75_2/.lake/packages/importGraph/.lake/build/lib/lean:/home/Jamie/HC4/lean/HC4_Lean_Canonical_Phase75_2/.lake/packages/LeanSearchClient/.lake/build/lib/lean:/home/Jamie/HC4/lean/HC4_Lean_Canonical_Phase75_2/.lake/packages/plausible/.lake/build/lib/lean:/home/Jamie/HC4/lean/HC4_Lean_Canonical_Phase75_2/.lake/packages/mathlib/.lake/build/lib/lean:/home/Jamie/HC4/lean/HC4_Lean_Canonical_Phase75_2/.lake/build/lib/lean /home/Jamie/.elan/toolchains/leanprover--lean4---v4.24.0/bin/lean /home/Jamie/HC4/lean/HC4_Lean_Canonical_Phase75_2/HC4/Polynomial/AutonomousODEQuadraticRigidity.lean -o /home/Jamie/HC4/lean/HC4_Lean_Canonical_Phase75_2/.lake/build/lib/lean/HC4/Polynomial/AutonomousODEQuadraticRigidity.olean -i /home/Jamie/HC4/lean/HC4_Lean_Canonical_Phase75_2/.lake/build/lib/lean/HC4/Polynomial/AutonomousODEQuadraticRigidity.ilean -c /home/Jamie/HC4/lean/HC4_Lean_Canonical_Phase75_2/.lake/build/ir/HC4/Polynomial/AutonomousODEQuadraticRigidity.c --setup /home/Jamie/HC4/lean/HC4_Lean_Canonical_Phase75_2/.lake/build/ir/HC4/Polynomial/AutonomousODEQuadraticRigidity.setup.json --json",
   "level": "trace"}],
 "inputs":
 [["HC4.Polynomial.AutonomousODEQuadraticRigidity:deps",
   [["deps",
     [["HC4Lean/HC4:extraDep", [["@HC4Lean:extraDep", "1723"]]],
      ["imports",
       [["HC4.Polynomial.LogarithmicInitialSlope transitive imports (legacy)",
         "3069395670046641160"],
        ["HC4.Polynomial.LogarithmicInitialSlope:importAllArts",
         "5363145817083454510"],
        ["Mathlib.Algebra.Polynomial.Degree.Lemmas transitive imports (legacy)",
         "13135470891650980569"],
        ["Mathlib.Algebra.Polynomial.Degree.Lemmas:importAllArts",
         "8492994522864446504"],
        ["Mathlib.Tactic transitive imports (legacy)", "9494613600595343154"],
        ["Mathlib.Tactic:importAllArts", "16845572214284678408"]]]]],
    ["libs",
     [["import dynlibs", "1723"],
      ["package external libraries", "1723"],
      ["module dynlibs", "1723"],
      ["module plugins", "1723"]]]]],
  ["Lean 4.24.0, commit 797c613eb9b6d4ec95db23e3e00af9ac6657f24b",
   "1165570713881806064"],
  ["/home/Jamie/HC4/lean/HC4_Lean_Canonical_Phase75_2/HC4/Polynomial/AutonomousODEQuadraticRigidity.lean",
   "7624679498243697543"],
  ["options", "1723"],
  ["Module.leanArgs: #[]", "1723"]],
 "depHash": "4656044081183196058"}