{"synthetic": false,
 "outputs":
 {"o": ["16583378416124004240"],
  "i": "11144716492362044545",
  "c": "6364458289897019459"},
 "log":
 [{"message":
   ".> LEAN_PATH=/home/Jamie/HC4/lean/HC4_Lean_Canonical_Phase75_2/.lake/packages/Cli/.lake/build/lib/lean:/home/Jamie/HC4/lean/HC4_Lean_Canonical_Phase75_2/.lake/packages/batteries/.lake/build/lib/lean:/home/Jamie/HC4/lean/HC4_Lean_Canonical_Phase75_2/.lake/packages/Qq/.lake/build/lib/lean:/home/Jamie/HC4/lean/HC4_Lean_Canonical_Phase75_2/.lake/packages/aesop/.lake/build/lib/lean:/home/Jamie/HC4/lean/HC4_Lean_Canonical_Phase75_2/.lake/packages/proofwidgets/.lake/build/lib/lean:/home/Jamie/HC4/lean/HC4_Lean_Canonical_Phase75_2/.lake/packages/importGraph/.lake/build/lib/lean:/home/Jamie/HC4/lean/HC4_Lean_Canonical_Phase75_2/.lake/packages/LeanSearchClient/.lake/build/lib/lean:/home/Jamie/HC4/lean/HC4_Lean_Canonical_Phase75_2/.lake/packages/plausible/.lake/build/lib/lean:/home/Jamie/HC4/lean/HC4_Lean_Canonical_Phase75_2/.lake/packages/mathlib/.lake/build/lib/lean:/home/Jamie/HC4/lean/HC4_Lean_Canonical_Phase75_2/.lake/build/lib/lean /home/Jamie/.elan/toolchains/leanprover--lean4---v4.24.0/bin/lean /home/Jamie/HC4/lean/HC4_Lean_Canonical_Phase75_2/HC4/Polynomial/AutonomousODEReconstruction.lean -o /home/Jamie/HC4/lean/HC4_Lean_Canonical_Phase75_2/.lake/build/lib/lean/HC4/Polynomial/AutonomousODEReconstruction.olean -i /home/Jamie/HC4/lean/HC4_Lean_Canonical_Phase75_2/.lake/build/lib/lean/HC4/Polynomial/AutonomousODEReconstruction.ilean -c /home/Jamie/HC4/lean/HC4_Lean_Canonical_Phase75_2/.lake/build/ir/HC4/Polynomial/AutonomousODEReconstruction.c --setup /home/Jamie/HC4/lean/HC4_Lean_Canonical_Phase75_2/.lake/build/ir/HC4/Polynomial/AutonomousODEReconstruction.setup.json --json",
   "level": "trace"},
  {"message":
   "HC4/Polynomial/AutonomousODEReconstruction.lean:202:6: This simp argument is unused:\n  Polynomial.derivative_X_pow_succ\n\nHint: Omit it from the simp argument list.\n  simp [SeparatedBinomialODE, binomialODEModel, eulerDerivative, Polynomial.derivative_mul,\n  ̲  ̲ ̲ ̲P̵o̵l̵y̵n̵o̵m̵i̵a̵l̵.̵d̵e̵r̵i̵v̵a̵t̵i̵v̵e̵_̵p̵o̵w̵_̵s̵u̵c̵c̵,̵\n  ̵ ̵ ̵ ̵ ̵ ̵ ̵P̵o̵l̵y̵n̵o̵m̵i̵a̵l̵.̵d̵e̵r̵i̵v̵a̵t̵i̵v̵e̵_̵X̵_̵p̵o̵w̵_̵s̵u̵c̵c̵]̵P̲o̲l̲y̲n̲o̲m̲i̲a̲l̲.̲d̲e̲r̲i̲v̲a̲t̲i̲v̲e̲_̲p̲o̲w̲_̲s̲u̲c̲c̲]̲\n\nNote: This linter can be disabled with `set_option linter.unusedSimpArgs false`",
   "level": "warning"}],
 "inputs":
 [["HC4.Polynomial.AutonomousODEReconstruction:deps",
   [["deps",
     [["HC4Lean/HC4:extraDep", [["@HC4Lean:extraDep", "1723"]]],
      ["imports",
       [["HC4.Polynomial.RankThreeLinearCoefficient transitive imports (legacy)",
         "6427812394796556780"],
        ["HC4.Polynomial.RankThreeLinearCoefficient:importAllArts",
         "6627923754748833343"],
        ["Mathlib.Algebra.Polynomial.Degree.TrailingDegree transitive imports (legacy)",
         "14193617512907676497"],
        ["Mathlib.Algebra.Polynomial.Degree.TrailingDegree:importAllArts",
         "14330722626924921431"],
        ["Mathlib.Tactic transitive imports (legacy)", "9494613600595343154"],
        ["Mathlib.Tactic:importAllArts", "16845572214284678408"]]]]],
    ["libs",
     [["import dynlibs", "1723"],
      ["package external libraries", "1723"],
      ["module dynlibs", "1723"],
      ["module plugins", "1723"]]]]],
  ["Lean 4.24.0, commit 797c613eb9b6d4ec95db23e3e00af9ac6657f24b",
   "1165570713881806064"],
  ["/home/Jamie/HC4/lean/HC4_Lean_Canonical_Phase75_2/HC4/Polynomial/AutonomousODEReconstruction.lean",
   "5755835666435577770"],
  ["options", "1723"],
  ["Module.leanArgs: #[]", "1723"]],
 "depHash": "8765796988497789153"}