{"synthetic": false,
 "outputs":
 {"o": ["11945712063182189456"],
  "i": "17946396643193007891",
  "c": "14777093988288975619"},
 "log":
 [{"message":
   ".> LEAN_PATH=/home/Jamie/HC4/lean/HC4_Lean_Canonical_Phase75_2/.lake/packages/Cli/.lake/build/lib/lean:/home/Jamie/HC4/lean/HC4_Lean_Canonical_Phase75_2/.lake/packages/batteries/.lake/build/lib/lean:/home/Jamie/HC4/lean/HC4_Lean_Canonical_Phase75_2/.lake/packages/Qq/.lake/build/lib/lean:/home/Jamie/HC4/lean/HC4_Lean_Canonical_Phase75_2/.lake/packages/aesop/.lake/build/lib/lean:/home/Jamie/HC4/lean/HC4_Lean_Canonical_Phase75_2/.lake/packages/proofwidgets/.lake/build/lib/lean:/home/Jamie/HC4/lean/HC4_Lean_Canonical_Phase75_2/.lake/packages/importGraph/.lake/build/lib/lean:/home/Jamie/HC4/lean/HC4_Lean_Canonical_Phase75_2/.lake/packages/LeanSearchClient/.lake/build/lib/lean:/home/Jamie/HC4/lean/HC4_Lean_Canonical_Phase75_2/.lake/packages/plausible/.lake/build/lib/lean:/home/Jamie/HC4/lean/HC4_Lean_Canonical_Phase75_2/.lake/packages/mathlib/.lake/build/lib/lean:/home/Jamie/HC4/lean/HC4_Lean_Canonical_Phase75_2/.lake/build/lib/lean /home/Jamie/.elan/toolchains/leanprover--lean4---v4.24.0/bin/lean /home/Jamie/HC4/lean/HC4_Lean_Canonical_Phase75_2/HC4/Polynomial/ComplementaryMvSubstitution.lean -o /home/Jamie/HC4/lean/HC4_Lean_Canonical_Phase75_2/.lake/build/lib/lean/HC4/Polynomial/ComplementaryMvSubstitution.olean -i /home/Jamie/HC4/lean/HC4_Lean_Canonical_Phase75_2/.lake/build/lib/lean/HC4/Polynomial/ComplementaryMvSubstitution.ilean -c /home/Jamie/HC4/lean/HC4_Lean_Canonical_Phase75_2/.lake/build/ir/HC4/Polynomial/ComplementaryMvSubstitution.c --setup /home/Jamie/HC4/lean/HC4_Lean_Canonical_Phase75_2/.lake/build/ir/HC4/Polynomial/ComplementaryMvSubstitution.setup.json --json",
   "level": "trace"},
  {"message":
   "HC4/Polynomial/ComplementaryMvSubstitution.lean:158:39: This simp argument is unused:\n  MvPolynomial.pderiv_mul\n\nHint: Omit it from the simp argument list.\n  simp [eulerScaledHessian, mvEuler,̵ ̵M̵v̵P̵o̵l̵y̵n̵o̵m̵i̵a̵l̵.̵p̵d̵e̵r̵i̵v̵_̵m̵u̵l̵]\n\nNote: This linter can be disabled with `set_option linter.unusedSimpArgs false`",
   "level": "warning"},
  {"message":
   "HC4/Polynomial/ComplementaryMvSubstitution.lean:161:39: This simp argument is unused:\n  MvPolynomial.pderiv_mul\n\nHint: Omit it from the simp argument list.\n  simp [eulerScaledHessian, mvEuler, M̵v̵P̵o̵l̵y̵n̵o̵m̵i̵a̵l̵.̵p̵d̵e̵r̵i̵v̵_̵m̵u̵l̵,̵ ̵hij, hji]\n\nNote: This linter can be disabled with `set_option linter.unusedSimpArgs false`",
   "level": "warning"}],
 "inputs":
 [["HC4.Polynomial.ComplementaryMvSubstitution:deps",
   [["deps",
     [["HC4Lean/HC4:extraDep", [["@HC4Lean:extraDep", "1723"]]],
      ["imports",
       [["HC4.Polynomial.LogHessianMoments transitive imports (legacy)",
         "12105749254378756280"],
        ["HC4.Polynomial.LogHessianMoments:importAllArts",
         "17171147647425420629"],
        ["Mathlib.Algebra.MvPolynomial.PDeriv transitive imports (legacy)",
         "16855639717156541390"],
        ["Mathlib.Algebra.MvPolynomial.PDeriv:importAllArts",
         "8543782796777695165"],
        ["Mathlib.Algebra.MvPolynomial.Eval transitive imports (legacy)",
         "4911258652554750443"],
        ["Mathlib.Algebra.MvPolynomial.Eval:importAllArts",
         "15241806420815542590"],
        ["Mathlib.Algebra.Polynomial.Degree.Lemmas transitive imports (legacy)",
         "13135470891650980569"],
        ["Mathlib.Algebra.Polynomial.Degree.Lemmas:importAllArts",
         "8492994522864446504"],
        ["Mathlib.Tactic transitive imports (legacy)", "9494613600595343154"],
        ["Mathlib.Tactic:importAllArts", "16845572214284678408"]]]]],
    ["libs",
     [["import dynlibs", "1723"],
      ["package external libraries", "1723"],
      ["module dynlibs", "1723"],
      ["module plugins", "1723"]]]]],
  ["Lean 4.24.0, commit 797c613eb9b6d4ec95db23e3e00af9ac6657f24b",
   "1165570713881806064"],
  ["/home/Jamie/HC4/lean/HC4_Lean_Canonical_Phase75_2/HC4/Polynomial/ComplementaryMvSubstitution.lean",
   "9219347637407897199"],
  ["options", "1723"],
  ["Module.leanArgs: #[]", "1723"]],
 "depHash": "10781107969987783150"}