{"synthetic": false,
 "outputs":
 {"o": ["7533381029023856108"],
  "i": "17370197075433886011",
  "c": "4468425595470998398"},
 "log":
 [{"message":
   ".> LEAN_PATH=/home/Jamie/HC4/lean/HC4_Lean_Canonical_Phase75_2/.lake/packages/Cli/.lake/build/lib/lean:/home/Jamie/HC4/lean/HC4_Lean_Canonical_Phase75_2/.lake/packages/batteries/.lake/build/lib/lean:/home/Jamie/HC4/lean/HC4_Lean_Canonical_Phase75_2/.lake/packages/Qq/.lake/build/lib/lean:/home/Jamie/HC4/lean/HC4_Lean_Canonical_Phase75_2/.lake/packages/aesop/.lake/build/lib/lean:/home/Jamie/HC4/lean/HC4_Lean_Canonical_Phase75_2/.lake/packages/proofwidgets/.lake/build/lib/lean:/home/Jamie/HC4/lean/HC4_Lean_Canonical_Phase75_2/.lake/packages/importGraph/.lake/build/lib/lean:/home/Jamie/HC4/lean/HC4_Lean_Canonical_Phase75_2/.lake/packages/LeanSearchClient/.lake/build/lib/lean:/home/Jamie/HC4/lean/HC4_Lean_Canonical_Phase75_2/.lake/packages/plausible/.lake/build/lib/lean:/home/Jamie/HC4/lean/HC4_Lean_Canonical_Phase75_2/.lake/packages/mathlib/.lake/build/lib/lean:/home/Jamie/HC4/lean/HC4_Lean_Canonical_Phase75_2/.lake/build/lib/lean /home/Jamie/.elan/toolchains/leanprover--lean4---v4.24.0/bin/lean /home/Jamie/HC4/lean/HC4_Lean_Canonical_Phase75_2/HC4/Polynomial/RankThreeLogHessian.lean -o /home/Jamie/HC4/lean/HC4_Lean_Canonical_Phase75_2/.lake/build/lib/lean/HC4/Polynomial/RankThreeLogHessian.olean -i /home/Jamie/HC4/lean/HC4_Lean_Canonical_Phase75_2/.lake/build/lib/lean/HC4/Polynomial/RankThreeLogHessian.ilean -c /home/Jamie/HC4/lean/HC4_Lean_Canonical_Phase75_2/.lake/build/ir/HC4/Polynomial/RankThreeLogHessian.c --setup /home/Jamie/HC4/lean/HC4_Lean_Canonical_Phase75_2/.lake/build/ir/HC4/Polynomial/RankThreeLogHessian.setup.json --json",
   "level": "trace"},
  {"message":
   "HC4/Polynomial/RankThreeLogHessian.lean:176:32: 'ring' tactic does nothing\n\nNote: This linter can be disabled with `set_option linter.unusedTactic false`",
   "level": "warning"},
  {"message":
   "HC4/Polynomial/RankThreeLogHessian.lean:176:32: this tactic is never executed\n\nNote: This linter can be disabled with `set_option linter.unreachableTactic false`",
   "level": "warning"}],
 "inputs":
 [["HC4.Polynomial.RankThreeLogHessian:deps",
   [["deps",
     [["HC4Lean/HC4:extraDep", [["@HC4Lean:extraDep", "1723"]]],
      ["imports",
       [["HC4.Polynomial.LogHessianMoments transitive imports (legacy)",
         "12105749254378756280"],
        ["HC4.Polynomial.LogHessianMoments:importAllArts",
         "17171147647425420629"],
        ["Mathlib.LinearAlgebra.Matrix.Determinant.Basic transitive imports (legacy)",
         "4559582289461022148"],
        ["Mathlib.LinearAlgebra.Matrix.Determinant.Basic:importAllArts",
         "4437194381903083152"],
        ["Mathlib.Tactic transitive imports (legacy)", "9494613600595343154"],
        ["Mathlib.Tactic:importAllArts", "16845572214284678408"]]]]],
    ["libs",
     [["import dynlibs", "1723"],
      ["package external libraries", "1723"],
      ["module dynlibs", "1723"],
      ["module plugins", "1723"]]]]],
  ["Lean 4.24.0, commit 797c613eb9b6d4ec95db23e3e00af9ac6657f24b",
   "1165570713881806064"],
  ["/home/Jamie/HC4/lean/HC4_Lean_Canonical_Phase75_2/HC4/Polynomial/RankThreeLogHessian.lean",
   "17174778440617951298"],
  ["options", "1723"],
  ["Module.leanArgs: #[]", "1723"]],
 "depHash": "14558006922606855083"}