{"synthetic": false,
 "outputs":
 {"o": ["1315560487013162768"],
  "i": "2126427938711053264",
  "c": "880306562916628511"},
 "log":
 [{"message":
   ".> LEAN_PATH=/home/Jamie/HC4/lean/HC4_Lean_Canonical_Phase75_2/.lake/packages/Cli/.lake/build/lib/lean:/home/Jamie/HC4/lean/HC4_Lean_Canonical_Phase75_2/.lake/packages/batteries/.lake/build/lib/lean:/home/Jamie/HC4/lean/HC4_Lean_Canonical_Phase75_2/.lake/packages/Qq/.lake/build/lib/lean:/home/Jamie/HC4/lean/HC4_Lean_Canonical_Phase75_2/.lake/packages/aesop/.lake/build/lib/lean:/home/Jamie/HC4/lean/HC4_Lean_Canonical_Phase75_2/.lake/packages/proofwidgets/.lake/build/lib/lean:/home/Jamie/HC4/lean/HC4_Lean_Canonical_Phase75_2/.lake/packages/importGraph/.lake/build/lib/lean:/home/Jamie/HC4/lean/HC4_Lean_Canonical_Phase75_2/.lake/packages/LeanSearchClient/.lake/build/lib/lean:/home/Jamie/HC4/lean/HC4_Lean_Canonical_Phase75_2/.lake/packages/plausible/.lake/build/lib/lean:/home/Jamie/HC4/lean/HC4_Lean_Canonical_Phase75_2/.lake/packages/mathlib/.lake/build/lib/lean:/home/Jamie/HC4/lean/HC4_Lean_Canonical_Phase75_2/.lake/build/lib/lean /home/Jamie/.elan/toolchains/leanprover--lean4---v4.24.0/bin/lean /home/Jamie/HC4/lean/HC4_Lean_Canonical_Phase75_2/HC4/Newton/BoundaryStrata.lean -o /home/Jamie/HC4/lean/HC4_Lean_Canonical_Phase75_2/.lake/build/lib/lean/HC4/Newton/BoundaryStrata.olean -i /home/Jamie/HC4/lean/HC4_Lean_Canonical_Phase75_2/.lake/build/lib/lean/HC4/Newton/BoundaryStrata.ilean -c /home/Jamie/HC4/lean/HC4_Lean_Canonical_Phase75_2/.lake/build/ir/HC4/Newton/BoundaryStrata.c --setup /home/Jamie/HC4/lean/HC4_Lean_Canonical_Phase75_2/.lake/build/ir/HC4/Newton/BoundaryStrata.setup.json --json",
   "level": "trace"},
  {"message":
   "HC4/Newton/BoundaryStrata.lean:45:37: This simp argument is unused:\n  OnRay\n\nHint: Omit it from the simp argument list.\n  simp [̵O̵n̵R̵a̵y̵,̵ ̵E̵x̵p̵o̵n̵e̵n̵t̵.̵s̵c̵a̵l̵e̵,̵[̲E̲x̲p̲o̲n̲e̲n̲t̲.̲s̲c̲a̲l̲e̲,̲ rExponent, rBranch, Nat.mul_comm]\n\nNote: This linter can be disabled with `set_option linter.unusedSimpArgs false`",
   "level": "warning"},
  {"message":
   "HC4/Newton/BoundaryStrata.lean:52:39: This simp argument is unused:\n  OnRay\n\nHint: Omit it from the simp argument list.\n  simp [̵O̵n̵R̵a̵y̵,̵ ̵E̵x̵p̵o̵n̵e̵n̵t̵.̵s̵c̵a̵l̵e̵,̵[̲E̲x̲p̲o̲n̲e̲n̲t̲.̲s̲c̲a̲l̲e̲,̲ pExponent, rBranch]\n\nNote: This linter can be disabled with `set_option linter.unusedSimpArgs false`",
   "level": "warning"},
  {"message":
   "HC4/Newton/BoundaryStrata.lean:67:37: This simp argument is unused:\n  OnRay\n\nHint: Omit it from the simp argument list.\n  simp [̵O̵n̵R̵a̵y̵,̵ ̵E̵x̵p̵o̵n̵e̵n̵t̵.̵s̵c̵a̵l̵e̵,̵[̲E̲x̲p̲o̲n̲e̲n̲t̲.̲s̲c̲a̲l̲e̲,̲ rExponent, rBranch, Nat.mul_comm]\n\nNote: This linter can be disabled with `set_option linter.unusedSimpArgs false`",
   "level": "warning"},
  {"message":
   "HC4/Newton/BoundaryStrata.lean:74:39: This simp argument is unused:\n  OnRay\n\nHint: Omit it from the simp argument list.\n  simp [̵O̵n̵R̵a̵y̵,̵ ̵E̵x̵p̵o̵n̵e̵n̵t̵.̵s̵c̵a̵l̵e̵,̵[̲E̲x̲p̲o̲n̲e̲n̲t̲.̲s̲c̲a̲l̲e̲,̲ qExponent, rBranch]\n\nNote: This linter can be disabled with `set_option linter.unusedSimpArgs false`",
   "level": "warning"},
  {"message":
   "HC4/Newton/BoundaryStrata.lean:89:37: This simp argument is unused:\n  OnRay\n\nHint: Omit it from the simp argument list.\n  simp [̵O̵n̵R̵a̵y̵,̵ ̵E̵x̵p̵o̵n̵e̵n̵t̵.̵s̵c̵a̵l̵e̵,̵[̲E̲x̲p̲o̲n̲e̲n̲t̲.̲s̲c̲a̲l̲e̲,̲ sExponent, sBranch, Nat.mul_comm]\n\nNote: This linter can be disabled with `set_option linter.unusedSimpArgs false`",
   "level": "warning"},
  {"message":
   "HC4/Newton/BoundaryStrata.lean:96:39: This simp argument is unused:\n  OnRay\n\nHint: Omit it from the simp argument list.\n  simp [̵O̵n̵R̵a̵y̵,̵ ̵E̵x̵p̵o̵n̵e̵n̵t̵.̵s̵c̵a̵l̵e̵,̵[̲E̲x̲p̲o̲n̲e̲n̲t̲.̲s̲c̲a̲l̲e̲,̲ qExponent, sBranch]\n\nNote: This linter can be disabled with `set_option linter.unusedSimpArgs false`",
   "level": "warning"},
  {"message":
   "HC4/Newton/BoundaryStrata.lean:111:37: This simp argument is unused:\n  OnRay\n\nHint: Omit it from the simp argument list.\n  simp [̵O̵n̵R̵a̵y̵,̵ ̵E̵x̵p̵o̵n̵e̵n̵t̵.̵s̵c̵a̵l̵e̵,̵[̲E̲x̲p̲o̲n̲e̲n̲t̲.̲s̲c̲a̲l̲e̲,̲ sExponent, sBranch, Nat.mul_comm]\n\nNote: This linter can be disabled with `set_option linter.unusedSimpArgs false`",
   "level": "warning"},
  {"message":
   "HC4/Newton/BoundaryStrata.lean:118:39: This simp argument is unused:\n  OnRay\n\nHint: Omit it from the simp argument list.\n  simp [̵O̵n̵R̵a̵y̵,̵ ̵E̵x̵p̵o̵n̵e̵n̵t̵.̵s̵c̵a̵l̵e̵,̵[̲E̲x̲p̲o̲n̲e̲n̲t̲.̲s̲c̲a̲l̲e̲,̲ pExponent, sBranch]\n\nNote: This linter can be disabled with `set_option linter.unusedSimpArgs false`",
   "level": "warning"}],
 "inputs":
 [["HC4.Newton.BoundaryStrata:deps",
   [["deps",
     [["HC4Lean/HC4:extraDep", [["@HC4Lean:extraDep", "1723"]]],
      ["imports",
       [["HC4.Newton.BoundaryCycle transitive imports (legacy)",
         "15406293519730396955"],
        ["HC4.Newton.BoundaryCycle:importAllArts", "1136852465269628076"]]]]],
    ["libs",
     [["import dynlibs", "1723"],
      ["package external libraries", "1723"],
      ["module dynlibs", "1723"],
      ["module plugins", "1723"]]]]],
  ["Lean 4.24.0, commit 797c613eb9b6d4ec95db23e3e00af9ac6657f24b",
   "1165570713881806064"],
  ["/home/Jamie/HC4/lean/HC4_Lean_Canonical_Phase75_2/HC4/Newton/BoundaryStrata.lean",
   "16547407111465400475"],
  ["options", "1723"],
  ["Module.leanArgs: #[]", "1723"]],
 "depHash": "146811414264081192"}