{"synthetic": false,
 "outputs":
 {"o": ["2029864208215744657"],
  "i": "4415021142789646316",
  "c": "5916455249743627629"},
 "log":
 [{"message":
   ".> LEAN_PATH=/home/Jamie/HC4/lean/HC4_Lean_Canonical_Phase75_4/.lake/packages/Cli/.lake/build/lib/lean:/home/Jamie/HC4/lean/HC4_Lean_Canonical_Phase75_4/.lake/packages/batteries/.lake/build/lib/lean:/home/Jamie/HC4/lean/HC4_Lean_Canonical_Phase75_4/.lake/packages/Qq/.lake/build/lib/lean:/home/Jamie/HC4/lean/HC4_Lean_Canonical_Phase75_4/.lake/packages/aesop/.lake/build/lib/lean:/home/Jamie/HC4/lean/HC4_Lean_Canonical_Phase75_4/.lake/packages/proofwidgets/.lake/build/lib/lean:/home/Jamie/HC4/lean/HC4_Lean_Canonical_Phase75_4/.lake/packages/importGraph/.lake/build/lib/lean:/home/Jamie/HC4/lean/HC4_Lean_Canonical_Phase75_4/.lake/packages/LeanSearchClient/.lake/build/lib/lean:/home/Jamie/HC4/lean/HC4_Lean_Canonical_Phase75_4/.lake/packages/plausible/.lake/build/lib/lean:/home/Jamie/HC4/lean/HC4_Lean_Canonical_Phase75_4/.lake/packages/mathlib/.lake/build/lib/lean:/home/Jamie/HC4/lean/HC4_Lean_Canonical_Phase75_4/.lake/build/lib/lean /home/Jamie/.elan/toolchains/leanprover--lean4---v4.24.0/bin/lean /home/Jamie/HC4/lean/HC4_Lean_Canonical_Phase75_4/HC4/Newton/MixedDegreeWallRefinement.lean -o /home/Jamie/HC4/lean/HC4_Lean_Canonical_Phase75_4/.lake/build/lib/lean/HC4/Newton/MixedDegreeWallRefinement.olean -i /home/Jamie/HC4/lean/HC4_Lean_Canonical_Phase75_4/.lake/build/lib/lean/HC4/Newton/MixedDegreeWallRefinement.ilean -c /home/Jamie/HC4/lean/HC4_Lean_Canonical_Phase75_4/.lake/build/ir/HC4/Newton/MixedDegreeWallRefinement.c --setup /home/Jamie/HC4/lean/HC4_Lean_Canonical_Phase75_4/.lake/build/ir/HC4/Newton/MixedDegreeWallRefinement.setup.json --json",
   "level": "trace"},
  {"message":
   "HC4/Newton/MixedDegreeWallRefinement.lean:226:4: This simp argument is unused:\n  Fin.sum_univ_four\n\nHint: Omit it from the simp argument list.\n  simp [longitudinalIntegerWeight, Finsupp.sum_fintype,̵\n  ̵ ̵ ̵ ̵ ̵F̵i̵n̵.̵s̵u̵m̵_̵u̵n̵i̵v̵_̵f̵o̵u̵r̵]\n\nNote: This linter can be disabled with `set_option linter.unusedSimpArgs false`",
   "level": "warning"},
  {"message":
   "HC4/Newton/MixedDegreeWallRefinement.lean:362:37: This simp argument is unused:\n  Finsupp.single_apply\n\nHint: Omit it from the simp argument list.\n  simp [longitudinalIntegerWeight,̵ ̵F̵i̵n̵s̵u̵p̵p̵.̵s̵i̵n̵g̵l̵e̵_̵a̵p̵p̵l̵y̵] at hlower ⊢\n\nNote: This linter can be disabled with `set_option linter.unusedSimpArgs false`",
   "level": "warning"}],
 "inputs":
 [["HC4.Newton.MixedDegreeWallRefinement:deps",
   [["deps",
     [["HC4Lean/HC4:extraDep", [["@HC4Lean:extraDep", "1723"]]],
      ["imports",
       [["HC4.Newton.MixedDegreeFirstWallCompetition transitive imports (legacy)",
         "12511091349663115517"],
        ["HC4.Newton.MixedDegreeFirstWallCompetition:importAllArts",
         "13294174283438207783"],
        ["HC4.Newton.RankOneRepairProgress transitive imports (legacy)",
         "1245753186124212471"],
        ["HC4.Newton.RankOneRepairProgress:importAllArts",
         "11470652669987334442"],
        ["HC4.Newton.TerminalTwoZeroSupport transitive imports (legacy)",
         "13622908167385166039"],
        ["HC4.Newton.TerminalTwoZeroSupport:importAllArts",
         "1896231072269397762"],
        ["HC4.Polynomial.WeightedInitial transitive imports (legacy)",
         "5176034991858841388"],
        ["HC4.Polynomial.WeightedInitial:importAllArts",
         "11058155703224778174"],
        ["HC4.Polynomial.MaximalHessianInitial transitive imports (legacy)",
         "13120801365620675910"],
        ["HC4.Polynomial.MaximalHessianInitial:importAllArts",
         "10574831684634559700"],
        ["HC4.Valuation.NonlinearDegreeBoundPreservation transitive imports (legacy)",
         "10839740115984430747"],
        ["HC4.Valuation.NonlinearDegreeBoundPreservation:importAllArts",
         "7560402269679649542"]]]]],
    ["libs",
     [["import dynlibs", "1723"],
      ["package external libraries", "1723"],
      ["module dynlibs", "1723"],
      ["module plugins", "1723"]]]]],
  ["Lean 4.24.0, commit 797c613eb9b6d4ec95db23e3e00af9ac6657f24b",
   "1165570713881806064"],
  ["/home/Jamie/HC4/lean/HC4_Lean_Canonical_Phase75_4/HC4/Newton/MixedDegreeWallRefinement.lean",
   "15945367323709015464"],
  ["options", "1723"],
  ["Module.leanArgs: #[]", "1723"]],
 "depHash": "5067617448863720595"}