{"synthetic": false,
 "outputs":
 {"o": ["9846301587701122256"],
  "i": "7946059073729520728",
  "c": "5354784157518660191"},
 "log":
 [{"message":
   ".> LEAN_PATH=/home/Jamie/HC4/lean/HC4_Lean_Canonical_Phase75_4/.lake/packages/Cli/.lake/build/lib/lean:/home/Jamie/HC4/lean/HC4_Lean_Canonical_Phase75_4/.lake/packages/batteries/.lake/build/lib/lean:/home/Jamie/HC4/lean/HC4_Lean_Canonical_Phase75_4/.lake/packages/Qq/.lake/build/lib/lean:/home/Jamie/HC4/lean/HC4_Lean_Canonical_Phase75_4/.lake/packages/aesop/.lake/build/lib/lean:/home/Jamie/HC4/lean/HC4_Lean_Canonical_Phase75_4/.lake/packages/proofwidgets/.lake/build/lib/lean:/home/Jamie/HC4/lean/HC4_Lean_Canonical_Phase75_4/.lake/packages/importGraph/.lake/build/lib/lean:/home/Jamie/HC4/lean/HC4_Lean_Canonical_Phase75_4/.lake/packages/LeanSearchClient/.lake/build/lib/lean:/home/Jamie/HC4/lean/HC4_Lean_Canonical_Phase75_4/.lake/packages/plausible/.lake/build/lib/lean:/home/Jamie/HC4/lean/HC4_Lean_Canonical_Phase75_4/.lake/packages/mathlib/.lake/build/lib/lean:/home/Jamie/HC4/lean/HC4_Lean_Canonical_Phase75_4/.lake/build/lib/lean /home/Jamie/.elan/toolchains/leanprover--lean4---v4.24.0/bin/lean /home/Jamie/HC4/lean/HC4_Lean_Canonical_Phase75_4/HC4/Newton/MixedDegreeAxisCollision.lean -o /home/Jamie/HC4/lean/HC4_Lean_Canonical_Phase75_4/.lake/build/lib/lean/HC4/Newton/MixedDegreeAxisCollision.olean -i /home/Jamie/HC4/lean/HC4_Lean_Canonical_Phase75_4/.lake/build/lib/lean/HC4/Newton/MixedDegreeAxisCollision.ilean -c /home/Jamie/HC4/lean/HC4_Lean_Canonical_Phase75_4/.lake/build/ir/HC4/Newton/MixedDegreeAxisCollision.c --setup /home/Jamie/HC4/lean/HC4_Lean_Canonical_Phase75_4/.lake/build/ir/HC4/Newton/MixedDegreeAxisCollision.setup.json --json",
   "level": "trace"}],
 "inputs":
 [["HC4.Newton.MixedDegreeAxisCollision:deps",
   [["deps",
     [["HC4Lean/HC4:extraDep", [["@HC4Lean:extraDep", "1723"]]],
      ["imports",
       [["HC4.Newton.SymmetricSmithMinimality transitive imports (legacy)",
         "9201605708249178545"],
        ["HC4.Newton.SymmetricSmithMinimality:importAllArts",
         "2474375805129467916"],
        ["Mathlib.Algebra.MvPolynomial.Equiv transitive imports (legacy)",
         "7198950663944114178"],
        ["Mathlib.Algebra.MvPolynomial.Equiv:importAllArts",
         "3889906083397248399"],
        ["Mathlib.Algebra.Polynomial.Taylor transitive imports (legacy)",
         "16884769554727498726"],
        ["Mathlib.Algebra.Polynomial.Taylor:importAllArts",
         "16955492811142145123"],
        ["Mathlib.Algebra.Polynomial.Degree.Support transitive imports (legacy)",
         "5589434323240611345"],
        ["Mathlib.Algebra.Polynomial.Degree.Support:importAllArts",
         "7129846614968143942"],
        ["Mathlib.Tactic transitive imports (legacy)", "9494613600595343154"],
        ["Mathlib.Tactic:importAllArts", "16845572214284678408"]]]]],
    ["libs",
     [["import dynlibs", "1723"],
      ["package external libraries", "1723"],
      ["module dynlibs", "1723"],
      ["module plugins", "1723"]]]]],
  ["Lean 4.24.0, commit 797c613eb9b6d4ec95db23e3e00af9ac6657f24b",
   "1165570713881806064"],
  ["/home/Jamie/HC4/lean/HC4_Lean_Canonical_Phase75_4/HC4/Newton/MixedDegreeAxisCollision.lean",
   "7057218906165369827"],
  ["options", "1723"],
  ["Module.leanArgs: #[]", "1723"]],
 "depHash": "11912877681904129091"}