{"synthetic": false,
 "outputs":
 {"o": ["9504191313696865879"],
  "i": "6448229027579323982",
  "c": "12658721283365611123"},
 "log":
 [{"message":
   ".> LEAN_PATH=/home/Jamie/HC4/lean/HC4_Lean_Canonical_Phase75_4/.lake/packages/Cli/.lake/build/lib/lean:/home/Jamie/HC4/lean/HC4_Lean_Canonical_Phase75_4/.lake/packages/batteries/.lake/build/lib/lean:/home/Jamie/HC4/lean/HC4_Lean_Canonical_Phase75_4/.lake/packages/Qq/.lake/build/lib/lean:/home/Jamie/HC4/lean/HC4_Lean_Canonical_Phase75_4/.lake/packages/aesop/.lake/build/lib/lean:/home/Jamie/HC4/lean/HC4_Lean_Canonical_Phase75_4/.lake/packages/proofwidgets/.lake/build/lib/lean:/home/Jamie/HC4/lean/HC4_Lean_Canonical_Phase75_4/.lake/packages/importGraph/.lake/build/lib/lean:/home/Jamie/HC4/lean/HC4_Lean_Canonical_Phase75_4/.lake/packages/LeanSearchClient/.lake/build/lib/lean:/home/Jamie/HC4/lean/HC4_Lean_Canonical_Phase75_4/.lake/packages/plausible/.lake/build/lib/lean:/home/Jamie/HC4/lean/HC4_Lean_Canonical_Phase75_4/.lake/packages/mathlib/.lake/build/lib/lean:/home/Jamie/HC4/lean/HC4_Lean_Canonical_Phase75_4/.lake/build/lib/lean /home/Jamie/.elan/toolchains/leanprover--lean4---v4.24.0/bin/lean /home/Jamie/HC4/lean/HC4_Lean_Canonical_Phase75_4/HC4/Newton/RankOneSchurSeriesAlignment.lean -o /home/Jamie/HC4/lean/HC4_Lean_Canonical_Phase75_4/.lake/build/lib/lean/HC4/Newton/RankOneSchurSeriesAlignment.olean -i /home/Jamie/HC4/lean/HC4_Lean_Canonical_Phase75_4/.lake/build/lib/lean/HC4/Newton/RankOneSchurSeriesAlignment.ilean -c /home/Jamie/HC4/lean/HC4_Lean_Canonical_Phase75_4/.lake/build/ir/HC4/Newton/RankOneSchurSeriesAlignment.c --setup /home/Jamie/HC4/lean/HC4_Lean_Canonical_Phase75_4/.lake/build/ir/HC4/Newton/RankOneSchurSeriesAlignment.setup.json --json",
   "level": "trace"}],
 "inputs":
 [["HC4.Newton.RankOneSchurSeriesAlignment:deps",
   [["deps",
     [["HC4Lean/HC4:extraDep", [["@HC4Lean:extraDep", "1723"]]],
      ["imports",
       [["HC4.Newton.GeneralFourBlockSchur transitive imports (legacy)",
         "9389278493456505223"],
        ["HC4.Newton.GeneralFourBlockSchur:importAllArts",
         "12363368380013893256"],
        ["HC4.Newton.FirstSchurLayerLinearization transitive imports (legacy)",
         "1729776492098551515"],
        ["HC4.Newton.FirstSchurLayerLinearization:importAllArts",
         "8816150231756396819"],
        ["HC4.Newton.BinaryPivotGeometry transitive imports (legacy)",
         "4116601544233523676"],
        ["HC4.Newton.BinaryPivotGeometry:importAllArts", "4434482862861309048"],
        ["Mathlib.Tactic transitive imports (legacy)", "9494613600595343154"],
        ["Mathlib.Tactic:importAllArts", "16845572214284678408"]]]]],
    ["libs",
     [["import dynlibs", "1723"],
      ["package external libraries", "1723"],
      ["module dynlibs", "1723"],
      ["module plugins", "1723"]]]]],
  ["Lean 4.24.0, commit 797c613eb9b6d4ec95db23e3e00af9ac6657f24b",
   "1165570713881806064"],
  ["/home/Jamie/HC4/lean/HC4_Lean_Canonical_Phase75_4/HC4/Newton/RankOneSchurSeriesAlignment.lean",
   "9684336822416779023"],
  ["options", "1723"],
  ["Module.leanArgs: #[]", "1723"]],
 "depHash": "1507669470949208417"}