{"synthetic": false,
 "outputs":
 {"o": ["15560872818550272588"],
  "i": "1688829321374706593",
  "c": "11660376129227159480"},
 "log":
 [{"message":
   ".> LEAN_PATH=/home/Jamie/HC4/lean/HC4_Lean_Canonical_Phase75_2/.lake/packages/Cli/.lake/build/lib/lean:/home/Jamie/HC4/lean/HC4_Lean_Canonical_Phase75_2/.lake/packages/batteries/.lake/build/lib/lean:/home/Jamie/HC4/lean/HC4_Lean_Canonical_Phase75_2/.lake/packages/Qq/.lake/build/lib/lean:/home/Jamie/HC4/lean/HC4_Lean_Canonical_Phase75_2/.lake/packages/aesop/.lake/build/lib/lean:/home/Jamie/HC4/lean/HC4_Lean_Canonical_Phase75_2/.lake/packages/proofwidgets/.lake/build/lib/lean:/home/Jamie/HC4/lean/HC4_Lean_Canonical_Phase75_2/.lake/packages/importGraph/.lake/build/lib/lean:/home/Jamie/HC4/lean/HC4_Lean_Canonical_Phase75_2/.lake/packages/LeanSearchClient/.lake/build/lib/lean:/home/Jamie/HC4/lean/HC4_Lean_Canonical_Phase75_2/.lake/packages/plausible/.lake/build/lib/lean:/home/Jamie/HC4/lean/HC4_Lean_Canonical_Phase75_2/.lake/packages/mathlib/.lake/build/lib/lean:/home/Jamie/HC4/lean/HC4_Lean_Canonical_Phase75_2/.lake/build/lib/lean /home/Jamie/.elan/toolchains/leanprover--lean4---v4.24.0/bin/lean /home/Jamie/HC4/lean/HC4_Lean_Canonical_Phase75_2/HC4/Newton/RankOnePacketExactCollision.lean -o /home/Jamie/HC4/lean/HC4_Lean_Canonical_Phase75_2/.lake/build/lib/lean/HC4/Newton/RankOnePacketExactCollision.olean -i /home/Jamie/HC4/lean/HC4_Lean_Canonical_Phase75_2/.lake/build/lib/lean/HC4/Newton/RankOnePacketExactCollision.ilean -c /home/Jamie/HC4/lean/HC4_Lean_Canonical_Phase75_2/.lake/build/ir/HC4/Newton/RankOnePacketExactCollision.c --setup /home/Jamie/HC4/lean/HC4_Lean_Canonical_Phase75_2/.lake/build/ir/HC4/Newton/RankOnePacketExactCollision.setup.json --json",
   "level": "trace"},
  {"message":
   "HC4/Newton/RankOnePacketExactCollision.lean:68:38: This simp argument is unused:\n  hxy\n\nHint: Omit it from the simp argument list.\n  simp [rankOnePacketTransversePoint, h̵x̵y̵,̵ ̵Ne.symm hxy]\n\nNote: This linter can be disabled with `set_option linter.unusedSimpArgs false`",
   "level": "warning"},
  {"message":
   "HC4/Newton/RankOnePacketExactCollision.lean:77:4: This simp argument is unused:\n  hxz\n\nHint: Omit it from the simp argument list.\n  simp [rankOnePacketTransversePoint,\n  ̵  ̵ ̵ ̵hx̵z̵,̵ ̵h̵yz, Ne.symm hxz, Ne.symm hyz]\n\nNote: This linter can be disabled with `set_option linter.unusedSimpArgs false`",
   "level": "warning"},
  {"message":
   "HC4/Newton/RankOnePacketExactCollision.lean:77:9: This simp argument is unused:\n  hyz\n\nHint: Omit it from the simp argument list.\n  simp [rankOnePacketTransversePoint,\n  ̵  ̵ ̵ ̵hxz, h̵y̵z̵,̵ ̵Ne.symm hxz, Ne.symm hyz]\n\nNote: This linter can be disabled with `set_option linter.unusedSimpArgs false`",
   "level": "warning"},
  {"message":
   "HC4/Newton/RankOnePacketExactCollision.lean:91:4: This simp argument is unused:\n  hxz\n\nHint: Omit it from the simp argument list.\n  simp [rankOnePacketYY, rankOnePacketYZ,\n  ̵  ̵ ̵ ̵hx̵z̵,̵ ̵h̵yz, Ne.symm hxz, Ne.symm hyz] at hz\n\nNote: This linter can be disabled with `set_option linter.unusedSimpArgs false`",
   "level": "warning"},
  {"message":
   "HC4/Newton/RankOnePacketExactCollision.lean:91:9: This simp argument is unused:\n  hyz\n\nHint: Omit it from the simp argument list.\n  simp [rankOnePacketYY, rankOnePacketYZ,\n  ̵  ̵ ̵ ̵hxz, h̵y̵z̵,̵ ̵Ne.symm hxz, Ne.symm hyz] at hz\n\nNote: This linter can be disabled with `set_option linter.unusedSimpArgs false`",
   "level": "warning"},
  {"message":
   "HC4/Newton/RankOnePacketExactCollision.lean:105:4: This simp argument is unused:\n  hxy\n\nHint: Omit it from the simp argument list.\n  simp [rankOnePacketYY, rankOnePacketZZ,\n  ̵  ̵ ̵ ̵hx̵y,̵ ̵h̵y̵z, Ne.symm hxy, Ne.symm hyz] at hy\n\nNote: This linter can be disabled with `set_option linter.unusedSimpArgs false`",
   "level": "warning"},
  {"message":
   "HC4/Newton/RankOnePacketExactCollision.lean:105:27: This simp argument is unused:\n  Ne.symm hyz\n\nHint: Omit it from the simp argument list.\n  simp [rankOnePacketYY, rankOnePacketZZ, hxy, hyz, Ne.symm h̵x̵y̵,̵ ̵N̵e̵.̵s̵y̵m̵m̵ ̵h̵y̵z̵]̵h̲x̲y̲]̲ at hy\n\nNote: This linter can be disabled with `set_option linter.unusedSimpArgs false`",
   "level": "warning"},
  {"message":
   "HC4/Newton/RankOnePacketExactCollision.lean:119:4: This simp argument is unused:\n  hxy\n\nHint: Omit it from the simp argument list.\n  simp [rankOnePacketYZ, rankOnePacketZZ,\n  ̵  ̵ ̵ ̵hx̵y,̵ ̵h̵y̵z, Ne.symm hxy, Ne.symm hyz] at hy\n\nNote: This linter can be disabled with `set_option linter.unusedSimpArgs false`",
   "level": "warning"},
  {"message":
   "HC4/Newton/RankOnePacketExactCollision.lean:119:27: This simp argument is unused:\n  Ne.symm hyz\n\nHint: Omit it from the simp argument list.\n  simp [rankOnePacketYZ, rankOnePacketZZ, hxy, hyz, Ne.symm h̵x̵y̵,̵ ̵N̵e̵.̵s̵y̵m̵m̵ ̵h̵y̵z̵]̵h̲x̲y̲]̲ at hy\n\nNote: This linter can be disabled with `set_option linter.unusedSimpArgs false`",
   "level": "warning"},
  {"message":
   "HC4/Newton/RankOnePacketExactCollision.lean:172:6: This simp argument is unused:\n  hYY_YZ\n\nHint: Omit it from the simp argument list.\n  simp [rankOnePacketMonomialModel, rankOnePacketCoeffYY, rankOnePacketCoeffYZ,\n        rankOnePacketCoeffZZ, h̵Y̵Y̵_̵Y̵Z̵,̵ ̵hYY_ZZ, Ne.symm hYY_YZ, Ne.symm hYY_ZZ]\n\nNote: This linter can be disabled with `set_option linter.unusedSimpArgs false`",
   "level": "warning"},
  {"message":
   "HC4/Newton/RankOnePacketExactCollision.lean:172:14: This simp argument is unused:\n  hYY_ZZ\n\nHint: Omit it from the simp argument list.\n  simp [rankOnePacketMonomialModel, rankOnePacketCoeffYY, rankOnePacketCoeffYZ,\n        rankOnePacketCoeffZZ, hYY_YZ, h̵Y̵Y̵_̵Z̵Z̵,̵Ne.symm hYY_YZ, Ne.symm hYY_ZZ]\n\nNote: This linter can be disabled with `set_option linter.unusedSimpArgs false`",
   "level": "warning"},
  {"message":
   "HC4/Newton/RankOnePacketExactCollision.lean:181:16: This simp argument is unused:\n  hYZ_ZZ\n\nHint: Omit it from the simp argument list.\n  simp [rankOnePacketMonomialModel, rankOnePacketCoeffYY, rankOnePacketCoeffYZ,\n          rankOnePacketCoeffZZ, hYY_YZ, h̵Y̵Z̵_̵Z̵Z̵,̵Ne.symm hYY_YZ, Ne.symm hYZ_ZZ]\n\nNote: This linter can be disabled with `set_option linter.unusedSimpArgs false`",
   "level": "warning"},
  {"message":
   "HC4/Newton/RankOnePacketExactCollision.lean:182:8: This simp argument is unused:\n  Ne.symm hYY_YZ\n\nHint: Omit it from the simp argument list.\n  simp [rankOnePacketMonomialModel, rankOnePacketCoeffYY, rankOnePacketCoeffYZ,\n          rankOnePacketCoeffZZ, hYY_YZ, hYZ_ZZ, Ne.symm h̵Y̵Y̵_̵Y̵Z̵,̵ ̵N̵e̵.̵s̵y̵m̵m̵ ̵hYZ_ZZ]\n\nNote: This linter can be disabled with `set_option linter.unusedSimpArgs false`",
   "level": "warning"},
  {"message":
   "HC4/Newton/RankOnePacketExactCollision.lean:191:10: This simp argument is unused:\n  Ne.symm hYY_ZZ\n\nHint: Omit it from the simp argument list.\n  simp [rankOnePacketMonomialModel, rankOnePacketCoeffYY, rankOnePacketCoeffYZ,\n            rankOnePacketCoeffZZ, hYY_ZZ, hYZ_ZZ, Ne.symm h̵Y̵Y̵_̵Z̵Z̵,̵ ̵N̵e̵.̵s̵y̵m̵m̵ ̵hYZ_ZZ]\n\nNote: This linter can be disabled with `set_option linter.unusedSimpArgs false`",
   "level": "warning"},
  {"message":
   "HC4/Newton/RankOnePacketExactCollision.lean:191:26: This simp argument is unused:\n  Ne.symm hYZ_ZZ\n\nHint: Omit it from the simp argument list.\n  simp [rankOnePacketMonomialModel, rankOnePacketCoeffYY, rankOnePacketCoeffYZ,\n            rankOnePacketCoeffZZ, hYY_ZZ, hYZ_ZZ, Ne.symm h̵Y̵Y̵_̵Z̵Z̵,̵ ̵N̵e̵.̵s̵y̵m̵m̵ ̵h̵Y̵Z̵_̵Z̵Z̵]̵h̲Y̲Y̲_̲Z̲Z̲]̲\n\nNote: This linter can be disabled with `set_option linter.unusedSimpArgs false`",
   "level": "warning"},
  {"message":
   "HC4/Newton/RankOnePacketExactCollision.lean:198:17: This simp argument is unused:\n  hYY\n\nHint: Omit it from the simp argument list.\n  simp [rankOnePacketMonomialModel, hzero, h̵Y̵Y̵,̵ ̵hYZ, hZZ, Ne.symm hYY, Ne.symm hYZ, Ne.symm hZZ]\n\nNote: This linter can be disabled with `set_option linter.unusedSimpArgs false`",
   "level": "warning"},
  {"message":
   "HC4/Newton/RankOnePacketExactCollision.lean:198:22: This simp argument is unused:\n  hYZ\n\nHint: Omit it from the simp argument list.\n  simp [rankOnePacketMonomialModel, hzero, hYY, h̵Y̵Z̵,̵ ̵hZZ, Ne.symm hYY, Ne.symm hYZ, Ne.symm hZZ]\n\nNote: This linter can be disabled with `set_option linter.unusedSimpArgs false`",
   "level": "warning"},
  {"message":
   "HC4/Newton/RankOnePacketExactCollision.lean:198:27: This simp argument is unused:\n  hZZ\n\nHint: Omit it from the simp argument list.\n  simp [rankOnePacketMonomialModel, hzero, hYY, hYZ, h̵Z̵Z̵,̵Ne.symm hYY, Ne.symm hYZ, Ne.symm hZZ]\n\nNote: This linter can be disabled with `set_option linter.unusedSimpArgs false`",
   "level": "warning"},
  {"message":
   "HC4/Newton/RankOnePacketExactCollision.lean:289:17: This simp argument is unused:\n  hxz\n\nHint: Omit it from the simp argument list.\n  simp [rankOnePacketTransversePoint, hxy, h̵x̵z̵,̵ ̵hyz, Ne.symm hxy, Ne.symm hxz, Ne.symm hyz]\n\nNote: This linter can be disabled with `set_option linter.unusedSimpArgs false`",
   "level": "warning"},
  {"message":
   "HC4/Newton/RankOnePacketExactCollision.lean:289:22: This simp argument is unused:\n  hyz\n\nHint: Omit it from the simp argument list.\n  simp [rankOnePacketTransversePoint, hxy, hxz, h̵y̵z̵,̵Ne.symm hxy, Ne.symm hxz, Ne.symm hyz]\n\nNote: This linter can be disabled with `set_option linter.unusedSimpArgs false`",
   "level": "warning"},
  {"message":
   "HC4/Newton/RankOnePacketExactCollision.lean:330:12: This simp argument is unused:\n  hxy\n\nHint: Omit it from the simp argument list.\n  simp [rankOnePacketTransversePoint, h̵x̵y̵,̵ ̵hxz, hyz, Ne.symm hxy, Ne.symm hxz, Ne.symm hyz]\n\nNote: This linter can be disabled with `set_option linter.unusedSimpArgs false`",
   "level": "warning"}],
 "inputs":
 [["HC4.Newton.RankOnePacketExactCollision:deps",
   [["deps",
     [["HC4Lean/HC4:extraDep", [["@HC4Lean:extraDep", "1723"]]],
      ["imports",
       [["HC4.Newton.SmithRefinedFacePolynomial transitive imports (legacy)",
         "7816611312834943049"],
        ["HC4.Newton.SmithRefinedFacePolynomial:importAllArts",
         "14500384328885865922"],
        ["HC4.Newton.ExactCollisionFirstWall transitive imports (legacy)",
         "1231726812084396053"],
        ["HC4.Newton.ExactCollisionFirstWall:importAllArts",
         "6272023789436888694"],
        ["Mathlib.Tactic transitive imports (legacy)", "9494613600595343154"],
        ["Mathlib.Tactic:importAllArts", "16845572214284678408"]]]]],
    ["libs",
     [["import dynlibs", "1723"],
      ["package external libraries", "1723"],
      ["module dynlibs", "1723"],
      ["module plugins", "1723"]]]]],
  ["Lean 4.24.0, commit 797c613eb9b6d4ec95db23e3e00af9ac6657f24b",
   "1165570713881806064"],
  ["/home/Jamie/HC4/lean/HC4_Lean_Canonical_Phase75_2/HC4/Newton/RankOnePacketExactCollision.lean",
   "12190107105413899513"],
  ["options", "1723"],
  ["Module.leanArgs: #[]", "1723"]],
 "depHash": "15945573973201431048"}