{"synthetic": false,
 "outputs":
 {"o": ["16010670426793440512"],
  "i": "4338292146065772282",
  "c": "3782383371111106302"},
 "log":
 [{"message":
   ".> LEAN_PATH=/home/Jamie/HC4/lean/HC4_Lean_Canonical_Phase75_2/.lake/packages/Cli/.lake/build/lib/lean:/home/Jamie/HC4/lean/HC4_Lean_Canonical_Phase75_2/.lake/packages/batteries/.lake/build/lib/lean:/home/Jamie/HC4/lean/HC4_Lean_Canonical_Phase75_2/.lake/packages/Qq/.lake/build/lib/lean:/home/Jamie/HC4/lean/HC4_Lean_Canonical_Phase75_2/.lake/packages/aesop/.lake/build/lib/lean:/home/Jamie/HC4/lean/HC4_Lean_Canonical_Phase75_2/.lake/packages/proofwidgets/.lake/build/lib/lean:/home/Jamie/HC4/lean/HC4_Lean_Canonical_Phase75_2/.lake/packages/importGraph/.lake/build/lib/lean:/home/Jamie/HC4/lean/HC4_Lean_Canonical_Phase75_2/.lake/packages/LeanSearchClient/.lake/build/lib/lean:/home/Jamie/HC4/lean/HC4_Lean_Canonical_Phase75_2/.lake/packages/plausible/.lake/build/lib/lean:/home/Jamie/HC4/lean/HC4_Lean_Canonical_Phase75_2/.lake/packages/mathlib/.lake/build/lib/lean:/home/Jamie/HC4/lean/HC4_Lean_Canonical_Phase75_2/.lake/build/lib/lean /home/Jamie/.elan/toolchains/leanprover--lean4---v4.24.0/bin/lean /home/Jamie/HC4/lean/HC4_Lean_Canonical_Phase75_2/HC4/Newton/RestartClassification.lean -o /home/Jamie/HC4/lean/HC4_Lean_Canonical_Phase75_2/.lake/build/lib/lean/HC4/Newton/RestartClassification.olean -i /home/Jamie/HC4/lean/HC4_Lean_Canonical_Phase75_2/.lake/build/lib/lean/HC4/Newton/RestartClassification.ilean -c /home/Jamie/HC4/lean/HC4_Lean_Canonical_Phase75_2/.lake/build/ir/HC4/Newton/RestartClassification.c --setup /home/Jamie/HC4/lean/HC4_Lean_Canonical_Phase75_2/.lake/build/ir/HC4/Newton/RestartClassification.setup.json --json",
   "level": "trace"},
  {"message":
   "HC4/Newton/RestartClassification.lean:57:0: automatically included section variable(s) unused in theorem `HC4.Newton.smithFirstWall_hasRepairOrTerminal`:\n  [DecidableEq σ]\nconsider restructuring your `variable` declarations so that the variables are not in scope or explicitly omit them:\n  omit [DecidableEq σ] in theorem ...\n\nNote: This linter can be disabled with `set_option linter.unusedSectionVars false`",
   "level": "warning"},
  {"message":
   "HC4/Newton/RestartClassification.lean:109:0: automatically included section variable(s) unused in theorem `HC4.Newton.mixedDeparture_hasRepairOrTerminal`:\n  [DecidableEq σ]\nconsider restructuring your `variable` declarations so that the variables are not in scope or explicitly omit them:\n  omit [DecidableEq σ] in theorem ...\n\nNote: This linter can be disabled with `set_option linter.unusedSectionVars false`",
   "level": "warning"},
  {"message":
   "HC4/Newton/RestartClassification.lean:131:0: automatically included section variable(s) unused in theorem `HC4.Newton.rankTwoSchurEntry_hasRepairOrTerminal`:\n  [DecidableEq σ]\nconsider restructuring your `variable` declarations so that the variables are not in scope or explicitly omit them:\n  omit [DecidableEq σ] in theorem ...\n\nNote: This linter can be disabled with `set_option linter.unusedSectionVars false`",
   "level": "warning"}],
 "inputs":
 [["HC4.Newton.RestartClassification:deps",
   [["deps",
     [["HC4Lean/HC4:extraDep", [["@HC4Lean:extraDep", "1723"]]],
      ["imports",
       [["HC4.Newton.SmithRefinedFacePolynomial transitive imports (legacy)",
         "7816611312834943049"],
        ["HC4.Newton.SmithRefinedFacePolynomial:importAllArts",
         "14500384328885865922"],
        ["HC4.Newton.RankTwoRepairTerminal transitive imports (legacy)",
         "8609494098934508755"],
        ["HC4.Newton.RankTwoRepairTerminal:importAllArts",
         "16737502816737174327"],
        ["HC4.Newton.TerminalPositiveWeightEndpoint transitive imports (legacy)",
         "1299317515845112184"],
        ["HC4.Newton.TerminalPositiveWeightEndpoint:importAllArts",
         "16353019288804444381"],
        ["HC4.Newton.TerminalOneZeroEndpoint transitive imports (legacy)",
         "6678554288963387557"],
        ["HC4.Newton.TerminalOneZeroEndpoint:importAllArts",
         "1241335585959308218"],
        ["HC4.Newton.TerminalTwoZeroJC2Endpoint transitive imports (legacy)",
         "8800922619004813358"],
        ["HC4.Newton.TerminalTwoZeroJC2Endpoint:importAllArts",
         "12023786070896113950"],
        ["Mathlib.Tactic transitive imports (legacy)", "9494613600595343154"],
        ["Mathlib.Tactic:importAllArts", "16845572214284678408"]]]]],
    ["libs",
     [["import dynlibs", "1723"],
      ["package external libraries", "1723"],
      ["module dynlibs", "1723"],
      ["module plugins", "1723"]]]]],
  ["Lean 4.24.0, commit 797c613eb9b6d4ec95db23e3e00af9ac6657f24b",
   "1165570713881806064"],
  ["/home/Jamie/HC4/lean/HC4_Lean_Canonical_Phase75_2/HC4/Newton/RestartClassification.lean",
   "5193689204513599987"],
  ["options", "1723"],
  ["Module.leanArgs: #[]", "1723"]],
 "depHash": "14705784782537363433"}