{"synthetic": false,
 "outputs":
 {"o": ["10631550484848445310"],
  "i": "5823852703290631835",
  "c": "6847999675334311467"},
 "log":
 [{"message":
   ".> LEAN_PATH=/home/Jamie/HC4/lean/HC4_Lean_Canonical_Phase75_2/.lake/packages/Cli/.lake/build/lib/lean:/home/Jamie/HC4/lean/HC4_Lean_Canonical_Phase75_2/.lake/packages/batteries/.lake/build/lib/lean:/home/Jamie/HC4/lean/HC4_Lean_Canonical_Phase75_2/.lake/packages/Qq/.lake/build/lib/lean:/home/Jamie/HC4/lean/HC4_Lean_Canonical_Phase75_2/.lake/packages/aesop/.lake/build/lib/lean:/home/Jamie/HC4/lean/HC4_Lean_Canonical_Phase75_2/.lake/packages/proofwidgets/.lake/build/lib/lean:/home/Jamie/HC4/lean/HC4_Lean_Canonical_Phase75_2/.lake/packages/importGraph/.lake/build/lib/lean:/home/Jamie/HC4/lean/HC4_Lean_Canonical_Phase75_2/.lake/packages/LeanSearchClient/.lake/build/lib/lean:/home/Jamie/HC4/lean/HC4_Lean_Canonical_Phase75_2/.lake/packages/plausible/.lake/build/lib/lean:/home/Jamie/HC4/lean/HC4_Lean_Canonical_Phase75_2/.lake/packages/mathlib/.lake/build/lib/lean:/home/Jamie/HC4/lean/HC4_Lean_Canonical_Phase75_2/.lake/build/lib/lean /home/Jamie/.elan/toolchains/leanprover--lean4---v4.24.0/bin/lean /home/Jamie/HC4/lean/HC4_Lean_Canonical_Phase75_2/HC4/Newton/SmithRefinedFaceRankOnePacket.lean -o /home/Jamie/HC4/lean/HC4_Lean_Canonical_Phase75_2/.lake/build/lib/lean/HC4/Newton/SmithRefinedFaceRankOnePacket.olean -i /home/Jamie/HC4/lean/HC4_Lean_Canonical_Phase75_2/.lake/build/lib/lean/HC4/Newton/SmithRefinedFaceRankOnePacket.ilean -c /home/Jamie/HC4/lean/HC4_Lean_Canonical_Phase75_2/.lake/build/ir/HC4/Newton/SmithRefinedFaceRankOnePacket.c --setup /home/Jamie/HC4/lean/HC4_Lean_Canonical_Phase75_2/.lake/build/ir/HC4/Newton/SmithRefinedFaceRankOnePacket.setup.json --json",
   "level": "trace"},
  {"message":
   "HC4/Newton/SmithRefinedFaceRankOnePacket.lean:125:25: This simp argument is unused:\n  Ne.symm hxy\n\nHint: Omit it from the simp argument list.\n  simp [hxy, hxz, hxw, Ne.symm hxy̵,̵ ̵N̵e̵.̵s̵y̵m̵m̵ ̵h̵x̵z, Ne.symm hxw]\n\nNote: This linter can be disabled with `set_option linter.unusedSimpArgs false`",
   "level": "warning"},
  {"message":
   "HC4/Newton/SmithRefinedFaceRankOnePacket.lean:125:38: This simp argument is unused:\n  Ne.symm hxz\n\nHint: Omit it from the simp argument list.\n  simp [hxy, hxz, hxw, Ne.symm hxy, Ne.symm hxz̵,̵ ̵N̵e̵.̵s̵y̵m̵m̵ ̵h̵x̵w]\n\nNote: This linter can be disabled with `set_option linter.unusedSimpArgs false`",
   "level": "warning"},
  {"message":
   "HC4/Newton/SmithRefinedFaceRankOnePacket.lean:125:51: This simp argument is unused:\n  Ne.symm hxw\n\nHint: Omit it from the simp argument list.\n  simp [hxy, hxz, hxw, Ne.symm hxy, Ne.symm hxz,̵ ̵N̵e̵.̵s̵y̵m̵m̵ ̵h̵x̵w̵]\n\nNote: This linter can be disabled with `set_option linter.unusedSimpArgs false`",
   "level": "warning"},
  {"message":
   "HC4/Newton/SmithRefinedFaceRankOnePacket.lean:127:10: This simp argument is unused:\n  hxy\n\nHint: Omit it from the simp argument list.\n  simp [hx̵y,̵ ̵h̵y̵z, hyw, Ne.symm hxy, Ne.symm hyz, Ne.symm hyw]\n\nNote: This linter can be disabled with `set_option linter.unusedSimpArgs false`",
   "level": "warning"},
  {"message":
   "HC4/Newton/SmithRefinedFaceRankOnePacket.lean:127:38: This simp argument is unused:\n  Ne.symm hyz\n\nHint: Omit it from the simp argument list.\n  simp [hxy, hyz, hyw, Ne.symm hxy, Ne.symm hyz̵,̵ ̵N̵e̵.̵s̵y̵m̵m̵ ̵h̵y̵w]\n\nNote: This linter can be disabled with `set_option linter.unusedSimpArgs false`",
   "level": "warning"},
  {"message":
   "HC4/Newton/SmithRefinedFaceRankOnePacket.lean:127:51: This simp argument is unused:\n  Ne.symm hyw\n\nHint: Omit it from the simp argument list.\n  simp [hxy, hyz, hyw, Ne.symm hxy, Ne.symm hyz,̵ ̵N̵e̵.̵s̵y̵m̵m̵ ̵h̵y̵w̵]\n\nNote: This linter can be disabled with `set_option linter.unusedSimpArgs false`",
   "level": "warning"},
  {"message":
   "HC4/Newton/SmithRefinedFaceRankOnePacket.lean:129:10: This simp argument is unused:\n  hxz\n\nHint: Omit it from the simp argument list.\n  simp [hx̵z̵,̵ ̵h̵yz, hzw, Ne.symm hxz, Ne.symm hyz, Ne.symm hzw]\n\nNote: This linter can be disabled with `set_option linter.unusedSimpArgs false`",
   "level": "warning"},
  {"message":
   "HC4/Newton/SmithRefinedFaceRankOnePacket.lean:129:15: This simp argument is unused:\n  hyz\n\nHint: Omit it from the simp argument list.\n  simp [hxz, hy̵z,̵ ̵h̵z̵w, Ne.symm hxz, Ne.symm hyz, Ne.symm hzw]\n\nNote: This linter can be disabled with `set_option linter.unusedSimpArgs false`",
   "level": "warning"},
  {"message":
   "HC4/Newton/SmithRefinedFaceRankOnePacket.lean:129:51: This simp argument is unused:\n  Ne.symm hzw\n\nHint: Omit it from the simp argument list.\n  simp [hxz, hyz, hzw, Ne.symm hxz, Ne.symm hyz,̵ ̵N̵e̵.̵s̵y̵m̵m̵ ̵h̵z̵w̵]\n\nNote: This linter can be disabled with `set_option linter.unusedSimpArgs false`",
   "level": "warning"},
  {"message":
   "HC4/Newton/SmithRefinedFaceRankOnePacket.lean:131:10: This simp argument is unused:\n  hxw\n\nHint: Omit it from the simp argument list.\n  simp [hx̵w̵,̵ ̵h̵yw, hzw, Ne.symm hxw, Ne.symm hyw, Ne.symm hzw]\n\nNote: This linter can be disabled with `set_option linter.unusedSimpArgs false`",
   "level": "warning"},
  {"message":
   "HC4/Newton/SmithRefinedFaceRankOnePacket.lean:131:15: This simp argument is unused:\n  hyw\n\nHint: Omit it from the simp argument list.\n  simp [hxw, hy̵w̵,̵ ̵h̵zw, Ne.symm hxw, Ne.symm hyw, Ne.symm hzw]\n\nNote: This linter can be disabled with `set_option linter.unusedSimpArgs false`",
   "level": "warning"},
  {"message":
   "HC4/Newton/SmithRefinedFaceRankOnePacket.lean:131:20: This simp argument is unused:\n  hzw\n\nHint: Omit it from the simp argument list.\n  simp [hxw, hyw, h̵z̵w̵,̵ ̵Ne.symm hxw, Ne.symm hyw, Ne.symm hzw]\n\nNote: This linter can be disabled with `set_option linter.unusedSimpArgs false`",
   "level": "warning"}],
 "inputs":
 [["HC4.Newton.SmithRefinedFaceRankOnePacket:deps",
   [["deps",
     [["HC4Lean/HC4:extraDep", [["@HC4Lean:extraDep", "1723"]]],
      ["imports",
       [["HC4.Newton.SmithSymmetricBalanceRefinement transitive imports (legacy)",
         "15130044710054129315"],
        ["HC4.Newton.SmithSymmetricBalanceRefinement:importAllArts",
         "3507320601251980894"],
        ["HC4.Newton.RankOnePersistentPacket transitive imports (legacy)",
         "5142584506131792542"],
        ["HC4.Newton.RankOnePersistentPacket:importAllArts",
         "209575599783330155"],
        ["Mathlib.Tactic transitive imports (legacy)", "9494613600595343154"],
        ["Mathlib.Tactic:importAllArts", "16845572214284678408"]]]]],
    ["libs",
     [["import dynlibs", "1723"],
      ["package external libraries", "1723"],
      ["module dynlibs", "1723"],
      ["module plugins", "1723"]]]]],
  ["Lean 4.24.0, commit 797c613eb9b6d4ec95db23e3e00af9ac6657f24b",
   "1165570713881806064"],
  ["/home/Jamie/HC4/lean/HC4_Lean_Canonical_Phase75_2/HC4/Newton/SmithRefinedFaceRankOnePacket.lean",
   "9804026747735526915"],
  ["options", "1723"],
  ["Module.leanArgs: #[]", "1723"]],
 "depHash": "3387975180268001680"}