{"synthetic": false,
 "outputs":
 {"o": ["11941420763575372906"],
  "i": "4759756906258483265",
  "c": "1419286202797688653"},
 "log":
 [{"message":
   ".> LEAN_PATH=/home/Jamie/HC4/lean/HC4_Lean_Canonical_Phase75_2/.lake/packages/Cli/.lake/build/lib/lean:/home/Jamie/HC4/lean/HC4_Lean_Canonical_Phase75_2/.lake/packages/batteries/.lake/build/lib/lean:/home/Jamie/HC4/lean/HC4_Lean_Canonical_Phase75_2/.lake/packages/Qq/.lake/build/lib/lean:/home/Jamie/HC4/lean/HC4_Lean_Canonical_Phase75_2/.lake/packages/aesop/.lake/build/lib/lean:/home/Jamie/HC4/lean/HC4_Lean_Canonical_Phase75_2/.lake/packages/proofwidgets/.lake/build/lib/lean:/home/Jamie/HC4/lean/HC4_Lean_Canonical_Phase75_2/.lake/packages/importGraph/.lake/build/lib/lean:/home/Jamie/HC4/lean/HC4_Lean_Canonical_Phase75_2/.lake/packages/LeanSearchClient/.lake/build/lib/lean:/home/Jamie/HC4/lean/HC4_Lean_Canonical_Phase75_2/.lake/packages/plausible/.lake/build/lib/lean:/home/Jamie/HC4/lean/HC4_Lean_Canonical_Phase75_2/.lake/packages/mathlib/.lake/build/lib/lean:/home/Jamie/HC4/lean/HC4_Lean_Canonical_Phase75_2/.lake/build/lib/lean /home/Jamie/.elan/toolchains/leanprover--lean4---v4.24.0/bin/lean /home/Jamie/HC4/lean/HC4_Lean_Canonical_Phase75_2/HC4/Newton/SmithFirstWallTransverse.lean -o /home/Jamie/HC4/lean/HC4_Lean_Canonical_Phase75_2/.lake/build/lib/lean/HC4/Newton/SmithFirstWallTransverse.olean -i /home/Jamie/HC4/lean/HC4_Lean_Canonical_Phase75_2/.lake/build/lib/lean/HC4/Newton/SmithFirstWallTransverse.ilean -c /home/Jamie/HC4/lean/HC4_Lean_Canonical_Phase75_2/.lake/build/ir/HC4/Newton/SmithFirstWallTransverse.c --setup /home/Jamie/HC4/lean/HC4_Lean_Canonical_Phase75_2/.lake/build/ir/HC4/Newton/SmithFirstWallTransverse.setup.json --json",
   "level": "trace"},
  {"message":
   "HC4/Newton/SmithFirstWallTransverse.lean:274:5: unused variable `hD`\n\nNote: This linter can be disabled with `set_option linter.unusedVariables false`",
   "level": "warning"}],
 "inputs":
 [["HC4.Newton.SmithFirstWallTransverse:deps",
   [["deps",
     [["HC4Lean/HC4:extraDep", [["@HC4Lean:extraDep", "1723"]]],
      ["imports",
       [["HC4.Newton.ExactCollisionFirstWall transitive imports (legacy)",
         "1231726812084396053"],
        ["HC4.Newton.ExactCollisionFirstWall:importAllArts",
         "6272023789436888694"],
        ["Mathlib.Algebra.BigOperators.Finsupp.Basic transitive imports (legacy)",
         "8203557625118882398"],
        ["Mathlib.Algebra.BigOperators.Finsupp.Basic:importAllArts",
         "9847800856480050014"],
        ["Mathlib.Algebra.BigOperators.GroupWithZero.Finset transitive imports (legacy)",
         "10671446215988690759"],
        ["Mathlib.Algebra.BigOperators.GroupWithZero.Finset:importAllArts",
         "11004105512436818266"],
        ["Mathlib.Data.Finsupp.Weight transitive imports (legacy)",
         "6789267025035334830"],
        ["Mathlib.Data.Finsupp.Weight:importAllArts", "7169671813146833810"],
        ["Mathlib.Tactic transitive imports (legacy)", "9494613600595343154"],
        ["Mathlib.Tactic:importAllArts", "16845572214284678408"]]]]],
    ["libs",
     [["import dynlibs", "1723"],
      ["package external libraries", "1723"],
      ["module dynlibs", "1723"],
      ["module plugins", "1723"]]]]],
  ["Lean 4.24.0, commit 797c613eb9b6d4ec95db23e3e00af9ac6657f24b",
   "1165570713881806064"],
  ["/home/Jamie/HC4/lean/HC4_Lean_Canonical_Phase75_2/HC4/Newton/SmithFirstWallTransverse.lean",
   "17838255793254810221"],
  ["options", "1723"],
  ["Module.leanArgs: #[]", "1723"]],
 "depHash": "4132491762513044048"}