{"synthetic": false,
 "outputs":
 {"o": ["8382756668362222748"],
  "i": "149240653851593648",
  "c": "4508639617190424854"},
 "log":
 [{"message":
   ".> LEAN_PATH=/home/Jamie/HC4/lean/HC4_Lean_Canonical_Phase75_2/.lake/packages/Cli/.lake/build/lib/lean:/home/Jamie/HC4/lean/HC4_Lean_Canonical_Phase75_2/.lake/packages/batteries/.lake/build/lib/lean:/home/Jamie/HC4/lean/HC4_Lean_Canonical_Phase75_2/.lake/packages/Qq/.lake/build/lib/lean:/home/Jamie/HC4/lean/HC4_Lean_Canonical_Phase75_2/.lake/packages/aesop/.lake/build/lib/lean:/home/Jamie/HC4/lean/HC4_Lean_Canonical_Phase75_2/.lake/packages/proofwidgets/.lake/build/lib/lean:/home/Jamie/HC4/lean/HC4_Lean_Canonical_Phase75_2/.lake/packages/importGraph/.lake/build/lib/lean:/home/Jamie/HC4/lean/HC4_Lean_Canonical_Phase75_2/.lake/packages/LeanSearchClient/.lake/build/lib/lean:/home/Jamie/HC4/lean/HC4_Lean_Canonical_Phase75_2/.lake/packages/plausible/.lake/build/lib/lean:/home/Jamie/HC4/lean/HC4_Lean_Canonical_Phase75_2/.lake/packages/mathlib/.lake/build/lib/lean:/home/Jamie/HC4/lean/HC4_Lean_Canonical_Phase75_2/.lake/build/lib/lean /home/Jamie/.elan/toolchains/leanprover--lean4---v4.24.0/bin/lean /home/Jamie/HC4/lean/HC4_Lean_Canonical_Phase75_2/HC4/Newton/TerminalActualHessian.lean -o /home/Jamie/HC4/lean/HC4_Lean_Canonical_Phase75_2/.lake/build/lib/lean/HC4/Newton/TerminalActualHessian.olean -i /home/Jamie/HC4/lean/HC4_Lean_Canonical_Phase75_2/.lake/build/lib/lean/HC4/Newton/TerminalActualHessian.ilean -c /home/Jamie/HC4/lean/HC4_Lean_Canonical_Phase75_2/.lake/build/ir/HC4/Newton/TerminalActualHessian.c --setup /home/Jamie/HC4/lean/HC4_Lean_Canonical_Phase75_2/.lake/build/ir/HC4/Newton/TerminalActualHessian.setup.json --json",
   "level": "trace"},
  {"message":
   "HC4/Newton/TerminalActualHessian.lean:202:13: This simp argument is unused:\n  Ne.symm hki\n\nHint: Omit it from the simp argument list.\n  simp [dAfterJ, quadraticExponent, h̵k̵i̵,̵ ̵N̵e̵.̵s̵y̵m̵m̵ ̵hki] at hk ⊢\n\nNote: This linter can be disabled with `set_option linter.unusedSimpArgs false`",
   "level": "warning"},
  {"message":
   "HC4/Newton/TerminalActualHessian.lean:219:13: This simp argument is unused:\n  Ne.symm hij\n\nHint: Omit it from the simp argument list.\n  simp [dAfterJ, quadraticExponent, h̵i̵j̵,̵ ̵N̵e̵.̵s̵y̵m̵m̵ ̵hij] at hk ⊢\n\nNote: This linter can be disabled with `set_option linter.unusedSimpArgs false`",
   "level": "warning"},
  {"message":
   "HC4/Newton/TerminalActualHessian.lean:224:10: This simp argument is unused:\n  hij\n\nHint: Omit it from the simp argument list.\n  simp [dAfterJ, quadraticExponent, h̵i̵j̵,̵ ̵Ne.symm hij] at hk ⊢\n\nNote: This linter can be disabled with `set_option linter.unusedSimpArgs false`",
   "level": "warning"},
  {"message":
   "HC4/Newton/TerminalActualHessian.lean:228:10: This simp argument is unused:\n  Ne.symm hki\n\nHint: Omit it from the simp argument list.\n  simp [dAfterJ, quadraticExponent, hki, hkj, Ne.symm h̵k̵i̵,̵ ̵N̵e̵.̵s̵y̵m̵m̵ ̵hkj] at hk ⊢\n\nNote: This linter can be disabled with `set_option linter.unusedSimpArgs false`",
   "level": "warning"},
  {"message":
   "HC4/Newton/TerminalActualHessian.lean:228:23: This simp argument is unused:\n  Ne.symm hkj\n\nHint: Omit it from the simp argument list.\n  simp [dAfterJ, quadraticExponent, hki, hkj, Ne.symm h̵k̵i̵,̵ ̵N̵e̵.̵s̵y̵m̵m̵ ̵h̵k̵j̵]̵h̲k̲i̲]̲ at hk ⊢\n\nNote: This linter can be disabled with `set_option linter.unusedSimpArgs false`",
   "level": "warning"},
  {"message":
   "HC4/Newton/TerminalActualHessian.lean:320:2: Try `simp at hcoeff` instead of `simpa using hcoeff`\n\nNote: This linter can be disabled with `set_option linter.unnecessarySimpa false`",
   "level": "warning"}],
 "inputs":
 [["HC4.Newton.TerminalActualHessian:deps",
   [["deps",
     [["HC4Lean/HC4:extraDep", [["@HC4Lean:extraDep", "1723"]]],
      ["imports",
       [["HC4.Newton.TerminalQuadraticHessian transitive imports (legacy)",
         "16358874456687752008"],
        ["HC4.Newton.TerminalQuadraticHessian:importAllArts",
         "4165488938948252065"],
        ["HC4.Newton.ExactCollisionFirstWall transitive imports (legacy)",
         "1231726812084396053"],
        ["HC4.Newton.ExactCollisionFirstWall:importAllArts",
         "6272023789436888694"],
        ["Mathlib.Tactic transitive imports (legacy)", "9494613600595343154"],
        ["Mathlib.Tactic:importAllArts", "16845572214284678408"]]]]],
    ["libs",
     [["import dynlibs", "1723"],
      ["package external libraries", "1723"],
      ["module dynlibs", "1723"],
      ["module plugins", "1723"]]]]],
  ["Lean 4.24.0, commit 797c613eb9b6d4ec95db23e3e00af9ac6657f24b",
   "1165570713881806064"],
  ["/home/Jamie/HC4/lean/HC4_Lean_Canonical_Phase75_2/HC4/Newton/TerminalActualHessian.lean",
   "25992796836230831"],
  ["options", "1723"],
  ["Module.leanArgs: #[]", "1723"]],
 "depHash": "4901830687684500440"}