{"synthetic": false,
 "outputs":
 {"o": ["11867976726708879560"],
  "i": "1681590308722733442",
  "c": "1524038085719862267"},
 "log":
 [{"message":
   ".> LEAN_PATH=/home/Jamie/HC4/lean/HC4_Lean_Canonical_Phase75_2/.lake/packages/Cli/.lake/build/lib/lean:/home/Jamie/HC4/lean/HC4_Lean_Canonical_Phase75_2/.lake/packages/batteries/.lake/build/lib/lean:/home/Jamie/HC4/lean/HC4_Lean_Canonical_Phase75_2/.lake/packages/Qq/.lake/build/lib/lean:/home/Jamie/HC4/lean/HC4_Lean_Canonical_Phase75_2/.lake/packages/aesop/.lake/build/lib/lean:/home/Jamie/HC4/lean/HC4_Lean_Canonical_Phase75_2/.lake/packages/proofwidgets/.lake/build/lib/lean:/home/Jamie/HC4/lean/HC4_Lean_Canonical_Phase75_2/.lake/packages/importGraph/.lake/build/lib/lean:/home/Jamie/HC4/lean/HC4_Lean_Canonical_Phase75_2/.lake/packages/LeanSearchClient/.lake/build/lib/lean:/home/Jamie/HC4/lean/HC4_Lean_Canonical_Phase75_2/.lake/packages/plausible/.lake/build/lib/lean:/home/Jamie/HC4/lean/HC4_Lean_Canonical_Phase75_2/.lake/packages/mathlib/.lake/build/lib/lean:/home/Jamie/HC4/lean/HC4_Lean_Canonical_Phase75_2/.lake/build/lib/lean /home/Jamie/.elan/toolchains/leanprover--lean4---v4.24.0/bin/lean /home/Jamie/HC4/lean/HC4_Lean_Canonical_Phase75_2/HC4/Newton/TerminalOneZeroEndpoint.lean -o /home/Jamie/HC4/lean/HC4_Lean_Canonical_Phase75_2/.lake/build/lib/lean/HC4/Newton/TerminalOneZeroEndpoint.olean -i /home/Jamie/HC4/lean/HC4_Lean_Canonical_Phase75_2/.lake/build/lib/lean/HC4/Newton/TerminalOneZeroEndpoint.ilean -c /home/Jamie/HC4/lean/HC4_Lean_Canonical_Phase75_2/.lake/build/ir/HC4/Newton/TerminalOneZeroEndpoint.c --setup /home/Jamie/HC4/lean/HC4_Lean_Canonical_Phase75_2/.lake/build/ir/HC4/Newton/TerminalOneZeroEndpoint.setup.json --json",
   "level": "trace"},
  {"message":
   "HC4/Newton/TerminalOneZeroEndpoint.lean:53:8: automatically included section variable(s) unused in theorem `HC4.Newton.standardOneZeroPlanarPoint_zero`:\n  [Field K]\nconsider restructuring your `variable` declarations so that the variables are not in scope or explicitly omit them:\n  omit [Field K] in theorem ...\n\nNote: This linter can be disabled with `set_option linter.unusedSectionVars false`",
   "level": "warning"},
  {"message":
   "HC4/Newton/TerminalOneZeroEndpoint.lean:57:8: automatically included section variable(s) unused in theorem `HC4.Newton.standardOneZeroPlanarPoint_one`:\n  [Field K]\nconsider restructuring your `variable` declarations so that the variables are not in scope or explicitly omit them:\n  omit [Field K] in theorem ...\n\nNote: This linter can be disabled with `set_option linter.unusedSectionVars false`",
   "level": "warning"}],
 "inputs":
 [["HC4.Newton.TerminalOneZeroEndpoint:deps",
   [["deps",
     [["HC4Lean/HC4:extraDep", [["@HC4Lean:extraDep", "1723"]]],
      ["imports",
       [["HC4.Newton.TerminalOneZeroAmbientDecoupling transitive imports (legacy)",
         "3794578134883795041"],
        ["HC4.Newton.TerminalOneZeroAmbientDecoupling:importAllArts",
         "16148822343278110278"],
        ["Mathlib.Algebra.MvPolynomial.Rename transitive imports (legacy)",
         "16325282476368118291"],
        ["Mathlib.Algebra.MvPolynomial.Rename:importAllArts",
         "5198887509038907103"],
        ["Mathlib.Tactic transitive imports (legacy)", "9494613600595343154"],
        ["Mathlib.Tactic:importAllArts", "16845572214284678408"]]]]],
    ["libs",
     [["import dynlibs", "1723"],
      ["package external libraries", "1723"],
      ["module dynlibs", "1723"],
      ["module plugins", "1723"]]]]],
  ["Lean 4.24.0, commit 797c613eb9b6d4ec95db23e3e00af9ac6657f24b",
   "1165570713881806064"],
  ["/home/Jamie/HC4/lean/HC4_Lean_Canonical_Phase75_2/HC4/Newton/TerminalOneZeroEndpoint.lean",
   "4766657367766366421"],
  ["options", "1723"],
  ["Module.leanArgs: #[]", "1723"]],
 "depHash": "15286038868482446010"}