{"synthetic": false,
 "outputs":
 {"o": ["3326505595929663546"],
  "i": "14533971684164040579",
  "c": "3586763266950357717"},
 "log":
 [{"message":
   ".> LEAN_PATH=/home/Jamie/HC4/lean/HC4_Lean_Canonical_Phase75_2/.lake/packages/Cli/.lake/build/lib/lean:/home/Jamie/HC4/lean/HC4_Lean_Canonical_Phase75_2/.lake/packages/batteries/.lake/build/lib/lean:/home/Jamie/HC4/lean/HC4_Lean_Canonical_Phase75_2/.lake/packages/Qq/.lake/build/lib/lean:/home/Jamie/HC4/lean/HC4_Lean_Canonical_Phase75_2/.lake/packages/aesop/.lake/build/lib/lean:/home/Jamie/HC4/lean/HC4_Lean_Canonical_Phase75_2/.lake/packages/proofwidgets/.lake/build/lib/lean:/home/Jamie/HC4/lean/HC4_Lean_Canonical_Phase75_2/.lake/packages/importGraph/.lake/build/lib/lean:/home/Jamie/HC4/lean/HC4_Lean_Canonical_Phase75_2/.lake/packages/LeanSearchClient/.lake/build/lib/lean:/home/Jamie/HC4/lean/HC4_Lean_Canonical_Phase75_2/.lake/packages/plausible/.lake/build/lib/lean:/home/Jamie/HC4/lean/HC4_Lean_Canonical_Phase75_2/.lake/packages/mathlib/.lake/build/lib/lean:/home/Jamie/HC4/lean/HC4_Lean_Canonical_Phase75_2/.lake/build/lib/lean /home/Jamie/.elan/toolchains/leanprover--lean4---v4.24.0/bin/lean /home/Jamie/HC4/lean/HC4_Lean_Canonical_Phase75_2/HC4/Newton/TerminalOneZeroPlanarFibre.lean -o /home/Jamie/HC4/lean/HC4_Lean_Canonical_Phase75_2/.lake/build/lib/lean/HC4/Newton/TerminalOneZeroPlanarFibre.olean -i /home/Jamie/HC4/lean/HC4_Lean_Canonical_Phase75_2/.lake/build/lib/lean/HC4/Newton/TerminalOneZeroPlanarFibre.ilean -c /home/Jamie/HC4/lean/HC4_Lean_Canonical_Phase75_2/.lake/build/ir/HC4/Newton/TerminalOneZeroPlanarFibre.c --setup /home/Jamie/HC4/lean/HC4_Lean_Canonical_Phase75_2/.lake/build/ir/HC4/Newton/TerminalOneZeroPlanarFibre.setup.json --json",
   "level": "trace"}],
 "inputs":
 [["HC4.Newton.TerminalOneZeroPlanarFibre:deps",
   [["deps",
     [["HC4Lean/HC4:extraDep", [["@HC4Lean:extraDep", "1723"]]],
      ["imports",
       [["HC4.Newton.TerminalOneZeroTransverseConstant transitive imports (legacy)",
         "14464769112316094674"],
        ["HC4.Newton.TerminalOneZeroTransverseConstant:importAllArts",
         "16290983971508929955"],
        ["HC4.PlanarJC2Interface transitive imports (legacy)",
         "1715597322141521789"],
        ["HC4.PlanarJC2Interface:importAllArts", "16898145696406719838"],
        ["Mathlib.Algebra.MvPolynomial.PDeriv transitive imports (legacy)",
         "16855639717156541390"],
        ["Mathlib.Algebra.MvPolynomial.PDeriv:importAllArts",
         "8543782796777695165"],
        ["Mathlib.Algebra.MvPolynomial.Rename transitive imports (legacy)",
         "16325282476368118291"],
        ["Mathlib.Algebra.MvPolynomial.Rename:importAllArts",
         "5198887509038907103"],
        ["Mathlib.Tactic transitive imports (legacy)", "9494613600595343154"],
        ["Mathlib.Tactic:importAllArts", "16845572214284678408"]]]]],
    ["libs",
     [["import dynlibs", "1723"],
      ["package external libraries", "1723"],
      ["module dynlibs", "1723"],
      ["module plugins", "1723"]]]]],
  ["Lean 4.24.0, commit 797c613eb9b6d4ec95db23e3e00af9ac6657f24b",
   "1165570713881806064"],
  ["/home/Jamie/HC4/lean/HC4_Lean_Canonical_Phase75_2/HC4/Newton/TerminalOneZeroPlanarFibre.lean",
   "356119476735739907"],
  ["options", "1723"],
  ["Module.leanArgs: #[]", "1723"]],
 "depHash": "89908994197128274"}