{"synthetic": false,
 "outputs":
 {"o": ["653824283600280015"],
  "i": "6581267577800557872",
  "c": "14187926190263364473"},
 "log":
 [{"message":
   ".> LEAN_PATH=/home/Jamie/HC4/lean/HC4_Lean_Canonical_Phase75_4/.lake/packages/Cli/.lake/build/lib/lean:/home/Jamie/HC4/lean/HC4_Lean_Canonical_Phase75_4/.lake/packages/batteries/.lake/build/lib/lean:/home/Jamie/HC4/lean/HC4_Lean_Canonical_Phase75_4/.lake/packages/Qq/.lake/build/lib/lean:/home/Jamie/HC4/lean/HC4_Lean_Canonical_Phase75_4/.lake/packages/aesop/.lake/build/lib/lean:/home/Jamie/HC4/lean/HC4_Lean_Canonical_Phase75_4/.lake/packages/proofwidgets/.lake/build/lib/lean:/home/Jamie/HC4/lean/HC4_Lean_Canonical_Phase75_4/.lake/packages/importGraph/.lake/build/lib/lean:/home/Jamie/HC4/lean/HC4_Lean_Canonical_Phase75_4/.lake/packages/LeanSearchClient/.lake/build/lib/lean:/home/Jamie/HC4/lean/HC4_Lean_Canonical_Phase75_4/.lake/packages/plausible/.lake/build/lib/lean:/home/Jamie/HC4/lean/HC4_Lean_Canonical_Phase75_4/.lake/packages/mathlib/.lake/build/lib/lean:/home/Jamie/HC4/lean/HC4_Lean_Canonical_Phase75_4/.lake/build/lib/lean /home/Jamie/.elan/toolchains/leanprover--lean4---v4.24.0/bin/lean /home/Jamie/HC4/lean/HC4_Lean_Canonical_Phase75_4/HC4/Newton/TerminalFirstSchurAPIProbe.lean -o /home/Jamie/HC4/lean/HC4_Lean_Canonical_Phase75_4/.lake/build/lib/lean/HC4/Newton/TerminalFirstSchurAPIProbe.olean -i /home/Jamie/HC4/lean/HC4_Lean_Canonical_Phase75_4/.lake/build/lib/lean/HC4/Newton/TerminalFirstSchurAPIProbe.ilean -c /home/Jamie/HC4/lean/HC4_Lean_Canonical_Phase75_4/.lake/build/ir/HC4/Newton/TerminalFirstSchurAPIProbe.c --setup /home/Jamie/HC4/lean/HC4_Lean_Canonical_Phase75_4/.lake/build/ir/HC4/Newton/TerminalFirstSchurAPIProbe.setup.json --json",
   "level": "trace"},
  {"message":
   "HC4/Newton/TerminalFirstSchurAPIProbe.lean:25:0: ===== HC4 terminal / first-Schur declaration names =====",
   "level": "info"},
  {"message":
   "HC4/Newton/TerminalFirstSchurAPIProbe.lean:25:0: HC4.Newton.TerminalAssociatedGradedCollisionData.noConfusion",
   "level": "info"},
  {"message":
   "HC4/Newton/TerminalFirstSchurAPIProbe.lean:25:0: HC4.Newton.TerminalAssociatedGradedCollisionData.leftPoint",
   "level": "info"},
  {"message":
   "HC4/Newton/TerminalFirstSchurAPIProbe.lean:25:0: HC4.Newton.TerminalAssociatedGradedCollisionData.fibre",
   "level": "info"},
  {"message":
   "HC4/Newton/TerminalFirstSchurAPIProbe.lean:25:0: HC4.Newton.terminalPermutePoint",
   "level": "info"},
  {"message":
   "HC4/Newton/TerminalFirstSchurAPIProbe.lean:25:0: HC4.Newton.TerminalAssociatedGradedCollisionData.rightPoint",
   "level": "info"},
  {"message":
   "HC4/Newton/TerminalFirstSchurAPIProbe.lean:25:0: HC4.Newton.TerminalAssociatedGradedCollisionData.rec",
   "level": "info"},
  {"message":
   "HC4/Newton/TerminalFirstSchurAPIProbe.lean:25:0: HC4.Newton.terminalQuadraticHessianMatrix",
   "level": "info"},
  {"message":
   "HC4/Newton/TerminalFirstSchurAPIProbe.lean:25:0: HC4.Newton.terminalPermutedHessian_eq_linearCoeff",
   "level": "info"},
  {"message":
   "HC4/Newton/TerminalFirstSchurAPIProbe.lean:25:0: HC4.Newton.terminalQuadraticHessianEntry._proof_1",
   "level": "info"},
  {"message":
   "HC4/Newton/TerminalFirstSchurAPIProbe.lean:25:0: HC4.Newton.terminalPermutedHessianMatrix",
   "level": "info"},
  {"message":
   "HC4/Newton/TerminalFirstSchurAPIProbe.lean:25:0: HC4.Newton.terminalActualHessianMatrix.eq_1",
   "level": "info"},
  {"message":
   "HC4/Newton/TerminalFirstSchurAPIProbe.lean:25:0: HC4.Newton.TerminalAssociatedGradedCollisionData.distinct",
   "level": "info"},
  {"message":
   "HC4/Newton/TerminalFirstSchurAPIProbe.lean:25:0: HC4.Newton.terminalActualHessian_hasConformalQuadraticWeight",
   "level": "info"},
  {"message":
   "HC4/Newton/TerminalFirstSchurAPIProbe.lean:25:0: HC4.Newton.terminalWeightSliceDifference.eq_1",
   "level": "info"},
  {"message":
   "HC4/Newton/TerminalFirstSchurAPIProbe.lean:25:0: HC4.Newton.TerminalAssociatedGradedCollisionData.casesOn",
   "level": "info"},
  {"message":
   "HC4/Newton/TerminalFirstSchurAPIProbe.lean:25:0: HC4.Newton.terminalWeightSliceDifference_supported",
   "level": "info"},
  {"message":
   "HC4/Newton/TerminalFirstSchurAPIProbe.lean:25:0: HC4.Newton.terminalFourCoordinate_standard",
   "level": "info"},
  {"message":
   "HC4/Newton/TerminalFirstSchurAPIProbe.lean:25:0: HC4.Newton.terminalPermutedGradientEval_apply",
   "level": "info"},
  {"message":
   "HC4/Newton/TerminalFirstSchurAPIProbe.lean:25:0: HC4.Newton.TerminalAssociatedGradedCollisionData.impossible_of_JC2",
   "level": "info"},
  {"message":
   "HC4/Newton/TerminalFirstSchurAPIProbe.lean:25:0: HC4.Newton.TerminalAssociatedGradedCollisionData.mk._flat_ctor",
   "level": "info"},
  {"message":
   "HC4/Newton/TerminalFirstSchurAPIProbe.lean:25:0: HC4.Newton.terminalWeightSliceDifference",
   "level": "info"},
  {"message":
   "HC4/Newton/TerminalFirstSchurAPIProbe.lean:25:0: HC4.Newton.TerminalAssociatedGradedCollisionData._sizeOf_1",
   "level": "info"},
  {"message":
   "HC4/Newton/TerminalFirstSchurAPIProbe.lean:25:0: HC4.Newton.terminalQuadraticHessianEntry_ne_zero_coeff_ne_zero",
   "level": "info"},
  {"message":
   "HC4/Newton/TerminalFirstSchurAPIProbe.lean:25:0: HC4.Newton.terminalPointDifference.eq_1",
   "level": "info"},
  {"message":
   "HC4/Newton/TerminalFirstSchurAPIProbe.lean:25:0: HC4.Newton.terminalPermutedGradient_eval_sub_eq_vecMul",
   "level": "info"},
  {"message":
   "HC4/Newton/TerminalFirstSchurAPIProbe.lean:25:0: HC4.Newton.terminalPermutedGradient.eq_1",
   "level": "info"},
  {"message":
   "HC4/Newton/TerminalFirstSchurAPIProbe.lean:25:0: HC4.Newton.TerminalAssociatedGradedCollisionData.mk.inj",
   "level": "info"},
  {"message":
   "HC4/Newton/TerminalFirstSchurAPIProbe.lean:25:0: HC4.Newton.TerminalAssociatedGradedCollisionData.endpoint",
   "level": "info"},
  {"message":
   "HC4/Newton/TerminalFirstSchurAPIProbe.lean:25:0: HC4.Newton.terminalPermutedGradientEval.eq_1",
   "level": "info"},
  {"message":
   "HC4/Newton/TerminalFirstSchurAPIProbe.lean:25:0: HC4.Newton.terminalPermutedGradient_component_weight",
   "level": "info"},
  {"message":
   "HC4/Newton/TerminalFirstSchurAPIProbe.lean:25:0: HC4.Newton.TerminalAssociatedGradedCollisionData.noConfusionType",
   "level": "info"},
  {"message":
   "HC4/Newton/TerminalFirstSchurAPIProbe.lean:25:0: HC4.Newton.terminalPermutedHessianMatrix.eq_1",
   "level": "info"},
  {"message":
   "HC4/Newton/TerminalFirstSchurAPIProbe.lean:25:0: HC4.Newton.TerminalAssociatedGradedCollisionData.recOn",
   "level": "info"},
  {"message":
   "HC4/Newton/TerminalFirstSchurAPIProbe.lean:25:0: HC4.Newton.TerminalAssociatedGradedCollisionData",
   "level": "info"},
  {"message":
   "HC4/Newton/TerminalFirstSchurAPIProbe.lean:25:0: HC4.Newton.terminalPermutedHessian_vecMul_apply",
   "level": "info"},
  {"message":
   "HC4/Newton/TerminalFirstSchurAPIProbe.lean:25:0: HC4.Newton.terminalPermutePoint.eq_1",
   "level": "info"},
  {"message":
   "HC4/Newton/TerminalFirstSchurAPIProbe.lean:25:0: HC4.Newton.terminalQuadraticHessianEntry",
   "level": "info"},
  {"message":
   "HC4/Newton/TerminalFirstSchurAPIProbe.lean:25:0: HC4.Newton.terminalPermutedGradient",
   "level": "info"},
  {"message":
   "HC4/Newton/TerminalFirstSchurAPIProbe.lean:25:0: HC4.Newton.terminalPermutedHessian_entry_eq_zero_of_weight_ne",
   "level": "info"},
  {"message":
   "HC4/Newton/TerminalFirstSchurAPIProbe.lean:25:0: HC4.Newton.TerminalAssociatedGradedCollisionData.mk.injEq",
   "level": "info"},
  {"message":
   "HC4/Newton/TerminalFirstSchurAPIProbe.lean:25:0: HC4.Newton.TerminalAssociatedGradedCollisionData.mk",
   "level": "info"},
  {"message":
   "HC4/Newton/TerminalFirstSchurAPIProbe.lean:25:0: HC4.Newton.terminalDirectRankJump_collision_forces_residual",
   "level": "info"},
  {"message":
   "HC4/Newton/TerminalFirstSchurAPIProbe.lean:25:0: HC4.Newton.terminalActualHessianMatrix_standard_eq",
   "level": "info"},
  {"message":
   "HC4/Newton/TerminalFirstSchurAPIProbe.lean:25:0: HC4.Newton.terminalPermutePoint_injective",
   "level": "info"},
  {"message":
   "HC4/Newton/TerminalFirstSchurAPIProbe.lean:25:0: HC4.Newton.terminalDirectRankJump_injective_or_residual",
   "level": "info"},
  {"message":
   "HC4/Newton/TerminalFirstSchurAPIProbe.lean:25:0: HC4.Newton.terminalPermutedHessian_vecMul_injective",
   "level": "info"},
  {"message":
   "HC4/Newton/TerminalFirstSchurAPIProbe.lean:25:0: HC4.Newton.TerminalAssociatedGradedCollisionData.mk.noConfusion",
   "level": "info"},
  {"message":
   "HC4/Newton/TerminalFirstSchurAPIProbe.lean:25:0: HC4.Newton.terminalPermutedHessian_vecMul_eq_zero_off_weight",
   "level": "info"},
  {"message":
   "HC4/Newton/TerminalFirstSchurAPIProbe.lean:25:0: HC4.Newton.terminalPermutedGradientEval_injective_of_gradient",
   "level": "info"},
  {"message":
   "HC4/Newton/TerminalFirstSchurAPIProbe.lean:25:0: HC4.Newton.terminalPermutedGradientEval",
   "level": "info"},
  {"message":
   "HC4/Newton/TerminalFirstSchurAPIProbe.lean:25:0: HC4.Newton.terminalActualHessianMatrix",
   "level": "info"},
  {"message":
   "HC4/Newton/TerminalFirstSchurAPIProbe.lean:25:0: HC4.Newton.TerminalAssociatedGradedCollisionData.ctorIdx",
   "level": "info"},
  {"message":
   "HC4/Newton/TerminalFirstSchurAPIProbe.lean:25:0: HC4.Newton.terminalPermutedGradient_injective_iff",
   "level": "info"},
  {"message":
   "HC4/Newton/TerminalFirstSchurAPIProbe.lean:25:0: HC4.Newton.terminalPermutePoint_apply",
   "level": "info"},
  {"message":
   "HC4/Newton/TerminalFirstSchurAPIProbe.lean:25:0: HC4.Newton.terminalPermutedHessian_weightBlock_kernel_zero",
   "level": "info"},
  {"message":
   "HC4/Newton/TerminalFirstSchurAPIProbe.lean:25:0: HC4.Newton.terminalPointDifference_vecMul_eq_weightSlice",
   "level": "info"},
  {"message":
   "HC4/Newton/TerminalFirstSchurAPIProbe.lean:25:0: HC4.Newton.terminalPermutedHessian_entry_nonzero_weight_eq",
   "level": "info"},
  {"message":
   "HC4/Newton/TerminalFirstSchurAPIProbe.lean:25:0: HC4.Newton.TerminalAssociatedGradedCollisionData.mk.sizeOf_spec",
   "level": "info"},
  {"message":
   "HC4/Newton/TerminalFirstSchurAPIProbe.lean:25:0: HC4.Newton.terminalFourCoordinate",
   "level": "info"},
  {"message":
   "HC4/Newton/TerminalFirstSchurAPIProbe.lean:25:0: HC4.Newton.terminalConformalFace_dichotomy",
   "level": "info"},
  {"message":
   "HC4/Newton/TerminalFirstSchurAPIProbe.lean:25:0: HC4.Newton.terminalDirectRankJump_collision_forces_opposite_pair",
   "level": "info"},
  {"message":
   "HC4/Newton/TerminalFirstSchurAPIProbe.lean:25:0: HC4.Newton.TerminalAssociatedGradedCollisionData.exactCollision",
   "level": "info"},
  {"message":
   "HC4/Newton/TerminalFirstSchurAPIProbe.lean:25:0: HC4.Newton.terminalPermutePoint_symm_apply",
   "level": "info"},
  {"message":
   "HC4/Newton/TerminalFirstSchurAPIProbe.lean:25:0: HC4.Newton.TerminalAssociatedGradedCollisionData._sizeOf_inst",
   "level": "info"},
  {"message":
   "HC4/Newton/TerminalFirstSchurAPIProbe.lean:25:0: HC4.Newton.terminalPointDifference",
   "level": "info"},
  {"message":
   "HC4/Newton/TerminalFirstSchurAPIProbe.lean:25:0: ===== end API names =====",
   "level": "info"}],
 "inputs":
 [["HC4.Newton.TerminalFirstSchurAPIProbe:deps",
   [["deps",
     [["HC4Lean/HC4:extraDep", [["@HC4Lean:extraDep", "1723"]]],
      ["imports",
       [["HC4.Newton.TerminalConformalWeight transitive imports (legacy)",
         "14502701270290057318"],
        ["HC4.Newton.TerminalConformalWeight:importAllArts",
         "16677506366852102659"],
        ["HC4.Newton.TerminalAssociatedGradedEndpoint transitive imports (legacy)",
         "11284541503379220246"],
        ["HC4.Newton.TerminalAssociatedGradedEndpoint:importAllArts",
         "701820927964036407"],
        ["HC4.Newton.FirstSchurLayerLinearization transitive imports (legacy)",
         "1729776492098551515"],
        ["HC4.Newton.FirstSchurLayerLinearization:importAllArts",
         "8816150231756396819"]]]]],
    ["libs",
     [["import dynlibs", "1723"],
      ["package external libraries", "1723"],
      ["module dynlibs", "1723"],
      ["module plugins", "1723"]]]]],
  ["Lean 4.24.0, commit 797c613eb9b6d4ec95db23e3e00af9ac6657f24b",
   "1165570713881806064"],
  ["/home/Jamie/HC4/lean/HC4_Lean_Canonical_Phase75_4/HC4/Newton/TerminalFirstSchurAPIProbe.lean",
   "6887184594882812896"],
  ["options", "1723"],
  ["Module.leanArgs: #[]", "1723"]],
 "depHash": "4765983400994436012"}