{"synthetic": false,
 "outputs":
 {"o": ["13460057847674393178"],
  "i": "15419784482169045165",
  "c": "14657425717570780987"},
 "log":
 [{"message":
   ".> LEAN_PATH=/home/Jamie/HC4/lean/HC4_Lean_Canonical_Phase75_2/.lake/packages/Cli/.lake/build/lib/lean:/home/Jamie/HC4/lean/HC4_Lean_Canonical_Phase75_2/.lake/packages/batteries/.lake/build/lib/lean:/home/Jamie/HC4/lean/HC4_Lean_Canonical_Phase75_2/.lake/packages/Qq/.lake/build/lib/lean:/home/Jamie/HC4/lean/HC4_Lean_Canonical_Phase75_2/.lake/packages/aesop/.lake/build/lib/lean:/home/Jamie/HC4/lean/HC4_Lean_Canonical_Phase75_2/.lake/packages/proofwidgets/.lake/build/lib/lean:/home/Jamie/HC4/lean/HC4_Lean_Canonical_Phase75_2/.lake/packages/importGraph/.lake/build/lib/lean:/home/Jamie/HC4/lean/HC4_Lean_Canonical_Phase75_2/.lake/packages/LeanSearchClient/.lake/build/lib/lean:/home/Jamie/HC4/lean/HC4_Lean_Canonical_Phase75_2/.lake/packages/plausible/.lake/build/lib/lean:/home/Jamie/HC4/lean/HC4_Lean_Canonical_Phase75_2/.lake/packages/mathlib/.lake/build/lib/lean:/home/Jamie/HC4/lean/HC4_Lean_Canonical_Phase75_2/.lake/build/lib/lean /home/Jamie/.elan/toolchains/leanprover--lean4---v4.24.0/bin/lean /home/Jamie/HC4/lean/HC4_Lean_Canonical_Phase75_2/HC4/Newton/TerminalCoordinatePermutation.lean -o /home/Jamie/HC4/lean/HC4_Lean_Canonical_Phase75_2/.lake/build/lib/lean/HC4/Newton/TerminalCoordinatePermutation.olean -i /home/Jamie/HC4/lean/HC4_Lean_Canonical_Phase75_2/.lake/build/lib/lean/HC4/Newton/TerminalCoordinatePermutation.ilean -c /home/Jamie/HC4/lean/HC4_Lean_Canonical_Phase75_2/.lake/build/ir/HC4/Newton/TerminalCoordinatePermutation.c --setup /home/Jamie/HC4/lean/HC4_Lean_Canonical_Phase75_2/.lake/build/ir/HC4/Newton/TerminalCoordinatePermutation.setup.json --json",
   "level": "trace"},
  {"message":
   "HC4/Newton/TerminalCoordinatePermutation.lean:49:8: automatically included section variable(s) unused in theorem `HC4.Newton.terminalPermutePoint_apply`:\n  [Field K]\nconsider restructuring your `variable` declarations so that the variables are not in scope or explicitly omit them:\n  omit [Field K] in theorem ...\n\nNote: This linter can be disabled with `set_option linter.unusedSectionVars false`",
   "level": "warning"},
  {"message":
   "HC4/Newton/TerminalCoordinatePermutation.lean:57:0: automatically included section variable(s) unused in theorem `HC4.Newton.terminalPermutePoint_injective`:\n  [Field K]\nconsider restructuring your `variable` declarations so that the variables are not in scope or explicitly omit them:\n  omit [Field K] in theorem ...\n\nNote: This linter can be disabled with `set_option linter.unusedSectionVars false`",
   "level": "warning"},
  {"message":
   "HC4/Newton/TerminalCoordinatePermutation.lean:68:8: automatically included section variable(s) unused in theorem `HC4.Newton.terminalPermutePoint_symm_apply`:\n  [Field K]\nconsider restructuring your `variable` declarations so that the variables are not in scope or explicitly omit them:\n  omit [Field K] in theorem ...\n\nNote: This linter can be disabled with `set_option linter.unusedSectionVars false`",
   "level": "warning"}],
 "inputs":
 [["HC4.Newton.TerminalCoordinatePermutation:deps",
   [["deps",
     [["HC4Lean/HC4:extraDep", [["@HC4Lean:extraDep", "1723"]]],
      ["imports",
       [["HC4.Newton.TerminalOneZeroEndpoint transitive imports (legacy)",
         "6678554288963387557"],
        ["HC4.Newton.TerminalOneZeroEndpoint:importAllArts",
         "1241335585959308218"],
        ["Mathlib.Algebra.MvPolynomial.Rename transitive imports (legacy)",
         "16325282476368118291"],
        ["Mathlib.Algebra.MvPolynomial.Rename:importAllArts",
         "5198887509038907103"],
        ["Mathlib.LinearAlgebra.Matrix.Reindex transitive imports (legacy)",
         "8540972320934393352"],
        ["Mathlib.LinearAlgebra.Matrix.Reindex:importAllArts",
         "15468527060587502297"],
        ["Mathlib.Tactic transitive imports (legacy)", "9494613600595343154"],
        ["Mathlib.Tactic:importAllArts", "16845572214284678408"]]]]],
    ["libs",
     [["import dynlibs", "1723"],
      ["package external libraries", "1723"],
      ["module dynlibs", "1723"],
      ["module plugins", "1723"]]]]],
  ["Lean 4.24.0, commit 797c613eb9b6d4ec95db23e3e00af9ac6657f24b",
   "1165570713881806064"],
  ["/home/Jamie/HC4/lean/HC4_Lean_Canonical_Phase75_2/HC4/Newton/TerminalCoordinatePermutation.lean",
   "6792445348344849442"],
  ["options", "1723"],
  ["Module.leanArgs: #[]", "1723"]],
 "depHash": "10644780715246703417"}