{"synthetic": false,
 "outputs":
 {"o": ["2780586155011447916"],
  "i": "8233183559881111723",
  "c": "13106549968573605847"},
 "log":
 [{"message":
   ".> LEAN_PATH=/home/Jamie/HC4/lean/HC4_Lean_Canonical_Phase75_2/.lake/packages/Cli/.lake/build/lib/lean:/home/Jamie/HC4/lean/HC4_Lean_Canonical_Phase75_2/.lake/packages/batteries/.lake/build/lib/lean:/home/Jamie/HC4/lean/HC4_Lean_Canonical_Phase75_2/.lake/packages/Qq/.lake/build/lib/lean:/home/Jamie/HC4/lean/HC4_Lean_Canonical_Phase75_2/.lake/packages/aesop/.lake/build/lib/lean:/home/Jamie/HC4/lean/HC4_Lean_Canonical_Phase75_2/.lake/packages/proofwidgets/.lake/build/lib/lean:/home/Jamie/HC4/lean/HC4_Lean_Canonical_Phase75_2/.lake/packages/importGraph/.lake/build/lib/lean:/home/Jamie/HC4/lean/HC4_Lean_Canonical_Phase75_2/.lake/packages/LeanSearchClient/.lake/build/lib/lean:/home/Jamie/HC4/lean/HC4_Lean_Canonical_Phase75_2/.lake/packages/plausible/.lake/build/lib/lean:/home/Jamie/HC4/lean/HC4_Lean_Canonical_Phase75_2/.lake/packages/mathlib/.lake/build/lib/lean:/home/Jamie/HC4/lean/HC4_Lean_Canonical_Phase75_2/.lake/build/lib/lean /home/Jamie/.elan/toolchains/leanprover--lean4---v4.24.0/bin/lean /home/Jamie/HC4/lean/HC4_Lean_Canonical_Phase75_2/HC4/Newton/TerminalTwoZeroHessianSquare.lean -o /home/Jamie/HC4/lean/HC4_Lean_Canonical_Phase75_2/.lake/build/lib/lean/HC4/Newton/TerminalTwoZeroHessianSquare.olean -i /home/Jamie/HC4/lean/HC4_Lean_Canonical_Phase75_2/.lake/build/lib/lean/HC4/Newton/TerminalTwoZeroHessianSquare.ilean -c /home/Jamie/HC4/lean/HC4_Lean_Canonical_Phase75_2/.lake/build/ir/HC4/Newton/TerminalTwoZeroHessianSquare.c --setup /home/Jamie/HC4/lean/HC4_Lean_Canonical_Phase75_2/.lake/build/ir/HC4/Newton/TerminalTwoZeroHessianSquare.setup.json --json",
   "level": "trace"}],
 "inputs":
 [["HC4.Newton.TerminalTwoZeroHessianSquare:deps",
   [["deps",
     [["HC4Lean/HC4:extraDep", [["@HC4Lean:extraDep", "1723"]]],
      ["imports",
       [["HC4.Newton.TerminalTwoZeroDoublingForm transitive imports (legacy)",
         "18345191860595130538"],
        ["HC4.Newton.TerminalTwoZeroDoublingForm:importAllArts",
         "5410084762130293037"],
        ["HC4.Newton.TwoZeroBlockDeterminant transitive imports (legacy)",
         "7145059816537370266"],
        ["HC4.Newton.TwoZeroBlockDeterminant:importAllArts",
         "9704878775118867693"],
        ["HC4.Polynomial.HessianDeterminant transitive imports (legacy)",
         "8700561780243562330"],
        ["HC4.Polynomial.HessianDeterminant:importAllArts",
         "10634262758765125259"],
        ["HC4.Newton.CharZeroHessianKernelRigidity transitive imports (legacy)",
         "2244707596575463209"],
        ["HC4.Newton.CharZeroHessianKernelRigidity:importAllArts",
         "3116426795189905663"],
        ["Mathlib.Tactic transitive imports (legacy)", "9494613600595343154"],
        ["Mathlib.Tactic:importAllArts", "16845572214284678408"]]]]],
    ["libs",
     [["import dynlibs", "1723"],
      ["package external libraries", "1723"],
      ["module dynlibs", "1723"],
      ["module plugins", "1723"]]]]],
  ["Lean 4.24.0, commit 797c613eb9b6d4ec95db23e3e00af9ac6657f24b",
   "1165570713881806064"],
  ["/home/Jamie/HC4/lean/HC4_Lean_Canonical_Phase75_2/HC4/Newton/TerminalTwoZeroHessianSquare.lean",
   "6434432821374987361"],
  ["options", "1723"],
  ["Module.leanArgs: #[]", "1723"]],
 "depHash": "16589911230971461882"}