{"synthetic": false,
 "outputs":
 {"o": ["13767146055215871247"],
  "i": "2269193027268187477",
  "c": "12465185571310936190"},
 "log":
 [{"message":
   ".> LEAN_PATH=/home/Jamie/HC4/lean/HC4_Lean_Canonical_Phase75_4/.lake/packages/Cli/.lake/build/lib/lean:/home/Jamie/HC4/lean/HC4_Lean_Canonical_Phase75_4/.lake/packages/batteries/.lake/build/lib/lean:/home/Jamie/HC4/lean/HC4_Lean_Canonical_Phase75_4/.lake/packages/Qq/.lake/build/lib/lean:/home/Jamie/HC4/lean/HC4_Lean_Canonical_Phase75_4/.lake/packages/aesop/.lake/build/lib/lean:/home/Jamie/HC4/lean/HC4_Lean_Canonical_Phase75_4/.lake/packages/proofwidgets/.lake/build/lib/lean:/home/Jamie/HC4/lean/HC4_Lean_Canonical_Phase75_4/.lake/packages/importGraph/.lake/build/lib/lean:/home/Jamie/HC4/lean/HC4_Lean_Canonical_Phase75_4/.lake/packages/LeanSearchClient/.lake/build/lib/lean:/home/Jamie/HC4/lean/HC4_Lean_Canonical_Phase75_4/.lake/packages/plausible/.lake/build/lib/lean:/home/Jamie/HC4/lean/HC4_Lean_Canonical_Phase75_4/.lake/packages/mathlib/.lake/build/lib/lean:/home/Jamie/HC4/lean/HC4_Lean_Canonical_Phase75_4/.lake/build/lib/lean /home/Jamie/.elan/toolchains/leanprover--lean4---v4.24.0/bin/lean /home/Jamie/HC4/lean/HC4_Lean_Canonical_Phase75_4/HC4/Newton/ZeroSchurFirstEntryClock.lean -o /home/Jamie/HC4/lean/HC4_Lean_Canonical_Phase75_4/.lake/build/lib/lean/HC4/Newton/ZeroSchurFirstEntryClock.olean -i /home/Jamie/HC4/lean/HC4_Lean_Canonical_Phase75_4/.lake/build/lib/lean/HC4/Newton/ZeroSchurFirstEntryClock.ilean -c /home/Jamie/HC4/lean/HC4_Lean_Canonical_Phase75_4/.lake/build/ir/HC4/Newton/ZeroSchurFirstEntryClock.c --setup /home/Jamie/HC4/lean/HC4_Lean_Canonical_Phase75_4/.lake/build/ir/HC4/Newton/ZeroSchurFirstEntryClock.setup.json --json",
   "level": "trace"},
  {"message":
   "HC4/Newton/ZeroSchurFirstEntryClock.lean:487:0: automatically included section variable(s) unused in theorem `HC4.Newton.ExactZeroSchurClock.hasPositiveEntryLayer`:\n  [IsDomain R]\nconsider restructuring your `variable` declarations so that the variables are not in scope or explicitly omit them:\n  omit [IsDomain R] in theorem ...\n\nNote: This linter can be disabled with `set_option linter.unusedSectionVars false`",
   "level": "warning"},
  {"message":
   "HC4/Newton/ZeroSchurFirstEntryClock.lean:617:10: This simp argument is unused:\n  BinarySchurPolynomialSeries.determinant\n\nHint: Omit it from the simp argument list.\n  simp ̵[̵B̵i̵n̵a̵r̵y̵S̵c̵h̵u̵r̵P̵o̵l̵y̵n̵o̵m̵i̵a̵l̵S̵e̵r̵i̵e̵s̵.̵d̵e̵t̵e̵r̵m̵i̵n̵a̵n̵t̵]̵\n\nNote: This linter can be disabled with `set_option linter.unusedSimpArgs false`",
   "level": "warning"},
  {"message":
   "HC4/Newton/ZeroSchurFirstEntryClock.lean:643:1: automatically included section variable(s) unused in theorem `HC4.Newton.ExactRankOneSchurClockAt.hasTransverse`:\n  [IsDomain R]\nconsider restructuring your `variable` declarations so that the variables are not in scope or explicitly omit them:\n  omit [IsDomain R] in theorem ...\n\nNote: This linter can be disabled with `set_option linter.unusedSectionVars false`",
   "level": "warning"},
  {"message":
   "HC4/Newton/ZeroSchurFirstEntryClock.lean:727:5: unused variable `hres`\n\nNote: This linter can be disabled with `set_option linter.unusedVariables false`",
   "level": "warning"},
  {"message":
   "HC4/Newton/ZeroSchurFirstEntryClock.lean:761:5: unused variable `hres`\n\nNote: This linter can be disabled with `set_option linter.unusedVariables false`",
   "level": "warning"}],
 "inputs":
 [["HC4.Newton.ZeroSchurFirstEntryClock:deps",
   [["deps",
     [["HC4Lean/HC4:extraDep", [["@HC4Lean:extraDep", "1723"]]],
      ["imports",
       [["HC4.Newton.RankOneSchurSeriesAlignment transitive imports (legacy)",
         "5282030658294238045"],
        ["HC4.Newton.RankOneSchurSeriesAlignment:importAllArts",
         "13798201229932228683"],
        ["HC4.Newton.RankOneRepairProgress transitive imports (legacy)",
         "1245753186124212471"],
        ["HC4.Newton.RankOneRepairProgress:importAllArts",
         "11470652669987334442"],
        ["Mathlib.Tactic transitive imports (legacy)", "9494613600595343154"],
        ["Mathlib.Tactic:importAllArts", "16845572214284678408"]]]]],
    ["libs",
     [["import dynlibs", "1723"],
      ["package external libraries", "1723"],
      ["module dynlibs", "1723"],
      ["module plugins", "1723"]]]]],
  ["Lean 4.24.0, commit 797c613eb9b6d4ec95db23e3e00af9ac6657f24b",
   "1165570713881806064"],
  ["/home/Jamie/HC4/lean/HC4_Lean_Canonical_Phase75_4/HC4/Newton/ZeroSchurFirstEntryClock.lean",
   "16250602702368464683"],
  ["options", "1723"],
  ["Module.leanArgs: #[]", "1723"]],
 "depHash": "15783700690242438856"}