{"synthetic": false,
 "outputs":
 {"o": ["1328746974811191808"],
  "i": "12175566054706033218",
  "c": "8920374332234918701"},
 "log":
 [{"message":
   ".> LEAN_PATH=/home/Jamie/HC4/lean/HC4_Lean_Canonical_Phase75_2/.lake/packages/Cli/.lake/build/lib/lean:/home/Jamie/HC4/lean/HC4_Lean_Canonical_Phase75_2/.lake/packages/batteries/.lake/build/lib/lean:/home/Jamie/HC4/lean/HC4_Lean_Canonical_Phase75_2/.lake/packages/Qq/.lake/build/lib/lean:/home/Jamie/HC4/lean/HC4_Lean_Canonical_Phase75_2/.lake/packages/aesop/.lake/build/lib/lean:/home/Jamie/HC4/lean/HC4_Lean_Canonical_Phase75_2/.lake/packages/proofwidgets/.lake/build/lib/lean:/home/Jamie/HC4/lean/HC4_Lean_Canonical_Phase75_2/.lake/packages/importGraph/.lake/build/lib/lean:/home/Jamie/HC4/lean/HC4_Lean_Canonical_Phase75_2/.lake/packages/LeanSearchClient/.lake/build/lib/lean:/home/Jamie/HC4/lean/HC4_Lean_Canonical_Phase75_2/.lake/packages/plausible/.lake/build/lib/lean:/home/Jamie/HC4/lean/HC4_Lean_Canonical_Phase75_2/.lake/packages/mathlib/.lake/build/lib/lean:/home/Jamie/HC4/lean/HC4_Lean_Canonical_Phase75_2/.lake/build/lib/lean /home/Jamie/.elan/toolchains/leanprover--lean4---v4.24.0/bin/lean /home/Jamie/HC4/lean/HC4_Lean_Canonical_Phase75_2/HC4/RationalRigidity/ChartCertificates.lean -o /home/Jamie/HC4/lean/HC4_Lean_Canonical_Phase75_2/.lake/build/lib/lean/HC4/RationalRigidity/ChartCertificates.olean -i /home/Jamie/HC4/lean/HC4_Lean_Canonical_Phase75_2/.lake/build/lib/lean/HC4/RationalRigidity/ChartCertificates.ilean -c /home/Jamie/HC4/lean/HC4_Lean_Canonical_Phase75_2/.lake/build/ir/HC4/RationalRigidity/ChartCertificates.c --setup /home/Jamie/HC4/lean/HC4_Lean_Canonical_Phase75_2/.lake/build/ir/HC4/RationalRigidity/ChartCertificates.setup.json --json",
   "level": "trace"},
  {"message":
   "HC4/RationalRigidity/ChartCertificates.lean:80:34: Try `simp at h` instead of `simpa using h`\n\nNote: This linter can be disabled with `set_option linter.unnecessarySimpa false`",
   "level": "warning"},
  {"message":
   "HC4/RationalRigidity/ChartCertificates.lean:98:0: automatically included section variable(s) unused in theorem `HC4.RationalRigidity.identity_of_two_chart_cover`:\n  [Field K]\nconsider restructuring your `variable` declarations so that the variables are not in scope or explicitly omit them:\n  omit [Field K] in theorem ...\n\nNote: This linter can be disabled with `set_option linter.unusedSectionVars false`",
   "level": "warning"}],
 "inputs":
 [["HC4.RationalRigidity.ChartCertificates:deps",
   [["deps",
     [["HC4Lean/HC4:extraDep", [["@HC4Lean:extraDep", "1723"]]],
      ["imports",
       [["HC4.RationalRigidity.ReducedFractionAssembly transitive imports (legacy)",
         "7464076905077764910"],
        ["HC4.RationalRigidity.ReducedFractionAssembly:importAllArts",
         "8646362530020857808"],
        ["HC4.RationalRigidity.PoleRemovalAssembly transitive imports (legacy)",
         "7464076905077764910"],
        ["HC4.RationalRigidity.PoleRemovalAssembly:importAllArts",
         "14389917923707291821"]]]]],
    ["libs",
     [["import dynlibs", "1723"],
      ["package external libraries", "1723"],
      ["module dynlibs", "1723"],
      ["module plugins", "1723"]]]]],
  ["Lean 4.24.0, commit 797c613eb9b6d4ec95db23e3e00af9ac6657f24b",
   "1165570713881806064"],
  ["/home/Jamie/HC4/lean/HC4_Lean_Canonical_Phase75_2/HC4/RationalRigidity/ChartCertificates.lean",
   "10690062081710743239"],
  ["options", "1723"],
  ["Module.leanArgs: #[]", "1723"]],
 "depHash": "10771451521561139957"}