{"synthetic": false,
 "outputs":
 {"o": ["17595757624758731955"],
  "i": "16576462555557176542",
  "c": "11118145357217781032"},
 "log":
 [{"message":
   ".> LEAN_PATH=/home/Jamie/HC4/lean/HC4_Lean_Canonical_Phase75_2/.lake/packages/Cli/.lake/build/lib/lean:/home/Jamie/HC4/lean/HC4_Lean_Canonical_Phase75_2/.lake/packages/batteries/.lake/build/lib/lean:/home/Jamie/HC4/lean/HC4_Lean_Canonical_Phase75_2/.lake/packages/Qq/.lake/build/lib/lean:/home/Jamie/HC4/lean/HC4_Lean_Canonical_Phase75_2/.lake/packages/aesop/.lake/build/lib/lean:/home/Jamie/HC4/lean/HC4_Lean_Canonical_Phase75_2/.lake/packages/proofwidgets/.lake/build/lib/lean:/home/Jamie/HC4/lean/HC4_Lean_Canonical_Phase75_2/.lake/packages/importGraph/.lake/build/lib/lean:/home/Jamie/HC4/lean/HC4_Lean_Canonical_Phase75_2/.lake/packages/LeanSearchClient/.lake/build/lib/lean:/home/Jamie/HC4/lean/HC4_Lean_Canonical_Phase75_2/.lake/packages/plausible/.lake/build/lib/lean:/home/Jamie/HC4/lean/HC4_Lean_Canonical_Phase75_2/.lake/packages/mathlib/.lake/build/lib/lean:/home/Jamie/HC4/lean/HC4_Lean_Canonical_Phase75_2/.lake/build/lib/lean /home/Jamie/.elan/toolchains/leanprover--lean4---v4.24.0/bin/lean /home/Jamie/HC4/lean/HC4_Lean_Canonical_Phase75_2/HC4/RationalRigidity/LogarithmicInfinityCertificate.lean -o /home/Jamie/HC4/lean/HC4_Lean_Canonical_Phase75_2/.lake/build/lib/lean/HC4/RationalRigidity/LogarithmicInfinityCertificate.olean -i /home/Jamie/HC4/lean/HC4_Lean_Canonical_Phase75_2/.lake/build/lib/lean/HC4/RationalRigidity/LogarithmicInfinityCertificate.ilean -c /home/Jamie/HC4/lean/HC4_Lean_Canonical_Phase75_2/.lake/build/ir/HC4/RationalRigidity/LogarithmicInfinityCertificate.c --setup /home/Jamie/HC4/lean/HC4_Lean_Canonical_Phase75_2/.lake/build/ir/HC4/RationalRigidity/LogarithmicInfinityCertificate.setup.json --json",
   "level": "trace"},
  {"message":
   "HC4/RationalRigidity/LogarithmicInfinityCertificate.lean:164:5: unused variable `hN`\n\nNote: This linter can be disabled with `set_option linter.unusedVariables false`",
   "level": "warning"},
  {"message":
   "HC4/RationalRigidity/LogarithmicInfinityCertificate.lean:164:18: unused variable `hD`\n\nNote: This linter can be disabled with `set_option linter.unusedVariables false`",
   "level": "warning"},
  {"message":
   "HC4/RationalRigidity/LogarithmicInfinityCertificate.lean:214:12: This simp argument is unused:\n  D\n\nHint: Omit it from the simp argument list.\n  simp [D̵,̵ ̵logarithmicSourceDenominator, canonicalReducedDenominator,\n  ̵  ̵ ̵ ̵ ̵ ̵ ̵ ̵polynomialPairRatFunc,\n  ̲  ̲ ̲ ̲ ̲ ̲ ̲ ̲HC4.Polynomial.eulerDerivative] at hSourceDegree\n\nNote: This linter can be disabled with `set_option linter.unusedSimpArgs false`",
   "level": "warning"},
  {"message":
   "HC4/RationalRigidity/LogarithmicInfinityCertificate.lean:311:0: automatically included section variable(s) unused in theorem `HC4.RationalRigidity.rankThreeEtaNumerator_eq_zero_of_endpoint_core_det_zero`:\n  [CharZero K]\nconsider restructuring your `variable` declarations so that the variables are not in scope or explicitly omit them:\n  omit [CharZero K] in theorem ...\n\nNote: This linter can be disabled with `set_option linter.unusedSectionVars false`",
   "level": "warning"}],
 "inputs":
 [["HC4.RationalRigidity.LogarithmicInfinityCertificate:deps",
   [["deps",
     [["HC4Lean/HC4:extraDep", [["@HC4Lean:extraDep", "1723"]]],
      ["imports",
       [["HC4.RationalRigidity.RankThreeReducedTarget transitive imports (legacy)",
         "5350467351157161667"],
        ["HC4.RationalRigidity.RankThreeReducedTarget:importAllArts",
         "5573938870056012603"],
        ["HC4.Polynomial.AutonomousODEQuadraticRigidity transitive imports (legacy)",
         "18151051430886925687"],
        ["HC4.Polynomial.AutonomousODEQuadraticRigidity:importAllArts",
         "8174759199749953907"],
        ["Mathlib.FieldTheory.RatFunc.Degree transitive imports (legacy)",
         "7751493369366829277"],
        ["Mathlib.FieldTheory.RatFunc.Degree:importAllArts",
         "6625738403743126723"],
        ["Mathlib.Algebra.Polynomial.Degree.Lemmas transitive imports (legacy)",
         "13135470891650980569"],
        ["Mathlib.Algebra.Polynomial.Degree.Lemmas:importAllArts",
         "8492994522864446504"],
        ["Mathlib.Algebra.Polynomial.Degree.Monomial transitive imports (legacy)",
         "15718167115109430745"],
        ["Mathlib.Algebra.Polynomial.Degree.Monomial:importAllArts",
         "10485070665062477615"],
        ["Mathlib.Tactic transitive imports (legacy)", "9494613600595343154"],
        ["Mathlib.Tactic:importAllArts", "16845572214284678408"]]]]],
    ["libs",
     [["import dynlibs", "1723"],
      ["package external libraries", "1723"],
      ["module dynlibs", "1723"],
      ["module plugins", "1723"]]]]],
  ["Lean 4.24.0, commit 797c613eb9b6d4ec95db23e3e00af9ac6657f24b",
   "1165570713881806064"],
  ["/home/Jamie/HC4/lean/HC4_Lean_Canonical_Phase75_2/HC4/RationalRigidity/LogarithmicInfinityCertificate.lean",
   "12098255423669875370"],
  ["options", "1723"],
  ["Module.leanArgs: #[]", "1723"]],
 "depHash": "7700725587827210166"}