{"synthetic": false,
 "outputs":
 {"o": ["937106443362400160"],
  "i": "5515124558054511410",
  "c": "1488104698791236147"},
 "log":
 [{"message":
   ".> LEAN_PATH=/home/Jamie/HC4/lean/HC4_Lean_Canonical_Phase75_2/.lake/packages/Cli/.lake/build/lib/lean:/home/Jamie/HC4/lean/HC4_Lean_Canonical_Phase75_2/.lake/packages/batteries/.lake/build/lib/lean:/home/Jamie/HC4/lean/HC4_Lean_Canonical_Phase75_2/.lake/packages/Qq/.lake/build/lib/lean:/home/Jamie/HC4/lean/HC4_Lean_Canonical_Phase75_2/.lake/packages/aesop/.lake/build/lib/lean:/home/Jamie/HC4/lean/HC4_Lean_Canonical_Phase75_2/.lake/packages/proofwidgets/.lake/build/lib/lean:/home/Jamie/HC4/lean/HC4_Lean_Canonical_Phase75_2/.lake/packages/importGraph/.lake/build/lib/lean:/home/Jamie/HC4/lean/HC4_Lean_Canonical_Phase75_2/.lake/packages/LeanSearchClient/.lake/build/lib/lean:/home/Jamie/HC4/lean/HC4_Lean_Canonical_Phase75_2/.lake/packages/plausible/.lake/build/lib/lean:/home/Jamie/HC4/lean/HC4_Lean_Canonical_Phase75_2/.lake/packages/mathlib/.lake/build/lib/lean:/home/Jamie/HC4/lean/HC4_Lean_Canonical_Phase75_2/.lake/build/lib/lean /home/Jamie/.elan/toolchains/leanprover--lean4---v4.24.0/bin/lean /home/Jamie/HC4/lean/HC4_Lean_Canonical_Phase75_2/HC4/RationalRigidity/RankThreeInfinityAssembly.lean -o /home/Jamie/HC4/lean/HC4_Lean_Canonical_Phase75_2/.lake/build/lib/lean/HC4/RationalRigidity/RankThreeInfinityAssembly.olean -i /home/Jamie/HC4/lean/HC4_Lean_Canonical_Phase75_2/.lake/build/lib/lean/HC4/RationalRigidity/RankThreeInfinityAssembly.ilean -c /home/Jamie/HC4/lean/HC4_Lean_Canonical_Phase75_2/.lake/build/ir/HC4/RationalRigidity/RankThreeInfinityAssembly.c --setup /home/Jamie/HC4/lean/HC4_Lean_Canonical_Phase75_2/.lake/build/ir/HC4/RationalRigidity/RankThreeInfinityAssembly.setup.json --json",
   "level": "trace"},
  {"message":
   "HC4/RationalRigidity/RankThreeInfinityAssembly.lean:117:0: automatically included section variable(s) unused in theorem `HC4.RationalRigidity.phi_natDegree_pos_of_logarithmicSourceDenominator_pos`:\n  [CharZero K]\nconsider restructuring your `variable` declarations so that the variables are not in scope or explicitly omit them:\n  omit [CharZero K] in theorem ...\n\nNote: This linter can be disabled with `set_option linter.unusedSectionVars false`",
   "level": "warning"},
  {"message":
   "HC4/RationalRigidity/RankThreeInfinityAssembly.lean:280:0: automatically included section variable(s) unused in theorem `HC4.RationalRigidity.rankThree_polynomial_autonomous_equation_of_constant_denominator`:\n  [CharZero K]\nconsider restructuring your `variable` declarations so that the variables are not in scope or explicitly omit them:\n  omit [CharZero K] in theorem ...\n\nNote: This linter can be disabled with `set_option linter.unusedSectionVars false`",
   "level": "warning"}],
 "inputs":
 [["HC4.RationalRigidity.RankThreeInfinityAssembly:deps",
   [["deps",
     [["HC4Lean/HC4:extraDep", [["@HC4Lean:extraDep", "1723"]]],
      ["imports",
       [["HC4.RationalRigidity.ClearedInfinityEvaluation transitive imports (legacy)",
         "16961214558397872554"],
        ["HC4.RationalRigidity.ClearedInfinityEvaluation:importAllArts",
         "9210959386771620606"],
        ["HC4.RationalRigidity.RankThreeReducedTarget transitive imports (legacy)",
         "5350467351157161667"],
        ["HC4.RationalRigidity.RankThreeReducedTarget:importAllArts",
         "5573938870056012603"],
        ["Mathlib.Tactic transitive imports (legacy)", "9494613600595343154"],
        ["Mathlib.Tactic:importAllArts", "16845572214284678408"],
        ["HC4.Newton.LexicographicRefinement transitive imports (legacy)",
         "12786154501614258447"],
        ["HC4.Newton.LexicographicRefinement:importAllArts",
         "17793814149797947842"],
        ["HC4.Newton.LexicographicInitialForm transitive imports (legacy)",
         "7182825844130215145"],
        ["HC4.Newton.LexicographicInitialForm:importAllArts",
         "7836437867824031761"],
        ["HC4.Newton.IteratedRefinement transitive imports (legacy)",
         "13020679479682948810"],
        ["HC4.Newton.IteratedRefinement:importAllArts", "9745504796111167971"],
        ["HC4.Newton.BinarySchurPivot transitive imports (legacy)",
         "14613653263538193601"],
        ["HC4.Newton.BinarySchurPivot:importAllArts", "2525401386222383896"],
        ["HC4.Newton.FirstSchurEntry transitive imports (legacy)",
         "4116601544233523676"],
        ["HC4.Newton.FirstSchurEntry:importAllArts", "813670701980794128"],
        ["HC4.Newton.FirstSchurDeterminantOrder transitive imports (legacy)",
         "13306478360837988866"],
        ["HC4.Newton.FirstSchurDeterminantOrder:importAllArts",
         "16798249143272474036"],
        ["HC4.Newton.RankTwoFourBlockSchur transitive imports (legacy)",
         "703129716897795783"],
        ["HC4.Newton.RankTwoFourBlockSchur:importAllArts",
         "12897779293736848840"],
        ["HC4.Newton.RankTwoReesSchurEntry transitive imports (legacy)",
         "15692313598553552553"],
        ["HC4.Newton.RankTwoReesSchurEntry:importAllArts",
         "7267303126551742789"],
        ["HC4.Newton.BinaryPivotGeometry transitive imports (legacy)",
         "4116601544233523676"],
        ["HC4.Newton.BinaryPivotGeometry:importAllArts", "4434482862861309048"],
        ["HC4.Newton.FixedKernelHessian transitive imports (legacy)",
         "16774848072329137478"],
        ["HC4.Newton.FixedKernelHessian:importAllArts", "2943944991283933489"],
        ["HC4.Newton.TransverseSupportRigidity transitive imports (legacy)",
         "14764942985664078634"],
        ["HC4.Newton.TransverseSupportRigidity:importAllArts",
         "3784230691783046674"],
        ["HC4.Newton.CharZeroHessianKernelRigidity transitive imports (legacy)",
         "2244707596575463209"],
        ["HC4.Newton.CharZeroHessianKernelRigidity:importAllArts",
         "3116426795189905663"],
        ["HC4.Newton.AxisHomogeneousNormalForm transitive imports (legacy)",
         "13897101521313865279"],
        ["HC4.Newton.AxisHomogeneousNormalForm:importAllArts",
         "13091237962955691766"],
        ["HC4.Newton.DirectionalCoefficientRecurrence transitive imports (legacy)",
         "2268348310049686218"],
        ["HC4.Newton.DirectionalCoefficientRecurrence:importAllArts",
         "17391280462652703891"],
        ["HC4.Newton.FiniteDirectionalRecurrence transitive imports (legacy)",
         "9613987534434442844"],
        ["HC4.Newton.FiniteDirectionalRecurrence:importAllArts",
         "4083454465755213017"],
        ["HC4.Newton.LinearPowerRecurrence transitive imports (legacy)",
         "149530339818691998"],
        ["HC4.Newton.LinearPowerRecurrence:importAllArts",
         "4237436358964670283"],
        ["HC4.Newton.LinearPowerRecurrenceClassification transitive imports (legacy)",
         "17777215947296733932"],
        ["HC4.Newton.LinearPowerRecurrenceClassification:importAllArts",
         "777120092193482852"],
        ["HC4.Newton.TransverseSliceClassification transitive imports (legacy)",
         "12627683785699477748"],
        ["HC4.Newton.TransverseSliceClassification:importAllArts",
         "11427112098146827167"],
        ["HC4.Newton.LinearPowerPacketNormalForm transitive imports (legacy)",
         "13021886471788982978"],
        ["HC4.Newton.LinearPowerPacketNormalForm:importAllArts",
         "17031217154213115447"],
        ["HC4.Newton.RankTwoHomogeneousPacketClassification transitive imports (legacy)",
         "4287476616275936613"],
        ["HC4.Newton.RankTwoHomogeneousPacketClassification:importAllArts",
         "14636787996378674533"],
        ["HC4.Newton.RankOnePersistentPacket transitive imports (legacy)",
         "5142584506131792542"],
        ["HC4.Newton.RankOnePersistentPacket:importAllArts",
         "209575599783330155"],
        ["HC4.Newton.RankOnePacketQuadratic transitive imports (legacy)",
         "9684867661801721215"],
        ["HC4.Newton.RankOnePacketQuadratic:importAllArts",
         "10315524644919150356"],
        ["HC4.Newton.RankOnePacketReentry transitive imports (legacy)",
         "5148005340254711097"],
        ["HC4.Newton.RankOnePacketReentry:importAllArts",
         "12195704194575551371"],
        ["HC4.Newton.FiniteRepairTermination transitive imports (legacy)",
         "4499126019480959254"],
        ["HC4.Newton.FiniteRepairTermination:importAllArts",
         "4942703200840320395"],
        ["HC4.Newton.RankOneRepairProgress transitive imports (legacy)",
         "1245753186124212471"],
        ["HC4.Newton.RankOneRepairProgress:importAllArts",
         "11470652669987334442"],
        ["HC4.Newton.RankTwoRepairTerminal transitive imports (legacy)",
         "8609494098934508755"],
        ["HC4.Newton.RankTwoRepairTerminal:importAllArts",
         "16737502816737174327"],
        ["HC4.Newton.SmithCollisionQuadraticRankOne transitive imports (legacy)",
         "14578892411482211380"],
        ["HC4.Newton.SmithCollisionQuadraticRankOne:importAllArts",
         "13073522574077284949"],
        ["HC4.Newton.SmithGradeArithmetic transitive imports (legacy)",
         "73894015433754824"],
        ["HC4.Newton.SmithGradeArithmetic:importAllArts", "797160955906007767"],
        ["HC4.Newton.SmithExtremeBalance transitive imports (legacy)",
         "8613070341372449473"],
        ["HC4.Newton.SmithExtremeBalance:importAllArts", "7579583470880385255"],
        ["HC4.Newton.FiniteValuationTilt transitive imports (legacy)",
         "12873520195720749420"],
        ["HC4.Newton.FiniteValuationTilt:importAllArts", "5860093173894211444"],
        ["HC4.Newton.SmithValuationTiltAdapter transitive imports (legacy)",
         "17939468335233058066"],
        ["HC4.Newton.SmithValuationTiltAdapter:importAllArts",
         "5484344091322970956"],
        ["HC4.Newton.SmithPoleMinimality transitive imports (legacy)",
         "3357095122129357713"],
        ["HC4.Newton.SmithPoleMinimality:importAllArts",
         "10945112194012662111"],
        ["HC4.Newton.SmithFiniteBalanceClosure transitive imports (legacy)",
         "17477091108835870733"],
        ["HC4.Newton.SmithFiniteBalanceClosure:importAllArts",
         "17494967312343152115"],
        ["HC4.Newton.ExactCollisionFirstWall transitive imports (legacy)",
         "1231726812084396053"],
        ["HC4.Newton.ExactCollisionFirstWall:importAllArts",
         "6272023789436888694"],
        ["HC4.Newton.SmithFirstWallTransverse transitive imports (legacy)",
         "6159823194049469163"],
        ["HC4.Newton.SmithFirstWallTransverse:importAllArts",
         "1319132329415551800"],
        ["HC4.Newton.SmithFirstWallLongitudinal transitive imports (legacy)",
         "11832541211396730924"],
        ["HC4.Newton.SmithFirstWallLongitudinal:importAllArts",
         "12930185923910191891"],
        ["HC4.Newton.SmithFirstWallGradeClassification transitive imports (legacy)",
         "7993791083031198136"],
        ["HC4.Newton.SmithFirstWallGradeClassification:importAllArts",
         "7457888977754461474"],
        ["HC4.Newton.SmithSymmetricBalanceRefinement transitive imports (legacy)",
         "15130044710054129315"],
        ["HC4.Newton.SmithSymmetricBalanceRefinement:importAllArts",
         "3507320601251980894"],
        ["HC4.Newton.SmithRefinedFaceRankOnePacket transitive imports (legacy)",
         "9989770567511640469"],
        ["HC4.Newton.SmithRefinedFaceRankOnePacket:importAllArts",
         "11949232409471930136"],
        ["HC4.Newton.SmithRefinedFacePolynomial transitive imports (legacy)",
         "7816611312834943049"],
        ["HC4.Newton.SmithRefinedFacePolynomial:importAllArts",
         "14500384328885865922"],
        ["HC4.Newton.RankOnePacketExactCollision transitive imports (legacy)",
         "17588096935197209350"],
        ["HC4.Newton.RankOnePacketExactCollision:importAllArts",
         "14575646327197355285"],
        ["HC4.Valuation.PolynomialFamilyCollisionSpecialFiber transitive imports (legacy)",
         "6300989599222977597"],
        ["HC4.Valuation.PolynomialFamilyCollisionSpecialFiber:importAllArts",
         "13555769041714067271"],
        ["HC4.Newton.PreterminalFirstDeparture transitive imports (legacy)",
         "1245753186124212471"],
        ["HC4.Newton.PreterminalFirstDeparture:importAllArts",
         "3996608192632831457"],
        ["HC4.Newton.MixedDepartureAdapter transitive imports (legacy)",
         "18244027623441104961"],
        ["HC4.Newton.MixedDepartureAdapter:importAllArts",
         "1530091796951531129"],
        ["HC4.Newton.TerminalConformalWeight transitive imports (legacy)",
         "14502701270290057318"],
        ["HC4.Newton.TerminalConformalWeight:importAllArts",
         "16677506366852102659"],
        ["HC4.Newton.TerminalQuadraticHessian transitive imports (legacy)",
         "16358874456687752008"],
        ["HC4.Newton.TerminalQuadraticHessian:importAllArts",
         "4165488938948252065"],
        ["HC4.Newton.TerminalActualHessian transitive imports (legacy)",
         "3452525733502953235"],
        ["HC4.Newton.TerminalActualHessian:importAllArts",
         "16478756350161266705"],
        ["HC4.Newton.TerminalConformalFace transitive imports (legacy)",
         "12532375938387009152"],
        ["HC4.Newton.TerminalConformalFace:importAllArts",
         "9727537133953652724"],
        ["HC4.Newton.TerminalCollision transitive imports (legacy)",
         "3747583393068175016"],
        ["HC4.Newton.TerminalCollision:importAllArts", "1792715331740529157"],
        ["HC4.Newton.TerminalScalarGradient transitive imports (legacy)",
         "12312609900769491423"],
        ["HC4.Newton.TerminalScalarGradient:importAllArts",
         "5380343036295235623"],
        ["HC4.Newton.TerminalCenteredWeights transitive imports (legacy)",
         "7770139640257263518"],
        ["HC4.Newton.TerminalCenteredWeights:importAllArts",
         "6331984608154100151"],
        ["HC4.Newton.TerminalDirectRankJumpReduction transitive imports (legacy)",
         "15465296624097337653"],
        ["HC4.Newton.TerminalDirectRankJumpReduction:importAllArts",
         "12904232971768135756"],
        ["HC4.Newton.TerminalWeightPermutation transitive imports (legacy)",
         "3751341113178330878"],
        ["HC4.Newton.TerminalWeightPermutation:importAllArts",
         "13724707943208718379"],
        ["HC4.Newton.TerminalNonnegativeWeights transitive imports (legacy)",
         "9587141163973733771"],
        ["HC4.Newton.TerminalNonnegativeWeights:importAllArts",
         "8307993015115079964"],
        ["HC4.PlanarJC2Interface transitive imports (legacy)",
         "1715597322141521789"],
        ["HC4.PlanarJC2Interface:importAllArts", "16898145696406719838"],
        ["HC4.PlanarDoublingInjectivity transitive imports (legacy)",
         "1966842061162550401"],
        ["HC4.PlanarDoublingInjectivity:importAllArts", "2479375086443977817"],
        ["HC4.Newton.TerminalTwoZeroPattern transitive imports (legacy)",
         "15739903845192519844"],
        ["HC4.Newton.TerminalTwoZeroPattern:importAllArts",
         "14163068914959871338"],
        ["HC4.Newton.TerminalTwoZeroSupport transitive imports (legacy)",
         "13622908167385166039"],
        ["HC4.Newton.TerminalTwoZeroSupport:importAllArts",
         "1896231072269397762"],
        ["HC4.Newton.TerminalTwoZeroDoublingForm transitive imports (legacy)",
         "18345191860595130538"],
        ["HC4.Newton.TerminalTwoZeroDoublingForm:importAllArts",
         "5410084762130293037"],
        ["HC4.Newton.TerminalTwoZeroEndpointInterface transitive imports (legacy)",
         "3328156350056769129"],
        ["HC4.Newton.TerminalTwoZeroEndpointInterface:importAllArts",
         "6187176062927646031"],
        ["HC4.Newton.TerminalTwoZeroPlanarisation transitive imports (legacy)",
         "1361848352712020689"],
        ["HC4.Newton.TerminalTwoZeroPlanarisation:importAllArts",
         "701414385835714758"],
        ["HC4.Newton.TwoZeroBlockDeterminant transitive imports (legacy)",
         "7145059816537370266"],
        ["HC4.Newton.TwoZeroBlockDeterminant:importAllArts",
         "9704878775118867693"],
        ["HC4.Newton.TerminalTwoZeroHessianSquare transitive imports (legacy)",
         "3941731338651754361"],
        ["HC4.Newton.TerminalTwoZeroHessianSquare:importAllArts",
         "17471654365721224931"],
        ["HC4.Newton.TerminalTwoZeroKellerReduction transitive imports (legacy)",
         "13294961786571124097"],
        ["HC4.Newton.TerminalTwoZeroKellerReduction:importAllArts",
         "14020147561750372989"],
        ["HC4.PlanarJacobianEvaluation transitive imports (legacy)",
         "6601319506013684528"],
        ["HC4.PlanarJacobianEvaluation:importAllArts", "6646630939065788932"],
        ["HC4.Newton.TerminalTwoZeroGradientConjugacy transitive imports (legacy)",
         "10767747736379071989"],
        ["HC4.Newton.TerminalTwoZeroGradientConjugacy:importAllArts",
         "6558618318394858517"],
        ["HC4.Newton.TerminalTwoZeroJC2Endpoint transitive imports (legacy)",
         "8800922619004813358"],
        ["HC4.Newton.TerminalTwoZeroJC2Endpoint:importAllArts",
         "12023786070896113950"],
        ["HC4.Newton.TerminalPermutedGradient transitive imports (legacy)",
         "5916068403356449866"],
        ["HC4.Newton.TerminalPermutedGradient:importAllArts",
         "9440509996225371556"],
        ["HC4.Newton.PositiveWeightTriangularSupport transitive imports (legacy)",
         "4296170451847716149"],
        ["HC4.Newton.PositiveWeightTriangularSupport:importAllArts",
         "8284201708269065257"],
        ["HC4.Newton.TerminalPositiveWeightTriangularReduction transitive imports (legacy)",
         "8298308384678028776"],
        ["HC4.Newton.TerminalPositiveWeightTriangularReduction:importAllArts",
         "9811235631276898858"],
        ["HC4.Newton.TerminalPositiveWeightLinearBlocks transitive imports (legacy)",
         "12303638320922653617"],
        ["HC4.Newton.TerminalPositiveWeightLinearBlocks:importAllArts",
         "1629677838941967930"],
        ["HC4.Newton.TerminalPositiveWeightRecursiveCertificate transitive imports (legacy)",
         "15805006098939053035"],
        ["HC4.Newton.TerminalPositiveWeightRecursiveCertificate:importAllArts",
         "12393872940566722886"],
        ["HC4.Newton.PositiveWeightTriangularEvaluation transitive imports (legacy)",
         "15439872626394947089"],
        ["HC4.Newton.PositiveWeightTriangularEvaluation:importAllArts",
         "11665760252468509533"],
        ["HC4.Newton.TerminalPositiveWeightEndpoint transitive imports (legacy)",
         "1299317515845112184"],
        ["HC4.Newton.TerminalPositiveWeightEndpoint:importAllArts",
         "16353019288804444381"],
        ["HC4.Newton.TerminalOneZeroPattern transitive imports (legacy)",
         "15739903845192519844"],
        ["HC4.Newton.TerminalOneZeroPattern:importAllArts",
         "16239418508530888182"],
        ["HC4.Newton.TerminalOneZeroSupport transitive imports (legacy)",
         "4700011048013451691"],
        ["HC4.Newton.TerminalOneZeroSupport:importAllArts",
         "9606402511457156069"],
        ["HC4.Newton.OneZeroBlockDeterminant transitive imports (legacy)",
         "7145059816537370266"],
        ["HC4.Newton.OneZeroBlockDeterminant:importAllArts",
         "4522108593026539531"],
        ["HC4.Newton.TerminalOneZeroHessianFactor transitive imports (legacy)",
         "3841847924084919210"],
        ["HC4.Newton.TerminalOneZeroHessianFactor:importAllArts",
         "4810148568264751714"],
        ["HC4.Newton.TerminalOneZeroAffineRecovery transitive imports (legacy)",
         "1356759277144565809"],
        ["HC4.Newton.TerminalOneZeroAffineRecovery:importAllArts",
         "2721367944179997367"],
        ["HC4.Newton.TerminalOneZeroTransverseConstant transitive imports (legacy)",
         "14464769112316094674"],
        ["HC4.Newton.TerminalOneZeroTransverseConstant:importAllArts",
         "16290983971508929955"],
        ["HC4.Newton.TerminalOneZeroPlanarFibre transitive imports (legacy)",
         "3200876679881062140"],
        ["HC4.Newton.TerminalOneZeroPlanarFibre:importAllArts",
         "1315012358808494124"],
        ["HC4.Newton.TerminalOneZeroAmbientDecoupling transitive imports (legacy)",
         "3794578134883795041"],
        ["HC4.Newton.TerminalOneZeroAmbientDecoupling:importAllArts",
         "16148822343278110278"],
        ["HC4.Newton.TerminalOneZeroEndpoint transitive imports (legacy)",
         "6678554288963387557"],
        ["HC4.Newton.TerminalOneZeroEndpoint:importAllArts",
         "1241335585959308218"],
        ["HC4.Newton.TerminalCoordinatePermutation transitive imports (legacy)",
         "13420043019570465354"],
        ["HC4.Newton.TerminalCoordinatePermutation:importAllArts",
         "3157754735740401310"]]]]],
    ["libs",
     [["import dynlibs", "1723"],
      ["package external libraries", "1723"],
      ["module dynlibs", "1723"],
      ["module plugins", "1723"]]]]],
  ["Lean 4.24.0, commit 797c613eb9b6d4ec95db23e3e00af9ac6657f24b",
   "1165570713881806064"],
  ["/home/Jamie/HC4/lean/HC4_Lean_Canonical_Phase75_2/HC4/RationalRigidity/RankThreeInfinityAssembly.lean",
   "1483023146034072124"],
  ["options", "1723"],
  ["Module.leanArgs: #[]", "1723"]],
 "depHash": "5529749409400416797"}